08-26 16:59:53.284   529   563 D BatteryStatsImpl: Got freq readings for an isolated uid with no mapping: 99018
08-26 16:59:53.284   529   563 D BatteryStatsImpl: Got freq readings for an isolated uid with no mapping: 99019
08-26 16:59:53.284   529   563 D BatteryStatsImpl: Got freq readings for an isolated uid with no mapping: 99020
08-26 16:59:53.284   529   563 D BatteryStatsImpl: Got freq readings for an isolated uid with no mapping: 99021
08-26 16:59:53.286   529   563 D BatteryStatsImpl: Got freq readings for an isolated uid with no mapping: 99022
08-26 16:59:53.286   529   563 D BatteryStatsImpl: Got freq readings for an isolated uid with no mapping: 99023
08-26 16:59:53.286   529   563 D BatteryStatsImpl: Got freq readings for an isolated uid with no mapping: 99024
08-26 16:59:53.286   529   563 D BatteryStatsImpl: Got freq readings for an isolated uid with no mapping: 99025
08-26 16:59:53.288   529   563 W BatteryStatsImpl: Got active times for an isolated uid with no mapping: 99000
08-26 16:59:53.288   529   563 W BatteryStatsImpl: Got active times for an isolated uid with no mapping: 99001
08-26 16:59:53.288   529   563 W BatteryStatsImpl: Got active times for an isolated uid with no mapping: 99002
08-26 16:59:53.288   529   563 W BatteryStatsImpl: Got active times for an isolated uid with no mapping: 99003
08-26 16:59:53.289   529   563 W BatteryStatsImpl: Got active times for an isolated uid with no mapping: 99004
08-26 16:59:53.289   529   563 W BatteryStatsImpl: Got active times for an isolated uid with no mapping: 99005
08-26 16:59:53.289   529   563 W BatteryStatsImpl: Got active times for an isolated uid with no mapping: 99006
08-26 16:59:53.289   529   563 W BatteryStatsImpl: Got active times for an isolated uid with no mapping: 99007
08-26 16:59:53.290   529   563 W BatteryStatsImpl: Got active times for an isolated uid with no mapping: 99008
08-26 16:59:53.290   529   563 W BatteryStatsImpl: Got active times for an isolated uid with no mapping: 99009
08-26 16:59:53.290   529   563 W BatteryStatsImpl: Got active times for an isolated uid with no mapping: 99010
08-26 16:59:53.290   529   563 W BatteryStatsImpl: Got active times for an isolated uid with no mapping: 99011
08-26 16:59:53.290   529   563 W BatteryStatsImpl: Got active times for an isolated uid with no mapping: 99012
08-26 16:59:53.291   529   563 W BatteryStatsImpl: Got active times for an isolated uid with no mapping: 99013
08-26 16:59:53.291   529   563 W BatteryStatsImpl: Got active times for an isolated uid with no mapping: 99014
08-26 16:59:53.291   529   563 W BatteryStatsImpl: Got active times for an isolated uid with no mapping: 99015
08-26 16:59:53.292   529   563 W BatteryStatsImpl: Got active times for an isolated uid with no mapping: 99016
08-26 16:59:53.292   529   563 W BatteryStatsImpl: Got active times for an isolated uid with no mapping: 99017
08-26 16:59:53.292   529   563 W BatteryStatsImpl: Got active times for an isolated uid with no mapping: 99018
08-26 16:59:53.292   529   563 W BatteryStatsImpl: Got active times for an isolated uid with no mapping: 99019
08-26 16:59:53.292   529   563 W BatteryStatsImpl: Got active times for an isolated uid with no mapping: 99020
08-26 16:59:53.292   529   563 W BatteryStatsImpl: Got active times for an isolated uid with no mapping: 99021
08-26 16:59:53.292   529   563 W BatteryStatsImpl: Got active times for an isolated uid with no mapping: 99022
08-26 16:59:53.293   529   563 W BatteryStatsImpl: Got active times for an isolated uid with no mapping: 99023
08-26 16:59:53.293   529   563 W BatteryStatsImpl: Got active times for an isolated uid with no mapping: 99024
08-26 16:59:53.293   529   563 W BatteryStatsImpl: Got active times for an isolated uid with no mapping: 99025
08-26 16:59:53.295   529   563 W BatteryStatsImpl: Got cluster times for an isolated uid with no mapping: 99000
08-26 16:59:53.296   529   563 W BatteryStatsImpl: Got cluster times for an isolated uid with no mapping: 99001
08-26 16:59:53.296   529   563 W BatteryStatsImpl: Got cluster times for an isolated uid with no mapping: 99002
08-26 16:59:53.296   529   563 W BatteryStatsImpl: Got cluster times for an isolated uid with no mapping: 99003
08-26 16:59:53.296   529   563 W BatteryStatsImpl: Got cluster times for an isolated uid with no mapping: 99004
08-26 16:59:53.296   529   563 W BatteryStatsImpl: Got cluster times for an isolated uid with no mapping: 99005
08-26 16:59:53.297   529   563 W BatteryStatsImpl: Got cluster times for an isolated uid with no mapping: 99006
08-26 16:59:53.297   529   563 W BatteryStatsImpl: Got cluster times for an isolated uid with no mapping: 99007
08-26 16:59:53.297   529   563 W BatteryStatsImpl: Got cluster times for an isolated uid with no mapping: 99008
08-26 16:59:53.297   529   563 W BatteryStatsImpl: Got cluster times for an isolated uid with no mapping: 99009
08-26 16:59:53.297   529   563 W BatteryStatsImpl: Got cluster times for an isolated uid with no mapping: 99010
08-26 16:59:53.297   529   563 W BatteryStatsImpl: Got cluster times for an isolated uid with no mapping: 99011
08-26 16:59:53.298   529   563 W BatteryStatsImpl: Got cluster times for an isolated uid with no mapping: 99012
08-26 16:59:53.298   529   563 W BatteryStatsImpl: Got cluster times for an isolated uid with no mapping: 99013
08-26 16:59:53.298   529   563 W BatteryStatsImpl: Got cluster times for an isolated uid with no mapping: 99014
08-26 16:59:53.299   529   563 W BatteryStatsImpl: Got cluster times for an isolated uid with no mapping: 99015
08-26 16:59:53.299   529   563 W BatteryStatsImpl: Got cluster times for an isolated uid with no mapping: 99016
08-26 16:59:53.299   529   563 W BatteryStatsImpl: Got cluster times for an isolated uid with no mapping: 99017
08-26 16:59:53.299   529   563 W BatteryStatsImpl: Got cluster times for an isolated uid with no mapping: 99018
08-26 16:59:53.299   529   563 W BatteryStatsImpl: Got cluster times for an isolated uid with no mapping: 99019
08-26 16:59:53.299   529   563 W BatteryStatsImpl: Got cluster times for an isolated uid with no mapping: 99020
08-26 16:59:53.299   529   563 W BatteryStatsImpl: Got cluster times for an isolated uid with no mapping: 99021
08-26 16:59:53.299   529   563 W BatteryStatsImpl: Got cluster times for an isolated uid with no mapping: 99022
08-26 16:59:53.299   529   563 W BatteryStatsImpl: Got cluster times for an isolated uid with no mapping: 99023
08-26 16:59:53.300   529   563 W BatteryStatsImpl: Got cluster times for an isolated uid with no mapping: 99024
08-26 16:59:53.300   529   563 W BatteryStatsImpl: Got cluster times for an isolated uid with no mapping: 99025
08-26 17:00:03.865     0     0 W healthd : battery l=100 v=5000 t=25.0 h=2 st=4 c=900000 fc=300000 cc=10 chg=
08-26 17:00:20.454   529   556 I UsageStatsService: User[0] Flushing usage stats to disk
08-26 17:01:25.144     0     0 W healthd : battery l=100 v=5000 t=25.0 h=2 st=4 c=900000 fc=300000 cc=10 chg=
08-26 17:03:14.310     0     0 D logd    : logdr: UID=10087 GID=10087 PID=5646 n tail=0 logMask=4 pid=0 start=0ns timeout=0ns
08-26 17:03:14.286   529   711 I DropBoxManagerService: add tag=event_data isTagEnabled=true flags=0x2
08-26 17:03:14.293   529   557 W BroadcastQueue: Background execution not allowed: receiving Intent { act=android.intent.action.DROPBOX_ENTRY_ADDED flg=0x10 (has extras) } to com.google.android.gms/.stats.service.DropBoxEntryAddedReceiver
08-26 17:03:14.293   529   557 W BroadcastQueue: Background execution not allowed: receiving Intent { act=android.intent.action.DROPBOX_ENTRY_ADDED flg=0x10 (has extras) } to com.google.android.gms/.chimera.GmsIntentOperationService$PersistentTrustedReceiver
08-26 17:04:30.650     0     0 E ICMPv6  : RA: ndisc_router_discovery failed to add default route
08-26 17:06:25.586     0     0 W healthd : battery l=100 v=5000 t=25.0 h=2 st=4 c=900000 fc=300000 cc=10 chg=
08-26 17:10:03.864     0     0 W healthd : battery l=100 v=5000 t=25.0 h=2 st=4 c=900000 fc=300000 cc=10 chg=
08-26 17:10:21.586     0     0 E ICMPv6  : RA: ndisc_router_discovery failed to add default route
08-26 17:14:55.984     0     0 E ICMPv6  : RA: ndisc_router_discovery failed to add default route
08-26 17:14:58.698   529  4388 W ActivityManager: Unable to start service Intent { act=com.google.android.gms.auth.key.retrieval.service.START pkg=com.google.android.gms } U=0: not found
08-26 17:14:58.705   529  4388 W ActivityManager: Unbind failed: could not find connection for android.os.BinderProxy@5110048
08-26 17:19:02.175     0     0 E ICMPv6  : RA: ndisc_router_discovery failed to add default route
08-26 17:20:03.864     0     0 W healthd : battery l=100 v=5000 t=25.0 h=2 st=4 c=900000 fc=300000 cc=10 chg=
08-26 17:20:20.607   529   556 I UsageStatsService: User[0] Flushing usage stats to disk
08-26 17:23:07.866     0     0 E ICMPv6  : RA: ndisc_router_discovery failed to add default route
08-26 17:26:50.473     0     0 E ICMPv6  : RA: ndisc_router_discovery failed to add default route
08-28 21:27:04.025   529   529 D DevicePolicyManager: updateSystemUpdateFreezePeriodsRecord
08-28 21:27:04.025   529   529 D ConditionProviders.SCP: onReceive android.intent.action.TIME_SET
08-28 21:27:04.039   529   529 D ConditionProviders.SCP: evaluateSubscriptionLocked cal=ScheduleCalendar[mDays={1, 2, 3, 4, 5, 6, 7}, mSchedule=ScheduleInfo{days=[1, 2, 3, 4, 5, 6, 7], startHour=22, startMinute=0, endHour=7, endMinute=0, exitAtAlarm=true, nextAlarm=Thu Jan 01 05:30:00 GMT+05:30 1970 (0)}], now=Sun Aug 28 21:27:04 GMT+05:30 2022 (1661702224025), nextUserAlarmTime=Thu Jan 01 05:30:00 GMT+05:30 1970 (0)
08-28 21:27:04.039   529   529 D ConditionProviders.SCP: notifyCondition condition://android/schedule?days=1.2.3.4.5.6.7&start=22.0&end=7.0&exitAtAlarm=true STATE_FALSE reason=!meetsSchedule
08-28 21:27:04.039   529   529 D ConditionProviders.SCP: Scheduling evaluate for Sun Aug 28 22:00:00 GMT+05:30 2022 (1661704200000), in +32m55s975ms, now=Sun Aug 28 21:27:04 GMT+05:30 2022 (1661702224025)
08-28 21:27:04.039   529   529 D ConditionProviders.SCP: onReceive ScheduleConditionProvider.EVALUATE
08-28 21:27:04.039   529   529 D ConditionProviders.SCP: evaluateSubscriptionLocked cal=ScheduleCalendar[mDays={1, 2, 3, 4, 5, 6, 7}, mSchedule=ScheduleInfo{days=[1, 2, 3, 4, 5, 6, 7], startHour=22, startMinute=0, endHour=7, endMinute=0, exitAtAlarm=true, nextAlarm=Thu Jan 01 05:30:00 GMT+05:30 1970 (0)}], now=Sun Aug 28 21:27:04 GMT+05:30 2022 (1661702224039), nextUserAlarmTime=Thu Jan 01 05:30:00 GMT+05:30 1970 (0)
08-28 21:27:04.039   529   529 D ConditionProviders.SCP: notifyCondition condition://android/schedule?days=1.2.3.4.5.6.7&start=22.0&end=7.0&exitAtAlarm=true STATE_FALSE reason=!meetsSchedule
08-28 21:27:04.041   529   529 D ConditionProviders.SCP: Scheduling evaluate for Sun Aug 28 22:00:00 GMT+05:30 2022 (1661704200000), in +32m55s961ms, now=Sun Aug 28 21:27:04 GMT+05:30 2022 (1661702224039)
08-28 21:27:04.087   529   556 I UsageStatsService: User[0] Time changed in by 187213 seconds
08-28 21:27:04.087   529   556 I UsageStatsService: User[0] Flushing usage stats to disk
--------- beginning of main
08-28 21:27:04.108  5646 19778 I SystemUpdate: [Installation,ReceiverIntentOperation] Received intent: Intent { act=android.intent.action.TIME_SET flg=0x25200010 cmp=com.google.android.gms/.chimera.GmsIntentOperationService$PersistentTrustedReceiver }.
08-28 21:27:04.124   529   556 I UsageStatsDatabase: Time changed by +2d4h0m13s640ms. files deleted: 0 files moved: 5
08-28 21:27:04.127   529   556 I UsageStatsService: User[0] Rollover scheduled @ 2022-08-29 07:00:39(1661736639984)
08-28 21:27:04.139   529   926 W BroadcastQueue: Background execution not allowed: receiving Intent { act=com.android.calendar.APPWIDGET_UPDATE flg=0x10 } to com.android.calendar/.widget.CalendarAppWidgetProvider
08-28 21:27:04.184  1196 13206 V NativeCrypto: Read error: ssl=0xe4601398: I/O error during system call, Connection reset by peer
08-28 21:27:04.186  1196 13206 V NativeCrypto: SSL shutdown failed: ssl=0xe4601398: I/O error during system call, Broken pipe
08-28 21:27:04.187  1196 13206 E WakeLock: GCM_HB_ALARM release without a matched acquire!
08-28 21:27:04.187  1196 13206 W WakeLock: GCM_HB_ALARM counter does not exist
08-28 21:27:04.191   529   644 D ConnectivityService: reportNetworkConnectivity(100, false) by 10087
08-28 21:27:04.211  1196 13206 W WakeLock: GCM_CONN_ALARM counter does not exist
08-28 21:27:04.211   842  1765 D NetworkMonitor/100: Forcing reevaluation for UID 10087. Dns signal count: 0
08-28 21:27:04.213  5646 19780 I SystemUpdate: [Execution,InstallationEventIntentOperation] Handling event of type 6.
08-28 21:27:04.220  5646 19775 I SystemUpdate: [Execution,InstallationIntentOperation] Received intent: Intent { act=com.google.android.gms.update.INSTALL_UPDATE cat=[targeted_intent_op_prefix:.update.execution.InstallationIntentOperation] cmp=com.google.android.gms/.chimera.GmsIntentOperationService }.
08-28 21:27:04.236  5646 19775 I SystemUpdate: [Execution,ExecutionManager] Action finished-execution executed for 0.00 seconds.
08-28 21:27:05.924   689   689 I wpa_supplicant: wlan0: CTRL-EVENT-BEACON-LOSS 
08-28 21:27:05.990  5646 19778 D SharedPreferencesImpl: Time required to fsync /data/user/0/com.google.android.gms/shared_prefs/com.google.android.gms.update.storage.xml: [<1: 0, <2: 0, <4: 0, <8: 2, <16: 6, <32: 1, <64: 1, <128: 1, <256: 0, <512: 0, <1024: 0, <2048: 1, <4096: 0, <8192: 0, <16384: 0, >=16384: 0]
08-28 21:27:06.071   714  1177 I OpenGLRenderer: Davey! duration=2022ms; Flags=0, IntendedVsync=52017600429499, Vsync=52017600429499, OldestInputEvent=9223372036854775807, NewestInputEvent=0, HandleInputStart=52017601344152, AnimationStart=52017601524552, PerformTraversalsStart=52017601565052, DrawStart=52017602342252, SyncQueued=52017602428952, SyncStart=52017604122252, IssueDrawCommandsStart=52017604247252, SwapBuffers=52019591993152, FrameCompleted=52019624785952, DequeueBufferDuration=141600, QueueBufferDuration=849200, GpuCompleted=45307238345592, 
08-28 21:27:06.111  1196  1444 E Auth    : [GoogleAccountDataServiceImpl] getToken() -> BAD_AUTHENTICATION. Account: <ELLIDED:-888980859>, App: com.google.android.gms, Service: oauth2:https://www.googleapis.com/auth/login_manager
08-28 21:27:06.111  1196  1444 E Auth    : rmh: Long live credential not available.
08-28 21:27:06.111  1196  1444 E Auth    : 	at gbk.a(:com.google.android.gms@201817022@20.18.17 (040700-311416286):18)
08-28 21:27:06.111  1196  1444 E Auth    : 	at fzt.a(:com.google.android.gms@201817022@20.18.17 (040700-311416286):166)
08-28 21:27:06.111  1196  1444 E Auth    : 	at cqz.a(:com.google.android.gms@201817022@20.18.17 (040700-311416286):227)
08-28 21:27:06.111  1196  1444 E Auth    : 	at cqz.a(:com.google.android.gms@201817022@20.18.17 (040700-311416286):106)
08-28 21:27:06.111  1196  1444 E Auth    : 	at cqz.a(:com.google.android.gms@201817022@20.18.17 (040700-311416286):243)
08-28 21:27:06.111  1196  1444 E Auth    : 	at cox.onTransact(:com.google.android.gms@201817022@20.18.17 (040700-311416286):5)
08-28 21:27:06.111  1196  1444 E Auth    : 	at android.os.Binder.transact(Binder.java:1043)
08-28 21:27:06.111  1196  1444 E Auth    : 	at csu.onTransact(:com.google.android.gms@201817022@20.18.17 (040700-311416286):2)
08-28 21:27:06.111  1196  1444 E Auth    : 	at android.os.Binder.transact(Binder.java:1043)
08-28 21:27:06.111  1196  1444 E Auth    : 	at zww.onTransact(:com.google.android.gms@201817022@20.18.17 (040700-311416286):16)
08-28 21:27:06.111  1196  1444 E Auth    : 	at android.os.Binder.execTransactInternal(Binder.java:1159)
08-28 21:27:06.111  1196  1444 E Auth    : 	at android.os.Binder.execTransact(Binder.java:1123)
08-28 21:27:06.111  1196  1444 W Auth    : [GetToken] GetToken failed with status code: BadAuthentication
08-28 21:27:06.148  5646 19785 W Auth    : [GoogleAuthUtil] GoogleAuthUtil
08-28 21:27:06.296   451   451 W livelock: sample 2.303s
08-28 21:27:07.142   842   842 E DnsResolver: resNetworkResult:android.system.ErrnoException: resNetworkResult failed: ETIMEDOUT (Connection timed out)
08-28 21:27:07.143   842   842 E DnsResolver: resNetworkResult:android.system.ErrnoException: resNetworkResult failed: ETIMEDOUT (Connection timed out)
08-28 21:27:07.143   842 19786 D NetworkMonitor/100: PROBE_DNS connectivitycheck.gstatic.com 2910ms FAIL in type ADDRCONFIG android.net.DnsResolver$DnsException: android.system.ErrnoException: resNetworkResult failed: ETIMEDOUT (Connection timed out)
08-28 21:27:07.146   842   842 E DnsResolver: resNetworkResult:android.system.ErrnoException: resNetworkResult failed: ETIMEDOUT (Connection timed out)
08-28 21:27:07.146   842   842 E DnsResolver: resNetworkResult:android.system.ErrnoException: resNetworkResult failed: ETIMEDOUT (Connection timed out)
08-28 21:27:07.148   842 19784 D NetworkMonitor/100: PROBE_DNS www.google.com 2923ms FAIL in type ADDRCONFIG android.net.DnsResolver$DnsException: android.system.ErrnoException: resNetworkResult failed: ETIMEDOUT (Connection timed out)
08-28 21:27:07.457  5646 19785 W ChromeSync: [Sync,SyncAdapter] Failed to sync.
08-28 21:27:07.457  5646 19785 W ChromeSync: qmw: com.google.android.gms.auth.UserRecoverableAuthException: BadAuthentication
08-28 21:27:07.457  5646 19785 W ChromeSync: 	at qra.b(:com.google.android.gms@201817022@20.18.17 (040700-311416286):16)
08-28 21:27:07.457  5646 19785 W ChromeSync: 	at qrh.b(:com.google.android.gms@201817022@20.18.17 (040700-311416286):23)
08-28 21:27:07.457  5646 19785 W ChromeSync: 	at qrb.a(:com.google.android.gms@201817022@20.18.17 (040700-311416286):31)
08-28 21:27:07.457  5646 19785 W ChromeSync: 	at sie.onPerformSync(:com.google.android.gms@201817022@20.18.17 (040700-311416286):9)
08-28 21:27:07.457  5646 19785 W ChromeSync: 	at android.content.AbstractThreadedSyncAdapter$SyncThread.run(AbstractThreadedSyncAdapter.java:334)
08-28 21:27:07.457  5646 19785 W ChromeSync: Caused by: com.google.android.gms.auth.UserRecoverableAuthException: BadAuthentication
08-28 21:27:07.457  5646 19785 W ChromeSync: 	at fwl.a(:com.google.android.gms@201817022@20.18.17 (040700-311416286):3)
08-28 21:27:07.457  5646 19785 W ChromeSync: 	at fwg.a(:com.google.android.gms@201817022@20.18.17 (040700-311416286):5)
08-28 21:27:07.457  5646 19785 W ChromeSync: 	at fwl.a(:com.google.android.gms@201817022@20.18.17 (040700-311416286):8)
08-28 21:27:07.457  5646 19785 W ChromeSync: 	at fwl.c(:com.google.android.gms@201817022@20.18.17 (040700-311416286):14)
08-28 21:27:07.457  5646 19785 W ChromeSync: 	at fwl.b(:com.google.android.gms@201817022@20.18.17 (040700-311416286):1)
08-28 21:27:07.457  5646 19785 W ChromeSync: 	at fwf.a(:com.google.android.gms@201817022@20.18.17 (040700-311416286):2)
08-28 21:27:07.457  5646 19785 W ChromeSync: 	at seg.b(:com.google.android.gms@201817022@20.18.17 (040700-311416286):0)
08-28 21:27:07.457  5646 19785 W ChromeSync: 	at scy.d(:com.google.android.gms@201817022@20.18.17 (040700-311416286):4)
08-28 21:27:07.457  5646 19785 W ChromeSync: 	at sdn.a(:com.google.android.gms@201817022@20.18.17 (040700-311416286):32)
08-28 21:27:07.457  5646 19785 W ChromeSync: 	at qra.b(:com.google.android.gms@201817022@20.18.17 (040700-311416286):15)
08-28 21:27:07.457  5646 19785 W ChromeSync: 	... 4 more
08-28 21:27:07.711   529   529 W Looper  : Slow dispatch took 127ms main h=com.android.server.job.JobSchedulerService$JobHandler c=null m=3
08-28 21:27:08.290   842 19784 D NetworkMonitor/100: PROBE_HTTPS https://www.google.com/generate_204 Probe failed with exception java.net.UnknownHostException: Unable to resolve host "www.google.com": No address associated with hostname
08-28 21:27:08.293   842 19783 D NetworkMonitor/100: PROBE_FALLBACK http://play.googleapis.com/generate_204 Probe failed with exception java.net.UnknownHostException: Unable to resolve host "play.googleapis.com": No address associated with hostname
08-28 21:27:09.248 11171 11185 W viders.calenda: Reducing the number of considered missed Gc histogram windows from 2063 to 100
08-28 21:27:12.967  1196 19797 E WakeLock: GCM_HB_ALARM release without a matched acquire!
08-28 21:27:12.967  1196 19797 W WakeLock: GCM_HB_ALARM counter does not exist
08-28 21:27:12.976  1196 19799 E WakeLock: GCM_HB_ALARM release without a matched acquire!
08-28 21:27:12.976  1196 19799 W WakeLock: GCM_HB_ALARM counter does not exist
08-28 21:27:12.977   529   644 D ConnectivityService: reportNetworkConnectivity(100, false) by 10087
08-28 21:27:13.056   842 19786 D NetworkMonitor/100: PROBE_HTTP http://connectivitycheck.gstatic.com/generate_204 Probe failed with exception java.net.UnknownHostException: Unable to resolve host "connectivitycheck.gstatic.com": No address associated with hostname
08-28 21:27:13.060   529   557 W BroadcastQueue: Background execution not allowed: receiving Intent { act=android.net.conn.NETWORK_CONDITIONS_MEASURED flg=0x10 (has extras) } to com.google.android.gms/.chimera.GmsIntentOperationService$PersistentTrustedReceiver
08-28 21:27:13.061   842 19783 D NetworkMonitor/100: isCaptivePortal: isSuccessful()=false isPortal()=false RedirectUrl=null isPartialConnectivity()=false Time=8836ms
08-28 21:27:13.064   529   644 D ConnectivityService: [100 WIFI] validation failed
08-28 21:27:13.065   529   644 D ConnectivityService: NetReassign [15 : 100  103, 10 : 100  103, 54 : 100  103, 48 : 100  103, 12 : 100  103, 9 : 100  103, 14 : 100  103, 1 : 100  103]
08-28 21:27:13.071   529   644 D ConnectivityService: Switching to new default network: NetworkAgentInfo{ ni{[type: MOBILE[LTE], state: CONNECTED/CONNECTED, reason: (unspecified), extra: epc.tmobile.com, failover: false, available: true, roaming: false]}  network{103}  nethandle{445787328525}  lp{{InterfaceName: radio0 LinkAddresses: [ 10.0.2.15/24,fe80::9c42:7fff:fe20:cdcf/64 ] DnsAddresses: [ /10.0.2.3 ] Domains: null MTU: 1500 TcpBufferSizes: 524288,1048576,2097152,262144,524288,1048576 Routes: [ ::/0 -> fe80::2 radio0 mtu 1500,0.0.0.0/0 -> 10.0.2.2 radio0 mtu 1500,10.0.2.0/24 -> 0.0.0.0 radio0 mtu 0,fe80::/64 -> :: radio0 mtu 0 ]}}  nc{[ Transports: CELLULAR Capabilities: MMS&SUPL&DUN&FOTA&IMS&CBS&INTERNET&NOT_RESTRICTED&TRUSTED&NOT_VPN&VALIDATED&NOT_ROAMING&NOT_CONGESTED&NOT_SUSPENDED LinkUpBandwidth>=15000Kbps LinkDnBandwidth>=30000Kbps Specifier: <TelephonyNetworkSpecifier [mSubId = 1]> RequestorUid: -1 RequestorPackageName: null]}  Score{50}  everValidated{true}  lastValidated{true}  created{true} lingering{false} explicitlySelected{false} acceptUnvalidated{false} everCaptivePortalDetected{false} lastCaptivePortalDetected{false} partialConnectivity{false} acceptPartialConnectivity{false} clat{mBaseIface: null, mIface: null, mState: IDLE} }
08-28 21:27:13.087   208   211 E android.system.suspend@1.0-service: Error opening kernel wakelock stats for: wakeup34: Permission denied
08-28 21:27:13.078   208   208 W Binder:208_2: type=1400 audit(0.0:2177): avc: denied { read } for name="wakeup34" dev="sysfs" ino=18950 scontext=u:r:system_suspend:s0 tcontext=u:object_r:sysfs:s0 tclass=dir permissive=0
08-28 21:27:13.092   208   211 E android.system.suspend@1.0-service: Error opening kernel wakelock stats for: wakeup35: Permission denied
08-28 21:27:13.086   208   208 W Binder:208_2: type=1400 audit(0.0:2178): avc: denied { read } for name="wakeup35" dev="sysfs" ino=19013 scontext=u:r:system_suspend:s0 tcontext=u:object_r:sysfs:s0 tclass=dir permissive=0
08-28 21:27:13.123   529   849 D NetworkTimeUpdateService: New default network 103; checking time.
08-28 21:27:13.143   529   644 D ConnectivityService: Sending DISCONNECTED broadcast for type 1 [100 WIFI] isDefaultNetwork=true
08-28 21:27:13.143   529   548 I GnssNetworkConnectivityHandler: Network connection lost. Available networks count: 1
08-28 21:27:13.143   529   548 I GnssNetworkConnectivityHandler: updateNetworkState, state=CLOSED, connected=false, network=100, capabilities=[ Transports: WIFI Capabilities: NOT_METERED&INTERNET&NOT_RESTRICTED&TRUSTED&NOT_VPN&VALIDATED&NOT_ROAMING&FOREGROUND&NOT_CONGESTED&NOT_SUSPENDED LinkUpBandwidth>=141000Kbps LinkDnBandwidth>=141000Kbps SignalStrength: -30 OwnerUid: 1000 AdministratorUids: [] SSID: "AndroidWifi" RequestorUid: -1 RequestorPackageName: null], apn: , availableNetworkCount: 1
08-28 21:27:13.143   529   644 D ConnectivityService: Sending CONNECTED broadcast for type 0 [103 CELLULAR] isDefaultNetwork=true
08-28 21:27:13.156   529   644 D ConnectivityService: handleNetworkUnvalidated [100 WIFI] cap=[ Transports: WIFI Capabilities: NOT_METERED&INTERNET&NOT_RESTRICTED&TRUSTED&NOT_VPN&NOT_ROAMING&FOREGROUND&NOT_CONGESTED&NOT_SUSPENDED LinkUpBandwidth>=8490Kbps LinkDnBandwidth>=148500Kbps SignalStrength: -30 OwnerUid: 1000 SSID: "AndroidWifi" RequestorUid: -1 RequestorPackageName: null]
08-28 21:27:13.157  5646  8930 I PinnedContentDownloader: Finished downloading pinned content.
08-28 21:27:13.158   529   637 D WifiClientModeImpl: NETWORK_STATUS_UNWANTED_VALIDATION_FAILED
08-28 21:27:13.158   529   637 W LastMileLogger: Failed to stop event tracing: /sys/kernel/debug/tracing/instances/wifi/tracing_on: open failed: ENOENT (No such file or directory)
08-28 21:27:13.158   529   637 W LastMileLogger: Failed to read event trace: /sys/kernel/debug/tracing/instances/wifi/trace
08-28 21:27:13.160  1196 19804 E WakeLock: GCM_HB_ALARM release without a matched acquire!
08-28 21:27:13.160  1196 19804 W WakeLock: GCM_HB_ALARM counter does not exist
08-28 21:27:13.162   529   637 I WifiClientModeImpl: Temporarily disabling network because ofno-internet access
08-28 21:27:13.192  1196  2275 I NearbyDiscovery: FastPairHandler: Received action android.net.conn.CONNECTIVITY_CHANGE [CONTEXT service_id=49 ]
08-28 21:27:13.201   529   644 D ConnectivityService: reportNetworkConnectivity(103, false) by 10087
08-28 21:27:13.203   842 11492 D NetworkMonitor/103: Forcing reevaluation for UID 10087. Dns signal count: 0
08-28 21:27:13.212  1196  2275 I NearbyDiscovery: FastPairHandler: Received action android.net.conn.CONNECTIVITY_CHANGE [CONTEXT service_id=49 ]
08-28 21:27:13.214   842   842 E DnsResolver: resNetworkResult:android.system.ErrnoException: resNetworkResult failed: ECONNREFUSED (Connection refused)
08-28 21:27:13.227   842   842 I chatty  : uid=1073(network_stack) com.android.networkstack.process identical 2 lines
08-28 21:27:13.227   842   842 E DnsResolver: resNetworkResult:android.system.ErrnoException: resNetworkResult failed: ECONNREFUSED (Connection refused)
08-28 21:27:13.227   842 19807 D NetworkMonitor/103: PROBE_DNS connectivitycheck.gstatic.com 21ms FAIL in type ADDRCONFIG android.net.DnsResolver$DnsException: android.system.ErrnoException: resNetworkResult failed: ECONNREFUSED (Connection refused)
08-28 21:27:13.228   842 19806 D NetworkMonitor/103: PROBE_DNS www.google.com 23ms FAIL in type ADDRCONFIG android.net.DnsResolver$DnsException: android.system.ErrnoException: resNetworkResult failed: ECONNREFUSED (Connection refused)
08-28 21:27:13.236   842 19807 D NetworkMonitor/103: PROBE_HTTP http://connectivitycheck.gstatic.com/generate_204 Probe failed with exception java.net.UnknownHostException: Unable to resolve host "connectivitycheck.gstatic.com": No address associated with hostname
08-28 21:27:13.238   842 19806 D NetworkMonitor/103: PROBE_HTTPS https://www.google.com/generate_204 Probe failed with exception java.net.UnknownHostException: Unable to resolve host "www.google.com": No address associated with hostname
08-28 21:27:13.240   842 19805 D NetworkMonitor/103: PROBE_FALLBACK http://www.google.com/gen_204 Probe failed with exception java.net.UnknownHostException: Unable to resolve host "www.google.com": No address associated with hostname
08-28 21:27:13.243   842 19805 D NetworkMonitor/103: isCaptivePortal: isSuccessful()=false isPortal()=false RedirectUrl=null isPartialConnectivity()=false Time=37ms
08-28 21:27:13.243   529   557 W BroadcastQueue: Background execution not allowed: receiving Intent { act=android.net.conn.NETWORK_CONDITIONS_MEASURED flg=0x10 (has extras) } to com.google.android.gms/.chimera.GmsIntentOperationService$PersistentTrustedReceiver
08-28 21:27:13.245   529   644 D ConnectivityService: [103 CELLULAR] validation failed
08-28 21:27:13.245   529   644 D ConnectivityService: NetReassign [15 : 103  100, 10 : 103  100, 54 : 103  100, 48 : 103  100, 12 : 103  100, 9 : 103  100, 14 : 103  100, 1 : 103  100]
08-28 21:27:13.259   529   644 D ConnectivityService: Switching to new default network: NetworkAgentInfo{ ni{[type: WIFI[], state: CONNECTED/CONNECTED, reason: (unspecified), extra: , failover: false, available: true, roaming: false]}  network{100}  nethandle{432902426637}  lp{{InterfaceName: wlan0 LinkAddresses: [ fe80::184a:194e:40fc:8792/64,10.0.2.16/24,2001:2::617e:9d36:da90:2241/64,2001:2::bd49:73eb:1799:f441/64 ] DnsAddresses: [ /10.0.2.3 ] Domains: null MTU: 0 ServerAddress: /10.0.2.2 TcpBufferSizes: 524288,1048576,2097152,262144,524288,1048576 Routes: [ fe80::/64 -> :: wlan0 mtu 0,::/0 -> fe80::2 wlan0 mtu 0,2001:2::/64 -> :: wlan0 mtu 0,10.0.2.0/24 -> 0.0.0.0 wlan0 mtu 0,0.0.0.0/0 -> 10.0.2.2 wlan0 mtu 0 ]}}  nc{[ Transports: WIFI Capabilities: NOT_METERED&INTERNET&NOT_RESTRICTED&TRUSTED&NOT_VPN&NOT_ROAMING&FOREGROUND&NOT_CONGESTED&NOT_SUSPENDED LinkUpBandwidth>=8490Kbps LinkDnBandwidth>=148500Kbps SignalStrength: -30 OwnerUid: 1000 SSID: "AndroidWifi" RequestorUid: -1 RequestorPackageName: null]}  Score{20}  everValidated{true}  lastValidated{false}  created{true} lingering{false} explicitlySelected{false} acceptUnvalidated{false} everCaptivePortalDetected{false} lastCaptivePortalDetected{false} partialConnectivity{false} acceptPartialConnectivity{false} clat{mBaseIface: null, mIface: null, mState: IDLE} }
08-28 21:27:13.264   208   211 E android.system.suspend@1.0-service: Error opening kernel wakelock stats for: wakeup34: Permission denied
08-28 21:27:13.258   208   208 W Binder:208_2: type=1400 audit(0.0:2179): avc: denied { read } for name="wakeup34" dev="sysfs" ino=18950 scontext=u:r:system_suspend:s0 tcontext=u:object_r:sysfs:s0 tclass=dir permissive=0
08-28 21:27:13.268   208   211 E android.system.suspend@1.0-service: Error opening kernel wakelock stats for: wakeup35: Permission denied
08-28 21:27:13.266   208   208 W Binder:208_2: type=1400 audit(0.0:2180): avc: denied { read } for name="wakeup35" dev="sysfs" ino=19013 scontext=u:r:system_suspend:s0 tcontext=u:object_r:sysfs:s0 tclass=dir permissive=0
08-28 21:27:13.281   208   211 E android.system.suspend@1.0-service: Error opening kernel wakelock stats for: wakeup34: Permission denied
08-28 21:27:13.274   208   208 W Binder:208_2: type=1400 audit(0.0:2181): avc: denied { read } for name="wakeup34" dev="sysfs" ino=18950 scontext=u:r:system_suspend:s0 tcontext=u:object_r:sysfs:s0 tclass=dir permissive=0
08-26 17:26:59.760     0     0 W audit   : audit_lost=3 audit_rate_limit=5 audit_backlog_limit=64
08-28 21:27:13.288   208   211 E android.system.suspend@1.0-service: Error opening kernel wakelock stats for: wakeup35: Permission denied
08-26 17:26:59.762     0     0 E audit   : rate limit exceeded
08-28 21:27:13.316   529   849 D NetworkTimeUpdateService: New default network 100; checking time.
08-28 21:27:13.324   529   548 I GnssNetworkConnectivityHandler: Network connection lost. Available networks count: 0
08-28 21:27:13.324   529   548 I GnssNetworkConnectivityHandler: updateNetworkState, state=CLOSED, connected=false, network=103, capabilities=[ Transports: CELLULAR Capabilities: MMS&SUPL&DUN&FOTA&IMS&CBS&INTERNET&NOT_RESTRICTED&TRUSTED&NOT_VPN&VALIDATED&NOT_ROAMING&NOT_CONGESTED&NOT_SUSPENDED LinkUpBandwidth>=15000Kbps LinkDnBandwidth>=30000Kbps Specifier: <TelephonyNetworkSpecifier [mSubId = 1]> AdministratorUids: [] RequestorUid: -1 RequestorPackageName: null], apn: epc.tmobile.com, availableNetworkCount: 0
08-28 21:27:13.332   529   644 D ConnectivityService: Sending DISCONNECTED broadcast for type 0 [103 CELLULAR] isDefaultNetwork=true
08-28 21:27:13.335   529   644 D ConnectivityService: Sending CONNECTED broadcast for type 1 [100 WIFI] isDefaultNetwork=true
08-28 21:27:13.339   529   644 D ConnectivityService: handleNetworkUnvalidated [103 CELLULAR] cap=[ Transports: CELLULAR Capabilities: MMS&SUPL&DUN&FOTA&IMS&CBS&INTERNET&NOT_RESTRICTED&TRUSTED&NOT_VPN&NOT_ROAMING&NOT_CONGESTED&NOT_SUSPENDED LinkUpBandwidth>=15000Kbps LinkDnBandwidth>=30000Kbps Specifier: <TelephonyNetworkSpecifier [mSubId = 1]> RequestorUid: -1 RequestorPackageName: null]
08-28 21:27:13.348  1196 19814 E WakeLock: GCM_HB_ALARM release without a matched acquire!
08-28 21:27:13.348  1196 19814 W WakeLock: GCM_HB_ALARM counter does not exist
08-28 21:27:13.349  1196  2275 I NearbyDiscovery: FastPairHandler: Received action android.net.conn.CONNECTIVITY_CHANGE [CONTEXT service_id=49 ]
08-28 21:27:13.360  5646  8930 I PinnedContentDownloader: Finished downloading pinned content.
08-28 21:27:13.360  1196  2275 I NearbyDiscovery: FastPairHandler: Received action android.net.conn.CONNECTIVITY_CHANGE [CONTEXT service_id=49 ]
08-28 21:27:13.368  1196 19815 E WakeLock: GCM_HB_ALARM release without a matched acquire!
08-28 21:27:13.368  1196 19815 W WakeLock: GCM_HB_ALARM counter does not exist
08-28 21:27:14.072   842   842 E DnsResolver: resNetworkResult:android.system.ErrnoException: resNetworkResult failed: ECONNREFUSED (Connection refused)
08-28 21:27:14.072   842   842 I chatty  : uid=1073(network_stack) com.android.networkstack.process identical 1 line
08-28 21:27:14.075   842   842 E DnsResolver: resNetworkResult:android.system.ErrnoException: resNetworkResult failed: ECONNREFUSED (Connection refused)
08-28 21:27:14.076   842 19819 D NetworkMonitor/100: PROBE_DNS connectivitycheck.gstatic.com 10ms FAIL in type ADDRCONFIG android.net.DnsResolver$DnsException: android.system.ErrnoException: resNetworkResult failed: ECONNREFUSED (Connection refused)
08-28 21:27:14.076   842   842 E DnsResolver: resNetworkResult:android.system.ErrnoException: resNetworkResult failed: ECONNREFUSED (Connection refused)
08-28 21:27:14.076   842 19818 D NetworkMonitor/100: PROBE_DNS www.google.com 11ms FAIL in type ADDRCONFIG android.net.DnsResolver$DnsException: android.system.ErrnoException: resNetworkResult failed: ECONNREFUSED (Connection refused)
08-28 21:27:14.078   842 19819 D NetworkMonitor/100: PROBE_HTTP http://connectivitycheck.gstatic.com/generate_204 Probe failed with exception java.net.UnknownHostException: Unable to resolve host "connectivitycheck.gstatic.com": No address associated with hostname
08-28 21:27:14.085   842 19818 D NetworkMonitor/100: PROBE_HTTPS https://www.google.com/generate_204 Probe failed with exception java.net.UnknownHostException: Unable to resolve host "www.google.com": No address associated with hostname
08-28 21:27:14.091   842 19817 D NetworkMonitor/100: PROBE_FALLBACK http://play.googleapis.com/generate_204 Probe failed with exception java.net.UnknownHostException: Unable to resolve host "play.googleapis.com": No address associated with hostname
08-28 21:27:14.094   529   557 W BroadcastQueue: Background execution not allowed: receiving Intent { act=android.net.conn.NETWORK_CONDITIONS_MEASURED flg=0x10 (has extras) } to com.google.android.gms/.chimera.GmsIntentOperationService$PersistentTrustedReceiver
08-28 21:27:14.095   842 19817 D NetworkMonitor/100: isCaptivePortal: isSuccessful()=false isPortal()=false RedirectUrl=null isPartialConnectivity()=false Time=28ms
08-28 21:27:14.097   529   644 D ConnectivityService: [100 WIFI] validation failed
08-28 21:27:14.253   842   842 E DnsResolver: resNetworkResult:android.system.ErrnoException: resNetworkResult failed: ECONNREFUSED (Connection refused)
08-28 21:27:14.256   842   842 I chatty  : uid=1073(network_stack) com.android.networkstack.process identical 2 lines
08-28 21:27:14.257   842   842 E DnsResolver: resNetworkResult:android.system.ErrnoException: resNetworkResult failed: ECONNREFUSED (Connection refused)
08-28 21:27:14.257   842 19827 D NetworkMonitor/103: PROBE_DNS www.google.com 10ms FAIL in type ADDRCONFIG android.net.DnsResolver$DnsException: android.system.ErrnoException: resNetworkResult failed: ECONNREFUSED (Connection refused)
08-28 21:27:14.257   842 19828 D NetworkMonitor/103: PROBE_DNS connectivitycheck.gstatic.com 9ms FAIL in type ADDRCONFIG android.net.DnsResolver$DnsException: android.system.ErrnoException: resNetworkResult failed: ECONNREFUSED (Connection refused)
08-28 21:27:14.259   842 19828 D NetworkMonitor/103: PROBE_HTTP http://connectivitycheck.gstatic.com/generate_204 Probe failed with exception java.net.UnknownHostException: Unable to resolve host "connectivitycheck.gstatic.com": No address associated with hostname
08-28 21:27:14.259   842 19827 D NetworkMonitor/103: PROBE_HTTPS https://www.google.com/generate_204 Probe failed with exception java.net.UnknownHostException: Unable to resolve host "www.google.com": No address associated with hostname
08-28 21:27:14.266   842 19826 D NetworkMonitor/103: PROBE_FALLBACK http://play.googleapis.com/generate_204 Probe failed with exception java.net.UnknownHostException: Unable to resolve host "play.googleapis.com": No address associated with hostname
08-28 21:27:14.269   842 19826 D NetworkMonitor/103: isCaptivePortal: isSuccessful()=false isPortal()=false RedirectUrl=null isPartialConnectivity()=false Time=22ms
08-28 21:27:14.269   529   557 W BroadcastQueue: Background execution not allowed: receiving Intent { act=android.net.conn.NETWORK_CONDITIONS_MEASURED flg=0x10 (has extras) } to com.google.android.gms/.chimera.GmsIntentOperationService$PersistentTrustedReceiver
08-28 21:27:14.271   529   644 D ConnectivityService: [103 CELLULAR] validation failed
08-28 21:27:15.368  5646 19835 I ChromeSync: [Sync,SyncIntentOperation] Handling the intent: Intent { act=com.google.android.gms.chromesync.SCHEDULED_SYNC cat=[targeted_intent_op_prefix:.chromesync.sync.SyncIntentOperation] dat=content://com.google.android.gms.chromesync.sync.ChimeraSyncReceiverService/112025279613664159004 flg=0x4 cmp=com.google.android.gms/.chimera.GmsIntentOperationService (has extras) }.
08-28 21:27:16.106   842   842 E DnsResolver: resNetworkResult:android.system.ErrnoException: resNetworkResult failed: ECONNREFUSED (Connection refused)
08-28 21:27:16.108   842   842 I chatty  : uid=1073(network_stack) com.android.networkstack.process identical 2 lines
08-28 21:27:16.109   842   842 E DnsResolver: resNetworkResult:android.system.ErrnoException: resNetworkResult failed: ECONNREFUSED (Connection refused)
08-28 21:27:16.109   842 19838 D NetworkMonitor/100: PROBE_DNS connectivitycheck.gstatic.com 9ms FAIL in type ADDRCONFIG android.net.DnsResolver$DnsException: android.system.ErrnoException: resNetworkResult failed: ECONNREFUSED (Connection refused)
08-28 21:27:16.109   842 19837 D NetworkMonitor/100: PROBE_DNS www.google.com 10ms FAIL in type ADDRCONFIG android.net.DnsResolver$DnsException: android.system.ErrnoException: resNetworkResult failed: ECONNREFUSED (Connection refused)
08-28 21:27:16.116   842 19838 D NetworkMonitor/100: PROBE_HTTP http://connectivitycheck.gstatic.com/generate_204 Probe failed with exception java.net.UnknownHostException: Unable to resolve host "connectivitycheck.gstatic.com": No address associated with hostname
08-28 21:27:16.116   842 19837 D NetworkMonitor/100: PROBE_HTTPS https://www.google.com/generate_204 Probe failed with exception java.net.UnknownHostException: Unable to resolve host "www.google.com": No address associated with hostname
08-28 21:27:16.118   842 19836 D NetworkMonitor/100: PROBE_FALLBACK http://www.google.com/gen_204 Probe failed with exception java.net.UnknownHostException: Unable to resolve host "www.google.com": No address associated with hostname
08-28 21:27:16.120   529   557 W BroadcastQueue: Background execution not allowed: receiving Intent { act=android.net.conn.NETWORK_CONDITIONS_MEASURED flg=0x10 (has extras) } to com.google.android.gms/.chimera.GmsIntentOperationService$PersistentTrustedReceiver
08-28 21:27:16.122   842 19836 D NetworkMonitor/100: isCaptivePortal: isSuccessful()=false isPortal()=false RedirectUrl=null isPartialConnectivity()=false Time=21ms
08-28 21:27:16.123   529   644 D ConnectivityService: [100 WIFI] validation failed
08-28 21:27:16.282   842   842 E DnsResolver: resNetworkResult:android.system.ErrnoException: resNetworkResult failed: ECONNREFUSED (Connection refused)
08-28 21:27:16.284   842   842 I chatty  : uid=1073(network_stack) com.android.networkstack.process identical 2 lines
08-28 21:27:16.284   842   842 E DnsResolver: resNetworkResult:android.system.ErrnoException: resNetworkResult failed: ECONNREFUSED (Connection refused)
08-28 21:27:16.285   842 19846 D NetworkMonitor/103: PROBE_DNS www.google.com 11ms FAIL in type ADDRCONFIG android.net.DnsResolver$DnsException: android.system.ErrnoException: resNetworkResult failed: ECONNREFUSED (Connection refused)
08-28 21:27:16.285   842 19847 D NetworkMonitor/103: PROBE_DNS connectivitycheck.gstatic.com 11ms FAIL in type ADDRCONFIG android.net.DnsResolver$DnsException: android.system.ErrnoException: resNetworkResult failed: ECONNREFUSED (Connection refused)
08-28 21:27:16.295   842 19846 D NetworkMonitor/103: PROBE_HTTPS https://www.google.com/generate_204 Probe failed with exception java.net.UnknownHostException: Unable to resolve host "www.google.com": No address associated with hostname
08-28 21:27:16.297   842 19847 D NetworkMonitor/103: PROBE_HTTP http://connectivitycheck.gstatic.com/generate_204 Probe failed with exception java.net.UnknownHostException: Unable to resolve host "connectivitycheck.gstatic.com": No address associated with hostname
08-28 21:27:16.299   842 19845 D NetworkMonitor/103: PROBE_FALLBACK http://www.google.com/gen_204 Probe failed with exception java.net.UnknownHostException: Unable to resolve host "www.google.com": No address associated with hostname
08-28 21:27:16.303   842 19845 D NetworkMonitor/103: isCaptivePortal: isSuccessful()=false isPortal()=false RedirectUrl=null isPartialConnectivity()=false Time=28ms
08-28 21:27:16.304   529   557 W BroadcastQueue: Background execution not allowed: receiving Intent { act=android.net.conn.NETWORK_CONDITIONS_MEASURED flg=0x10 (has extras) } to com.google.android.gms/.chimera.GmsIntentOperationService$PersistentTrustedReceiver
08-28 21:27:16.305   529   644 D ConnectivityService: [103 CELLULAR] validation failed
08-28 21:27:17.967  1196 19854 E WakeLock: GCM_HB_ALARM release without a matched acquire!
08-28 21:27:17.967  1196 19854 W WakeLock: GCM_HB_ALARM counter does not exist
08-28 21:27:17.970  1196 19856 E WakeLock: GCM_HB_ALARM release without a matched acquire!
08-28 21:27:17.970  1196 19856 W WakeLock: GCM_HB_ALARM counter does not exist
08-28 21:27:20.141   842   842 E DnsResolver: resNetworkResult:android.system.ErrnoException: resNetworkResult failed: ECONNREFUSED (Connection refused)
08-28 21:27:20.141   842   842 I chatty  : uid=1073(network_stack) com.android.networkstack.process identical 1 line
08-28 21:27:20.145   842   842 E DnsResolver: resNetworkResult:android.system.ErrnoException: resNetworkResult failed: ECONNREFUSED (Connection refused)
08-28 21:27:20.146   842 19858 D NetworkMonitor/100: PROBE_DNS www.google.com 21ms FAIL in type ADDRCONFIG android.net.DnsResolver$DnsException: android.system.ErrnoException: resNetworkResult failed: ECONNREFUSED (Connection refused)
08-28 21:27:20.150   842   842 E DnsResolver: resNetworkResult:android.system.ErrnoException: resNetworkResult failed: ECONNREFUSED (Connection refused)
08-28 21:27:20.151   842 19859 D NetworkMonitor/100: PROBE_DNS connectivitycheck.gstatic.com 25ms FAIL in type ADDRCONFIG android.net.DnsResolver$DnsException: android.system.ErrnoException: resNetworkResult failed: ECONNREFUSED (Connection refused)
08-28 21:27:20.164   842 19858 D NetworkMonitor/100: PROBE_HTTPS https://www.google.com/generate_204 Probe failed with exception java.net.UnknownHostException: Unable to resolve host "www.google.com": No address associated with hostname
08-28 21:27:20.165   842 19859 D NetworkMonitor/100: PROBE_HTTP http://connectivitycheck.gstatic.com/generate_204 Probe failed with exception java.net.UnknownHostException: Unable to resolve host "connectivitycheck.gstatic.com": No address associated with hostname
08-28 21:27:20.175   842 19857 D NetworkMonitor/100: PROBE_FALLBACK http://play.googleapis.com/generate_204 Probe failed with exception java.net.UnknownHostException: Unable to resolve host "play.googleapis.com": No address associated with hostname
08-28 21:27:20.180   842 19857 D NetworkMonitor/100: isCaptivePortal: isSuccessful()=false isPortal()=false RedirectUrl=null isPartialConnectivity()=false Time=52ms
08-28 21:27:20.180   529   557 W BroadcastQueue: Background execution not allowed: receiving Intent { act=android.net.conn.NETWORK_CONDITIONS_MEASURED flg=0x10 (has extras) } to com.google.android.gms/.chimera.GmsIntentOperationService$PersistentTrustedReceiver
08-28 21:27:20.181   529   644 D ConnectivityService: [100 WIFI] validation failed
08-28 21:27:20.316   842   842 E DnsResolver: resNetworkResult:android.system.ErrnoException: resNetworkResult failed: ECONNREFUSED (Connection refused)
08-28 21:27:20.316   842   842 I chatty  : uid=1073(network_stack) com.android.networkstack.process identical 1 line
08-28 21:27:20.316   842   842 E DnsResolver: resNetworkResult:android.system.ErrnoException: resNetworkResult failed: ECONNREFUSED (Connection refused)
08-28 21:27:20.316   842 19868 D NetworkMonitor/103: PROBE_DNS www.google.com 10ms FAIL in type ADDRCONFIG android.net.DnsResolver$DnsException: android.system.ErrnoException: resNetworkResult failed: ECONNREFUSED (Connection refused)
08-28 21:27:20.318   842   842 E DnsResolver: resNetworkResult:android.system.ErrnoException: resNetworkResult failed: ECONNREFUSED (Connection refused)
08-28 21:27:20.319   842 19869 D NetworkMonitor/103: PROBE_DNS connectivitycheck.gstatic.com 12ms FAIL in type ADDRCONFIG android.net.DnsResolver$DnsException: android.system.ErrnoException: resNetworkResult failed: ECONNREFUSED (Connection refused)
08-28 21:27:20.330   842 19868 D NetworkMonitor/103: PROBE_HTTPS https://www.google.com/generate_204 Probe failed with exception java.net.UnknownHostException: Unable to resolve host "www.google.com": No address associated with hostname
08-28 21:27:20.334   842 19869 D NetworkMonitor/103: PROBE_HTTP http://connectivitycheck.gstatic.com/generate_204 Probe failed with exception java.net.UnknownHostException: Unable to resolve host "connectivitycheck.gstatic.com": No address associated with hostname
08-28 21:27:20.336   842 19867 D NetworkMonitor/103: PROBE_FALLBACK http://www.google.com/gen_204 Probe failed with exception java.net.UnknownHostException: Unable to resolve host "www.google.com": No address associated with hostname
08-28 21:27:20.341   842 19867 D NetworkMonitor/103: isCaptivePortal: isSuccessful()=false isPortal()=false RedirectUrl=null isPartialConnectivity()=false Time=32ms
08-28 21:27:20.341   529   557 W BroadcastQueue: Background execution not allowed: receiving Intent { act=android.net.conn.NETWORK_CONDITIONS_MEASURED flg=0x10 (has extras) } to com.google.android.gms/.chimera.GmsIntentOperationService$PersistentTrustedReceiver
08-28 21:27:20.347   529   644 D ConnectivityService: [103 CELLULAR] validation failed
08-28 21:27:23.171   529   637 D WifiConfigStore: Writing to stores completed in 5 ms.
08-28 21:27:23.941  1196 19876 E WakeLock: GCM_HB_ALARM release without a matched acquire!
08-28 21:27:23.941  1196 19876 W WakeLock: GCM_HB_ALARM counter does not exist
08-28 21:27:23.952  1196 19878 E WakeLock: GCM_HB_ALARM release without a matched acquire!
08-28 21:27:23.952  1196 19878 W WakeLock: GCM_HB_ALARM counter does not exist
08-28 21:27:28.130   714   714 W View    : requestLayout() improperly called by com.android.keyguard.AlphaOptimizedLinearLayout{7b24125 V.E...... ......ID 9,0-71,77 #7f0a04db app:id/wifi_group} during layout: running second layout pass
08-28 21:27:28.132   714   714 W View    : requestLayout() improperly called by com.android.keyguard.AlphaOptimizedLinearLayout{e5d32fa V.E...... ......ID 9,0-71,77 #7f0a04db app:id/wifi_group} during layout: running second layout pass
08-28 21:27:28.133   714   714 W View    : requestLayout() improperly called by com.android.keyguard.AlphaOptimizedLinearLayout{a9310ab V.E...... ......ID 9,0-71,77 #7f0a04db app:id/wifi_group} during layout: running second layout pass
08-28 21:27:28.196   842   842 E DnsResolver: resNetworkResult:android.system.ErrnoException: resNetworkResult failed: ECONNREFUSED (Connection refused)
08-28 21:27:28.200   842   842 I chatty  : uid=1073(network_stack) com.android.networkstack.process identical 2 lines
08-28 21:27:28.200   842   842 E DnsResolver: resNetworkResult:android.system.ErrnoException: resNetworkResult failed: ECONNREFUSED (Connection refused)
08-28 21:27:28.200   842 19882 D NetworkMonitor/100: PROBE_DNS connectivitycheck.gstatic.com 12ms FAIL in type ADDRCONFIG android.net.DnsResolver$DnsException: android.system.ErrnoException: resNetworkResult failed: ECONNREFUSED (Connection refused)
08-28 21:27:28.200   842 19881 D NetworkMonitor/100: PROBE_DNS www.google.com 12ms FAIL in type ADDRCONFIG android.net.DnsResolver$DnsException: android.system.ErrnoException: resNetworkResult failed: ECONNREFUSED (Connection refused)
08-28 21:27:28.211   842 19882 D NetworkMonitor/100: PROBE_HTTP http://connectivitycheck.gstatic.com/generate_204 Probe failed with exception java.net.UnknownHostException: Unable to resolve host "connectivitycheck.gstatic.com": No address associated with hostname
