--------- beginning of kernel
08-25 17:13:22.039     0     0 D logd    : Skipping 4294948576 entries from slow reader, pid 4743, from LogBuffer::kickMe()
08-25 17:13:33.894     0     0 D logd    : logdr: UID=2000 GID=2000 PID=10099 b tail=0 logMask=99 pid=0 start=0ns timeout=0ns
08-25 17:13:59.730     0     0 D logd    : logdr: UID=2000 GID=2000 PID=10113 n tail=0 logMask=99 pid=0 start=0ns timeout=0ns
--------- beginning of system
08-25 17:12:20.808   529  1375 I chatty  : uid=1000(system) LazyTaskWriterT expire 1 line
08-25 17:12:37.369   529  1375 E TaskPersister: File error accessing recents directory (directory doesn't exist?).
08-25 17:14:23.203   529   549 D AutofillManagerService: onBackKeyPressed()
08-25 17:14:27.050   529  1375 E TaskPersister: File error accessing recents directory (directory doesn't exist?).
08-25 17:14:27.620   529  3192 I ActivityTaskManager: START u0 {act=android.intent.action.MAIN cat=[android.intent.category.LAUNCHER] flg=0x10200000 cmp=com.android.contacts/.activities.PeopleActivity bnds=[1123,445][1393,870]} from uid 10109
08-25 17:14:27.636   529  1498 W ActivityTaskManager: Tried to set launchTime (0) < mLastActivityLaunchTime (18905014)
08-25 17:14:27.780     0     0 W perfetto: enabled ftrace
08-25 17:14:30.973   529   549 D AutofillManagerService: onBackKeyPressed()
08-25 17:14:31.234   529  1375 E TaskPersister: File error accessing recents directory (directory doesn't exist?).
08-25 17:14:32.749     0     0 W perfetto: disabled ftrace
08-25 17:14:34.842   529  1375 E TaskPersister: File error accessing recents directory (directory doesn't exist?).
08-25 17:14:45.894   529  1345 I ActivityTaskManager: START u0 {act=android.intent.action.MAIN cat=[android.intent.category.LAUNCHER] flg=0x10200000 cmp=com.android.settings/.Settings bnds=[854,1295][1123,1720]} from uid 10109
08-25 17:14:46.062     0     0 W perfetto: enabled ftrace
08-25 17:14:46.022   529   563 D BatteryStatsImpl: Got freq readings for an isolated uid with no mapping: 99000
08-25 17:14:46.023   529   563 D BatteryStatsImpl: Got freq readings for an isolated uid with no mapping: 99001
08-25 17:14:46.023   529   563 D BatteryStatsImpl: Got freq readings for an isolated uid with no mapping: 99002
08-25 17:14:46.023   529   563 D BatteryStatsImpl: Got freq readings for an isolated uid with no mapping: 99003
08-25 17:14:46.023   529   563 D BatteryStatsImpl: Got freq readings for an isolated uid with no mapping: 99004
08-25 17:14:46.023   529   563 D BatteryStatsImpl: Got freq readings for an isolated uid with no mapping: 99005
08-25 17:14:46.023   529   563 D BatteryStatsImpl: Got freq readings for an isolated uid with no mapping: 99006
08-25 17:14:46.023   529   563 D BatteryStatsImpl: Got freq readings for an isolated uid with no mapping: 99007
08-25 17:14:46.023   529   563 D BatteryStatsImpl: Got freq readings for an isolated uid with no mapping: 99008
08-25 17:14:46.023   529   563 D BatteryStatsImpl: Got freq readings for an isolated uid with no mapping: 99009
08-25 17:14:46.024   529   563 D BatteryStatsImpl: Got freq readings for an isolated uid with no mapping: 99010
08-25 17:14:46.024   529   563 D BatteryStatsImpl: Got freq readings for an isolated uid with no mapping: 99011
08-25 17:14:46.024   529   563 D BatteryStatsImpl: Got freq readings for an isolated uid with no mapping: 99012
08-25 17:14:46.024   529   563 D BatteryStatsImpl: Got freq readings for an isolated uid with no mapping: 99013
08-25 17:14:46.024   529   563 D BatteryStatsImpl: Got freq readings for an isolated uid with no mapping: 99014
08-25 17:14:46.024   529   563 D BatteryStatsImpl: Got freq readings for an isolated uid with no mapping: 99015
08-25 17:14:46.024   529   563 D BatteryStatsImpl: Got freq readings for an isolated uid with no mapping: 99016
08-25 17:14:46.024   529   563 D BatteryStatsImpl: Got freq readings for an isolated uid with no mapping: 99017
08-25 17:14:46.025   529   563 D BatteryStatsImpl: Got freq readings for an isolated uid with no mapping: 99018
08-25 17:14:46.025   529   563 D BatteryStatsImpl: Got freq readings for an isolated uid with no mapping: 99019
08-25 17:14:46.025   529   563 D BatteryStatsImpl: Got freq readings for an isolated uid with no mapping: 99020
08-25 17:14:46.025   529   563 D BatteryStatsImpl: Got freq readings for an isolated uid with no mapping: 99021
08-25 17:14:46.025   529   563 D BatteryStatsImpl: Got freq readings for an isolated uid with no mapping: 99022
08-25 17:14:46.025   529   563 D BatteryStatsImpl: Got freq readings for an isolated uid with no mapping: 99023
08-25 17:14:46.026   529   563 W BatteryStatsImpl: Got active times for an isolated uid with no mapping: 99000
08-25 17:14:46.026   529   563 W BatteryStatsImpl: Got active times for an isolated uid with no mapping: 99001
08-25 17:14:46.026   529   563 W BatteryStatsImpl: Got active times for an isolated uid with no mapping: 99002
08-25 17:14:46.026   529   563 W BatteryStatsImpl: Got active times for an isolated uid with no mapping: 99003
08-25 17:14:46.026   529   563 W BatteryStatsImpl: Got active times for an isolated uid with no mapping: 99004
08-25 17:14:46.026   529   563 W BatteryStatsImpl: Got active times for an isolated uid with no mapping: 99005
08-25 17:14:46.026   529   563 W BatteryStatsImpl: Got active times for an isolated uid with no mapping: 99006
08-25 17:14:46.026   529   563 W BatteryStatsImpl: Got active times for an isolated uid with no mapping: 99007
08-25 17:14:46.026   529   563 W BatteryStatsImpl: Got active times for an isolated uid with no mapping: 99008
08-25 17:14:46.026   529   563 W BatteryStatsImpl: Got active times for an isolated uid with no mapping: 99009
08-25 17:14:46.026   529   563 W BatteryStatsImpl: Got active times for an isolated uid with no mapping: 99010
08-25 17:14:46.026   529   563 W BatteryStatsImpl: Got active times for an isolated uid with no mapping: 99011
08-25 17:14:46.026   529   563 W BatteryStatsImpl: Got active times for an isolated uid with no mapping: 99012
08-25 17:14:46.026   529   563 W BatteryStatsImpl: Got active times for an isolated uid with no mapping: 99013
08-25 17:14:46.026   529   563 W BatteryStatsImpl: Got active times for an isolated uid with no mapping: 99014
08-25 17:14:46.026   529   563 W BatteryStatsImpl: Got active times for an isolated uid with no mapping: 99015
08-25 17:14:46.026   529   563 W BatteryStatsImpl: Got active times for an isolated uid with no mapping: 99016
08-25 17:14:46.026   529   563 W BatteryStatsImpl: Got active times for an isolated uid with no mapping: 99017
08-25 17:14:46.026   529   563 W BatteryStatsImpl: Got active times for an isolated uid with no mapping: 99018
08-25 17:14:46.026   529   563 W BatteryStatsImpl: Got active times for an isolated uid with no mapping: 99019
08-25 17:14:46.026   529   563 W BatteryStatsImpl: Got active times for an isolated uid with no mapping: 99020
08-25 17:14:46.026   529   563 W BatteryStatsImpl: Got active times for an isolated uid with no mapping: 99021
08-25 17:14:46.026   529   563 W BatteryStatsImpl: Got active times for an isolated uid with no mapping: 99022
08-25 17:14:46.026   529   563 W BatteryStatsImpl: Got active times for an isolated uid with no mapping: 99023
08-25 17:14:46.027   529   563 W BatteryStatsImpl: Got cluster times for an isolated uid with no mapping: 99000
08-25 17:14:46.027   529   563 W BatteryStatsImpl: Got cluster times for an isolated uid with no mapping: 99001
08-25 17:14:46.027   529   563 W BatteryStatsImpl: Got cluster times for an isolated uid with no mapping: 99002
08-25 17:14:46.027   529   563 W BatteryStatsImpl: Got cluster times for an isolated uid with no mapping: 99003
08-25 17:14:46.027   529   563 W BatteryStatsImpl: Got cluster times for an isolated uid with no mapping: 99004
08-25 17:14:46.027   529   563 W BatteryStatsImpl: Got cluster times for an isolated uid with no mapping: 99005
08-25 17:14:46.027   529   563 W BatteryStatsImpl: Got cluster times for an isolated uid with no mapping: 99006
08-25 17:14:46.027   529   563 W BatteryStatsImpl: Got cluster times for an isolated uid with no mapping: 99007
08-25 17:14:46.027   529   563 W BatteryStatsImpl: Got cluster times for an isolated uid with no mapping: 99008
08-25 17:14:46.027   529   563 W BatteryStatsImpl: Got cluster times for an isolated uid with no mapping: 99009
08-25 17:14:46.027   529   563 W BatteryStatsImpl: Got cluster times for an isolated uid with no mapping: 99010
08-25 17:14:46.027   529   563 W BatteryStatsImpl: Got cluster times for an isolated uid with no mapping: 99011
08-25 17:14:46.027   529   563 W BatteryStatsImpl: Got cluster times for an isolated uid with no mapping: 99012
08-25 17:14:46.028   529   563 W BatteryStatsImpl: Got cluster times for an isolated uid with no mapping: 99013
08-25 17:14:46.028   529   563 W BatteryStatsImpl: Got cluster times for an isolated uid with no mapping: 99014
08-25 17:14:46.028   529   563 W BatteryStatsImpl: Got cluster times for an isolated uid with no mapping: 99015
08-25 17:14:46.028   529   563 W BatteryStatsImpl: Got cluster times for an isolated uid with no mapping: 99016
08-25 17:14:46.028   529   563 W BatteryStatsImpl: Got cluster times for an isolated uid with no mapping: 99017
08-25 17:14:46.028   529   563 W BatteryStatsImpl: Got cluster times for an isolated uid with no mapping: 99018
08-25 17:14:46.028   529   563 W BatteryStatsImpl: Got cluster times for an isolated uid with no mapping: 99019
08-25 17:14:46.028   529   563 W BatteryStatsImpl: Got cluster times for an isolated uid with no mapping: 99020
08-25 17:14:46.028   529   563 W BatteryStatsImpl: Got cluster times for an isolated uid with no mapping: 99021
08-25 17:14:46.028   529   563 W BatteryStatsImpl: Got cluster times for an isolated uid with no mapping: 99022
08-25 17:14:46.028   529   563 W BatteryStatsImpl: Got cluster times for an isolated uid with no mapping: 99023
08-25 17:14:46.409   529   549 W Looper  : Slow dispatch took 111ms android.ui h=com.android.server.am.ActivityManagerService$UiHandler c=null m=53
08-25 17:14:49.460   529  1375 E TaskPersister: File error accessing recents directory (directory doesn't exist?).
08-25 17:14:51.035     0     0 W perfetto: disabled ftrace
08-25 17:14:51.740   529  1345 I ActivityTaskManager: START u0 {cmp=com.google.android.gms/.app.settings.GoogleSettingsIALink (has extras)} from uid 1000
08-25 17:14:51.759   529  1498 W ActivityTaskManager: Tried to set launchTime (0) < mLastActivityLaunchTime (18840723)
08-25 17:14:51.886     0     0 W perfetto: enabled ftrace
08-25 17:14:51.780   529  1498 I ActivityTaskManager: START u0 {act=com.google.android.gms.accountsettings.VIEW_SETTINGS_0P pkg=com.google.android.gms cmp=com.google.android.gms/.accountsettings.ui.ZeroPartyEntryPointActivity (has extras)} from uid 10087
08-25 17:14:51.801   529  1905 W ActivityTaskManager: Tried to set launchTime (0) < mLastActivityLaunchTime (19077732)
08-25 17:14:51.827   529  3192 I ActivityTaskManager: START u0 {act=com.google.android.gms.accountsettings.VIEW_SETTINGS_0P flg=0x2000000 cmp=com.google.android.gms/.accountsettings.mg.ui.main.MainActivity (has extras)} from uid 10087
08-25 17:14:51.843   529  3192 W ActivityTaskManager: Tried to set launchTime (0) < mLastActivityLaunchTime (19077773)
08-25 17:14:55.254   529  1375 E TaskPersister: File error accessing recents directory (directory doesn't exist?).
08-25 17:14:56.866     0     0 W perfetto: disabled ftrace
08-25 17:15:04.209   529  3192 I ActivityTaskManager: START u0 {act=com.google.android.gms.accountsettings.VIEW_SETTINGS_0P pkg=com.google.android.gms cmp=com.google.android.gms/.accountsettings.ui.ZeroPartyEntryPointActivity (has extras)} from uid 10087
08-25 17:15:04.233   529  3192 W ActivityTaskManager: Tried to set launchTime (0) < mLastActivityLaunchTime (19077816)
08-25 17:15:04.280   529  3192 I ActivityTaskManager: START u0 {act=com.google.android.gms.accountsettings.VIEW_SETTINGS_0P flg=0x2000000 cmp=com.google.android.gms/.accountsettings.mg.ui.main.MainActivity (has extras)} from uid 10087
08-25 17:15:04.298   529  1345 W ActivityTaskManager: Tried to set launchTime (0) < mLastActivityLaunchTime (19090210)
08-25 17:15:07.299   529  1375 E TaskPersister: File error accessing recents directory (directory doesn't exist?).
08-25 17:15:09.653   529   549 D AutofillManagerService: onBackKeyPressed()
08-25 17:15:09.883   529   563 D BatteryStatsImpl: Got freq readings for an isolated uid with no mapping: 99000
08-25 17:15:09.883   529   563 D BatteryStatsImpl: Got freq readings for an isolated uid with no mapping: 99001
08-25 17:15:09.883   529   563 D BatteryStatsImpl: Got freq readings for an isolated uid with no mapping: 99002
08-25 17:15:09.883   529   563 D BatteryStatsImpl: Got freq readings for an isolated uid with no mapping: 99003
08-25 17:15:09.883   529   563 D BatteryStatsImpl: Got freq readings for an isolated uid with no mapping: 99004
08-25 17:15:09.883   529   563 D BatteryStatsImpl: Got freq readings for an isolated uid with no mapping: 99005
08-25 17:15:09.883   529   563 D BatteryStatsImpl: Got freq readings for an isolated uid with no mapping: 99006
08-25 17:15:09.883   529   563 D BatteryStatsImpl: Got freq readings for an isolated uid with no mapping: 99007
08-25 17:15:09.883   529   563 D BatteryStatsImpl: Got freq readings for an isolated uid with no mapping: 99008
08-25 17:15:09.883   529   563 D BatteryStatsImpl: Got freq readings for an isolated uid with no mapping: 99009
08-25 17:15:09.883   529   563 D BatteryStatsImpl: Got freq readings for an isolated uid with no mapping: 99010
08-25 17:15:09.887   529   563 D BatteryStatsImpl: Got freq readings for an isolated uid with no mapping: 99011
08-25 17:15:09.887   529   563 D BatteryStatsImpl: Got freq readings for an isolated uid with no mapping: 99012
08-25 17:15:09.889   529   563 D BatteryStatsImpl: Got freq readings for an isolated uid with no mapping: 99013
08-25 17:15:09.889   529   563 D BatteryStatsImpl: Got freq readings for an isolated uid with no mapping: 99014
08-25 17:15:09.889   529   563 D BatteryStatsImpl: Got freq readings for an isolated uid with no mapping: 99015
08-25 17:15:09.889   529   563 D BatteryStatsImpl: Got freq readings for an isolated uid with no mapping: 99016
08-25 17:15:09.889   529   563 D BatteryStatsImpl: Got freq readings for an isolated uid with no mapping: 99017
08-25 17:15:09.889   529   563 D BatteryStatsImpl: Got freq readings for an isolated uid with no mapping: 99018
08-25 17:15:09.889   529   563 D BatteryStatsImpl: Got freq readings for an isolated uid with no mapping: 99019
08-25 17:15:09.889   529   563 D BatteryStatsImpl: Got freq readings for an isolated uid with no mapping: 99020
08-25 17:15:09.889   529   563 D BatteryStatsImpl: Got freq readings for an isolated uid with no mapping: 99021
08-25 17:15:09.891   529   563 D BatteryStatsImpl: Got freq readings for an isolated uid with no mapping: 99022
08-25 17:15:09.891   529   563 D BatteryStatsImpl: Got freq readings for an isolated uid with no mapping: 99023
08-25 17:15:09.891   529   563 W BatteryStatsImpl: Got active times for an isolated uid with no mapping: 99000
08-25 17:15:09.891   529   563 W BatteryStatsImpl: Got active times for an isolated uid with no mapping: 99001
08-25 17:15:09.891   529   563 W BatteryStatsImpl: Got active times for an isolated uid with no mapping: 99002
08-25 17:15:09.891   529   563 W BatteryStatsImpl: Got active times for an isolated uid with no mapping: 99003
08-25 17:15:09.891   529   563 W BatteryStatsImpl: Got active times for an isolated uid with no mapping: 99004
08-25 17:15:09.891   529   563 W BatteryStatsImpl: Got active times for an isolated uid with no mapping: 99005
08-25 17:15:09.891   529   563 W BatteryStatsImpl: Got active times for an isolated uid with no mapping: 99006
08-25 17:15:09.891   529   563 W BatteryStatsImpl: Got active times for an isolated uid with no mapping: 99007
08-25 17:15:09.892   529   563 W BatteryStatsImpl: Got active times for an isolated uid with no mapping: 99008
08-25 17:15:09.892   529   563 W BatteryStatsImpl: Got active times for an isolated uid with no mapping: 99009
08-25 17:15:09.892   529   563 W BatteryStatsImpl: Got active times for an isolated uid with no mapping: 99010
08-25 17:15:09.892   529   563 W BatteryStatsImpl: Got active times for an isolated uid with no mapping: 99011
08-25 17:15:09.892   529   563 W BatteryStatsImpl: Got active times for an isolated uid with no mapping: 99012
08-25 17:15:09.892   529   563 W BatteryStatsImpl: Got active times for an isolated uid with no mapping: 99013
08-25 17:15:09.892   529   563 W BatteryStatsImpl: Got active times for an isolated uid with no mapping: 99014
08-25 17:15:09.892   529   563 W BatteryStatsImpl: Got active times for an isolated uid with no mapping: 99015
08-25 17:15:09.892   529   563 W BatteryStatsImpl: Got active times for an isolated uid with no mapping: 99016
08-25 17:15:09.892   529   563 W BatteryStatsImpl: Got active times for an isolated uid with no mapping: 99017
08-25 17:15:09.892   529   563 W BatteryStatsImpl: Got active times for an isolated uid with no mapping: 99018
08-25 17:15:09.892   529   563 W BatteryStatsImpl: Got active times for an isolated uid with no mapping: 99019
08-25 17:15:09.892   529   563 W BatteryStatsImpl: Got active times for an isolated uid with no mapping: 99020
08-25 17:15:09.892   529   563 W BatteryStatsImpl: Got active times for an isolated uid with no mapping: 99021
08-25 17:15:09.892   529   563 W BatteryStatsImpl: Got active times for an isolated uid with no mapping: 99022
08-25 17:15:09.892   529   563 W BatteryStatsImpl: Got active times for an isolated uid with no mapping: 99023
08-25 17:15:09.892   529   563 W BatteryStatsImpl: Got cluster times for an isolated uid with no mapping: 99000
08-25 17:15:09.892   529   563 W BatteryStatsImpl: Got cluster times for an isolated uid with no mapping: 99001
08-25 17:15:09.892   529   563 W BatteryStatsImpl: Got cluster times for an isolated uid with no mapping: 99002
08-25 17:15:09.892   529   563 W BatteryStatsImpl: Got cluster times for an isolated uid with no mapping: 99003
08-25 17:15:09.892   529   563 W BatteryStatsImpl: Got cluster times for an isolated uid with no mapping: 99004
08-25 17:15:09.892   529   563 W BatteryStatsImpl: Got cluster times for an isolated uid with no mapping: 99005
08-25 17:15:09.892   529   563 W BatteryStatsImpl: Got cluster times for an isolated uid with no mapping: 99006
08-25 17:15:09.892   529   563 W BatteryStatsImpl: Got cluster times for an isolated uid with no mapping: 99007
08-25 17:15:09.893   529   563 W BatteryStatsImpl: Got cluster times for an isolated uid with no mapping: 99008
08-25 17:15:09.893   529   563 W BatteryStatsImpl: Got cluster times for an isolated uid with no mapping: 99009
08-25 17:15:09.893   529   563 W BatteryStatsImpl: Got cluster times for an isolated uid with no mapping: 99010
08-25 17:15:09.893   529   563 W BatteryStatsImpl: Got cluster times for an isolated uid with no mapping: 99011
08-25 17:15:09.893   529   563 W BatteryStatsImpl: Got cluster times for an isolated uid with no mapping: 99012
08-25 17:15:09.893   529   563 W BatteryStatsImpl: Got cluster times for an isolated uid with no mapping: 99013
08-25 17:15:09.893   529   563 W BatteryStatsImpl: Got cluster times for an isolated uid with no mapping: 99014
08-25 17:15:09.893   529   563 W BatteryStatsImpl: Got cluster times for an isolated uid with no mapping: 99015
08-25 17:15:09.893   529   563 W BatteryStatsImpl: Got cluster times for an isolated uid with no mapping: 99016
08-25 17:15:09.893   529   563 W BatteryStatsImpl: Got cluster times for an isolated uid with no mapping: 99017
08-25 17:15:09.893   529   563 W BatteryStatsImpl: Got cluster times for an isolated uid with no mapping: 99018
08-25 17:15:09.893   529   563 W BatteryStatsImpl: Got cluster times for an isolated uid with no mapping: 99019
08-25 17:15:09.893   529   563 W BatteryStatsImpl: Got cluster times for an isolated uid with no mapping: 99020
08-25 17:15:09.893   529   563 W BatteryStatsImpl: Got cluster times for an isolated uid with no mapping: 99021
08-25 17:15:09.893   529   563 W BatteryStatsImpl: Got cluster times for an isolated uid with no mapping: 99022
08-25 17:15:09.893   529   563 W BatteryStatsImpl: Got cluster times for an isolated uid with no mapping: 99023
08-25 17:15:11.047   529   548 D AutofillManagerService: Close system dialogs
08-25 17:15:11.048   529   549 I ActivityTaskManager: START u0 {act=android.intent.action.MAIN cat=[android.intent.category.HOME] flg=0x10000100 cmp=com.android.launcher3/.uioverrides.QuickstepLauncher (has extras)} from uid 0
08-25 17:15:11.087   529   548 D AutofillManagerService: Close system dialogs
08-25 17:15:11.207     0     0 W perfetto: enabled ftrace
08-25 17:15:11.343   529  1375 E TaskPersister: File error accessing recents directory (directory doesn't exist?).
08-25 17:15:14.137   529  3105 I ActivityTaskManager: START u0 {act=android.intent.action.MAIN cat=[android.intent.category.LAUNCHER] flg=0x10200000 cmp=com.android.contacts/.activities.PeopleActivity bnds=[1123,445][1393,870]} from uid 10109
08-25 17:15:14.171   529  3192 W ActivityTaskManager: Tried to set launchTime (0) < mLastActivityLaunchTime (19053613)
08-25 17:15:15.069   529   644 D ConnectivityService: releasing NetworkRequest [ TRACK_DEFAULT id=87, [ Capabilities: INTERNET&NOT_RESTRICTED&TRUSTED Uid: 10087 AdministratorUids: [] RequestorUid: 10087 RequestorPackageName: com.google.android.gms] ] (release request)
08-25 17:15:15.073   529  4384 I ActivityManager: Killing 9893:com.google.android.webview:sandboxed_process0:org.chromium.content.app.SandboxedProcessService0:13/u0a87i24 (adj 0): isolated not needed
08-25 17:15:15.208     0     0 I binder  : undelivered transaction 1619209, process died.
08-25 17:15:15.211     0     0 I binder  : undelivered transaction 1619210, process died.
08-25 17:15:15.212     0     0 I binder  : undelivered transaction 1619211, process died.
08-25 17:15:15.111   529   563 D BatteryStatsImpl: Got freq readings for an isolated uid with no mapping: 99000
08-25 17:15:15.111   529   563 D BatteryStatsImpl: Got freq readings for an isolated uid with no mapping: 99001
08-25 17:15:15.111   529   563 D BatteryStatsImpl: Got freq readings for an isolated uid with no mapping: 99002
08-25 17:15:15.111   529   563 D BatteryStatsImpl: Got freq readings for an isolated uid with no mapping: 99003
08-25 17:15:15.111   529   563 D BatteryStatsImpl: Got freq readings for an isolated uid with no mapping: 99004
08-25 17:15:15.111   529   563 D BatteryStatsImpl: Got freq readings for an isolated uid with no mapping: 99005
08-25 17:15:15.111   529   563 D BatteryStatsImpl: Got freq readings for an isolated uid with no mapping: 99006
08-25 17:15:15.111   529   563 D BatteryStatsImpl: Got freq readings for an isolated uid with no mapping: 99007
08-25 17:15:15.111   529   563 D BatteryStatsImpl: Got freq readings for an isolated uid with no mapping: 99008
08-25 17:15:15.111   529   563 D BatteryStatsImpl: Got freq readings for an isolated uid with no mapping: 99009
08-25 17:15:15.111   529   563 D BatteryStatsImpl: Got freq readings for an isolated uid with no mapping: 99010
08-25 17:15:15.111   529   563 D BatteryStatsImpl: Got freq readings for an isolated uid with no mapping: 99011
08-25 17:15:15.111   529   563 D BatteryStatsImpl: Got freq readings for an isolated uid with no mapping: 99012
08-25 17:15:15.111   529   563 D BatteryStatsImpl: Got freq readings for an isolated uid with no mapping: 99013
08-25 17:15:15.111   529   563 D BatteryStatsImpl: Got freq readings for an isolated uid with no mapping: 99014
08-25 17:15:15.111   529   563 D BatteryStatsImpl: Got freq readings for an isolated uid with no mapping: 99015
08-25 17:15:15.111   529   563 D BatteryStatsImpl: Got freq readings for an isolated uid with no mapping: 99016
08-25 17:15:15.111   529   563 D BatteryStatsImpl: Got freq readings for an isolated uid with no mapping: 99017
08-25 17:15:15.111   529   563 D BatteryStatsImpl: Got freq readings for an isolated uid with no mapping: 99018
08-25 17:15:15.111   529   563 D BatteryStatsImpl: Got freq readings for an isolated uid with no mapping: 99019
08-25 17:15:15.111   529   563 D BatteryStatsImpl: Got freq readings for an isolated uid with no mapping: 99020
08-25 17:15:15.111   529   563 D BatteryStatsImpl: Got freq readings for an isolated uid with no mapping: 99021
08-25 17:15:15.111   529   563 D BatteryStatsImpl: Got freq readings for an isolated uid with no mapping: 99022
08-25 17:15:15.111   529   563 D BatteryStatsImpl: Got freq readings for an isolated uid with no mapping: 99023
08-25 17:15:15.112   529   563 W BatteryStatsImpl: Got active times for an isolated uid with no mapping: 99000
08-25 17:15:15.112   529   563 W BatteryStatsImpl: Got active times for an isolated uid with no mapping: 99001
08-25 17:15:15.112   529   563 W BatteryStatsImpl: Got active times for an isolated uid with no mapping: 99002
08-25 17:15:15.112   529   563 W BatteryStatsImpl: Got active times for an isolated uid with no mapping: 99003
08-25 17:15:15.112   529   563 W BatteryStatsImpl: Got active times for an isolated uid with no mapping: 99004
08-25 17:15:15.112   529   563 W BatteryStatsImpl: Got active times for an isolated uid with no mapping: 99005
08-25 17:15:15.112   529   563 W BatteryStatsImpl: Got active times for an isolated uid with no mapping: 99006
08-25 17:15:15.112   529   563 W BatteryStatsImpl: Got active times for an isolated uid with no mapping: 99007
08-25 17:15:15.112   529   563 W BatteryStatsImpl: Got active times for an isolated uid with no mapping: 99008
08-25 17:15:15.112   529   563 W BatteryStatsImpl: Got active times for an isolated uid with no mapping: 99009
08-25 17:15:15.112   529   563 W BatteryStatsImpl: Got active times for an isolated uid with no mapping: 99010
08-25 17:15:15.112   529   563 W BatteryStatsImpl: Got active times for an isolated uid with no mapping: 99011
08-25 17:15:15.112   529   563 W BatteryStatsImpl: Got active times for an isolated uid with no mapping: 99012
08-25 17:15:15.113   529   563 W BatteryStatsImpl: Got active times for an isolated uid with no mapping: 99013
08-25 17:15:15.113   529   563 W BatteryStatsImpl: Got active times for an isolated uid with no mapping: 99014
08-25 17:15:15.113   529   563 W BatteryStatsImpl: Got active times for an isolated uid with no mapping: 99015
08-25 17:15:15.113   529   563 W BatteryStatsImpl: Got active times for an isolated uid with no mapping: 99016
08-25 17:15:15.113   529   563 W BatteryStatsImpl: Got active times for an isolated uid with no mapping: 99017
08-25 17:15:15.113   529   563 W BatteryStatsImpl: Got active times for an isolated uid with no mapping: 99018
08-25 17:15:15.113   529   563 W BatteryStatsImpl: Got active times for an isolated uid with no mapping: 99019
08-25 17:15:15.113   529   563 W BatteryStatsImpl: Got active times for an isolated uid with no mapping: 99020
08-25 17:15:15.113   529   563 W BatteryStatsImpl: Got active times for an isolated uid with no mapping: 99021
08-25 17:15:15.113   529   563 W BatteryStatsImpl: Got active times for an isolated uid with no mapping: 99022
08-25 17:15:15.113   529   563 W BatteryStatsImpl: Got active times for an isolated uid with no mapping: 99023
08-25 17:15:15.114   529   563 W BatteryStatsImpl: Got cluster times for an isolated uid with no mapping: 99000
08-25 17:15:15.114   529   563 W BatteryStatsImpl: Got cluster times for an isolated uid with no mapping: 99001
08-25 17:15:15.114   529   563 W BatteryStatsImpl: Got cluster times for an isolated uid with no mapping: 99002
08-25 17:15:15.114   529   563 W BatteryStatsImpl: Got cluster times for an isolated uid with no mapping: 99003
08-25 17:15:15.114   529   563 W BatteryStatsImpl: Got cluster times for an isolated uid with no mapping: 99004
08-25 17:15:15.114   529   563 W BatteryStatsImpl: Got cluster times for an isolated uid with no mapping: 99005
08-25 17:15:15.114   529   563 W BatteryStatsImpl: Got cluster times for an isolated uid with no mapping: 99006
08-25 17:15:15.114   529   563 W BatteryStatsImpl: Got cluster times for an isolated uid with no mapping: 99007
08-25 17:15:15.114   529   563 W BatteryStatsImpl: Got cluster times for an isolated uid with no mapping: 99008
08-25 17:15:15.114   529   563 W BatteryStatsImpl: Got cluster times for an isolated uid with no mapping: 99009
08-25 17:15:15.114   529   563 W BatteryStatsImpl: Got cluster times for an isolated uid with no mapping: 99010
08-25 17:15:15.114   529   563 W BatteryStatsImpl: Got cluster times for an isolated uid with no mapping: 99011
08-25 17:15:15.114   529   563 W BatteryStatsImpl: Got cluster times for an isolated uid with no mapping: 99012
08-25 17:15:15.114   529   563 W BatteryStatsImpl: Got cluster times for an isolated uid with no mapping: 99013
08-25 17:15:15.114   529   563 W BatteryStatsImpl: Got cluster times for an isolated uid with no mapping: 99014
08-25 17:15:15.114   529   563 W BatteryStatsImpl: Got cluster times for an isolated uid with no mapping: 99015
08-25 17:15:15.114   529   563 W BatteryStatsImpl: Got cluster times for an isolated uid with no mapping: 99016
08-25 17:15:15.114   529   563 W BatteryStatsImpl: Got cluster times for an isolated uid with no mapping: 99017
08-25 17:15:15.114   529   563 W BatteryStatsImpl: Got cluster times for an isolated uid with no mapping: 99018
08-25 17:15:15.114   529   563 W BatteryStatsImpl: Got cluster times for an isolated uid with no mapping: 99019
08-25 17:15:15.114   529   563 W BatteryStatsImpl: Got cluster times for an isolated uid with no mapping: 99020
08-25 17:15:15.114   529   563 W BatteryStatsImpl: Got cluster times for an isolated uid with no mapping: 99021
08-25 17:15:15.114   529   563 W BatteryStatsImpl: Got cluster times for an isolated uid with no mapping: 99022
08-25 17:15:15.114   529   563 W BatteryStatsImpl: Got cluster times for an isolated uid with no mapping: 99023
08-25 17:15:16.516   529  1539 I ActivityTaskManager: START u0 {act=android.intent.action.INSERT dat=content://com.android.contacts/contacts pkg=com.android.contacts cmp=com.android.contacts/.activities.ContactEditorActivity} from uid 10086
08-25 17:15:16.539   529  1080 W ActivityTaskManager: Tried to set launchTime (0) < mLastActivityLaunchTime (19100144)
08-25 17:15:16.986   529   529 D AutofillInlineSuggestionsRequestSession: onCreateInlineSuggestionsRequestLocked called: 1073741826@282528081
08-25 17:15:16.986   529   529 D AutofillInlineSuggestionsRequestSession: onInlineSuggestionsUnsupported() called.
08-25 17:15:17.032   529   529 D AutofillInlineSuggestionsRequestSession: onInlineSuggestionsResponseLocked called for:1073741826@282528081
08-25 17:15:17.033   529   549 D AutofillUI: destroySaveUiUiThread(): already destroyed
08-25 17:15:17.738   529  1375 E TaskPersister: File error accessing recents directory (directory doesn't exist?).
08-25 17:15:19.270     0     0 W perfetto: disabled ftrace
08-25 17:15:19.799   529  1498 W ActivityManager: Unable to start service Intent { act=com.google.android.gms.auth.key.retrieval.service.START pkg=com.google.android.gms } U=0: not found
08-25 17:15:19.805   529  1498 W ActivityManager: Unbind failed: could not find connection for android.os.BinderProxy@5960540
08-25 17:15:22.662   529  4384 I ActivityTaskManager: START u0 {cmp=com.android.contacts/.preference.ContactsPreferenceActivity (has extras)} from uid 10086
08-25 17:15:22.809     0     0 W perfetto: enabled ftrace
08-25 17:15:22.700   529  4384 W ActivityTaskManager: Tried to set launchTime (0) < mLastActivityLaunchTime (19102511)
08-25 17:15:23.535   529  1375 E TaskPersister: File error accessing recents directory (directory doesn't exist?).
08-25 17:15:26.348   529  1539 I ActivityTaskManager: START u0 {act=android.settings.SYNC_SETTINGS flg=0x80000 cmp=com.android.settings/.Settings$AccountDashboardActivity (has extras)} from uid 10086
08-25 17:15:26.364   529  1539 W ActivityTaskManager: Tried to set launchTime (0) < mLastActivityLaunchTime (18907160)
08-25 17:15:27.791     0     0 W perfetto: disabled ftrace
08-25 17:15:28.040   529  1080 I ActivityTaskManager: START u0 {act=android.settings.ADD_ACCOUNT_SETTINGS cmp=com.android.settings/.accounts.AddAccountSettings (has extras)} from uid 1000
08-25 17:15:28.049   529  1168 W ActivityTaskManager: Tried to set launchTime (0) < mLastActivityLaunchTime (19112337)
08-25 17:15:28.074   529  1539 I ActivityTaskManager: START u0 {cmp=com.android.settings/.Settings$ChooseAccountActivity (has extras)} from uid 1000
08-25 17:15:28.317   529  1080 W ActivityTaskManager: Tried to set launchTime (0) < mLastActivityLaunchTime (19114022)
08-25 17:15:28.436   430   674 W iorapd  : Rejecting transition from kIntentFailed to kActivityLaunchCancelled
08-25 17:15:29.410   529  1539 I ActivityTaskManager: START u0 {act=android.settings.ADD_ACCOUNT_SETTINGS cmp=com.android.settings/.accounts.AddAccountSettings (has extras)} from uid 1000
08-25 17:15:29.445   529  1539 W ActivityTaskManager: Tried to set launchTime (0) < mLastActivityLaunchTime (19114291)
08-25 17:15:29.467   529  1539 I ActivityTaskManager: START u0 {cmp=com.android.settings/.Settings$ChooseAccountActivity (has extras)} from uid 1000
08-25 17:15:29.711   529  1539 W ActivityTaskManager: Tried to set launchTime (0) < mLastActivityLaunchTime (19115420)
08-25 17:15:29.812   430   674 W iorapd  : Rejecting transition from kIntentFailed to kActivityLaunchCancelled
08-25 17:15:31.001   529  1375 E TaskPersister: File error accessing recents directory (directory doesn't exist?).
08-25 17:15:33.518   529  1539 I ActivityTaskManager: START u0 {act=android.settings.ADD_ACCOUNT_SETTINGS cmp=com.android.settings/.accounts.AddAccountSettings (has extras)} from uid 1000
08-25 17:15:33.554   529  1539 W ActivityTaskManager: Tried to set launchTime (0) < mLastActivityLaunchTime (19115684)
08-25 17:15:33.573   529  4384 I ActivityTaskManager: START u0 {cmp=com.android.settings/.Settings$ChooseAccountActivity (has extras)} from uid 1000
08-25 17:15:33.842   529  1168 W ActivityTaskManager: Tried to set launchTime (0) < mLastActivityLaunchTime (19119528)
08-25 17:15:33.932   430   674 W iorapd  : Rejecting transition from kIntentFailed to kActivityLaunchCancelled
08-25 17:15:37.049   529  1375 E TaskPersister: File error accessing recents directory (directory doesn't exist?).
08-25 17:15:38.988   529  1345 W ActivityManager: Unable to start service Intent { act=com.google.android.gms.auth.key.retrieval.service.START pkg=com.google.android.gms } U=0: not found
08-25 17:15:38.989   529   711 W ActivityManager: Unbind failed: could not find connection for android.os.BinderProxy@34549c7
08-25 17:17:05.097     0     0 W healthd : battery l=100 v=5000 t=25.0 h=2 st=4 c=900000 fc=300000 cc=10 chg=
08-25 17:17:05.228   529  1168 I ActivityTaskManager: START u0 {act=android.settings.ADD_ACCOUNT_SETTINGS cmp=com.android.settings/.accounts.AddAccountSettings (has extras)} from uid 1000
08-25 17:17:05.277   529  1168 W ActivityTaskManager: Tried to set launchTime (0) < mLastActivityLaunchTime (19119815)
08-25 17:17:05.297   529   711 I ActivityTaskManager: START u0 {cmp=com.android.settings/.Settings$ChooseAccountActivity (has extras)} from uid 1000
08-25 17:17:05.559   529   711 W ActivityTaskManager: Tried to set launchTime (0) < mLastActivityLaunchTime (19211251)
08-25 17:17:05.667   430   674 W iorapd  : Rejecting transition from kIntentFailed to kActivityLaunchCancelled
08-25 17:17:08.803   529  1375 E TaskPersister: File error accessing recents directory (directory doesn't exist?).
08-25 17:17:18.398   529   556 I UsageStatsService: User[0] Flushing usage stats to disk
08-25 17:17:30.360   529   563 D KernelCpuUidUserSysTimeReader: Removing uids 99025-99025
08-25 17:17:39.670     0     0 D logd    : logdr: UID=2000 GID=2000 PID=10287 b tail=0 logMask=99 pid=0 start=0ns timeout=0ns
08-25 17:17:43.090   529  5453 I ActivityTaskManager: START u0 {act=android.settings.ADD_ACCOUNT_SETTINGS cmp=com.android.settings/.accounts.AddAccountSettings (has extras)} from uid 1000
08-25 17:17:43.114   529  1539 W ActivityTaskManager: Tried to set launchTime (0) < mLastActivityLaunchTime (19211532)
08-25 17:17:43.155   529  1345 I ActivityTaskManager: START u0 {cmp=com.android.settings/.Settings$ChooseAccountActivity (has extras)} from uid 1000
08-25 17:17:43.423   529  5453 W ActivityTaskManager: Tried to set launchTime (0) < mLastActivityLaunchTime (19249090)
08-25 17:17:43.555   430   674 W iorapd  : Rejecting transition from kIntentFailed to kActivityLaunchCancelled
08-25 17:17:46.606   529  1375 E TaskPersister: File error accessing recents directory (directory doesn't exist?).
08-25 17:18:16.017     0     0 D logd    : logdr: UID=2000 GID=2000 PID=10306 n tail=0 logMask=99 pid=0 start=0ns timeout=0ns
08-25 17:20:03.115   529   711 W ActivityManager: Unable to start service Intent { act=com.google.android.gms.auth.key.retrieval.service.START pkg=com.google.android.gms } U=0: not found
08-25 17:20:03.116   529   711 W ActivityManager: Unbind failed: could not find connection for android.os.BinderProxy@9cf5715
08-25 17:20:11.283   529   711 W ActivityManager: Unable to start service Intent { act=com.android.vending.contentfilters.IContentFiltersService.BIND pkg=com.android.vending } U=0: not found
08-25 17:20:19.218     0     0 W healthd : battery l=100 v=5000 t=25.0 h=2 st=4 c=900000 fc=300000 cc=10 chg=
08-25 17:22:19.221     0     0 W healthd : battery l=100 v=5000 t=25.0 h=2 st=4 c=900000 fc=300000 cc=10 chg=
08-25 17:23:19.225     0     0 W healthd : battery l=100 v=5000 t=25.0 h=2 st=4 c=900000 fc=300000 cc=10 chg=
08-25 17:24:02.242   529  1498 W ActivityManager: Unable to start service Intent { act=com.google.android.gms.auth.key.retrieval.service.START pkg=com.google.android.gms } U=0: not found
08-25 17:24:02.243   529   711 W ActivityManager: Unbind failed: could not find connection for android.os.BinderProxy@22c44c9
08-25 17:25:23.804   529   563 D KernelCpuUidUserSysTimeReader: Removing uids 99024-99024
08-25 17:26:54.283   529   563 D BatteryStatsImpl: Got freq readings for an isolated uid with no mapping: 99000
08-25 17:26:54.283   529   563 D BatteryStatsImpl: Got freq readings for an isolated uid with no mapping: 99001
08-25 17:26:54.283   529   563 D BatteryStatsImpl: Got freq readings for an isolated uid with no mapping: 99002
08-25 17:26:54.283   529   563 D BatteryStatsImpl: Got freq readings for an isolated uid with no mapping: 99003
08-25 17:26:54.283   529   563 D BatteryStatsImpl: Got freq readings for an isolated uid with no mapping: 99004
08-25 17:26:54.283   529   563 D BatteryStatsImpl: Got freq readings for an isolated uid with no mapping: 99005
08-25 17:26:54.283   529   563 D BatteryStatsImpl: Got freq readings for an isolated uid with no mapping: 99006
08-25 17:26:54.283   529   563 D BatteryStatsImpl: Got freq readings for an isolated uid with no mapping: 99007
08-25 17:26:54.283   529   563 D BatteryStatsImpl: Got freq readings for an isolated uid with no mapping: 99008
08-25 17:26:54.283   529   563 D BatteryStatsImpl: Got freq readings for an isolated uid with no mapping: 99009
08-25 17:26:54.283   529   563 D BatteryStatsImpl: Got freq readings for an isolated uid with no mapping: 99010
08-25 17:26:54.283   529   563 D BatteryStatsImpl: Got freq readings for an isolated uid with no mapping: 99011
08-25 17:26:54.283   529   563 D BatteryStatsImpl: Got freq readings for an isolated uid with no mapping: 99012
08-25 17:26:54.283   529   563 D BatteryStatsImpl: Got freq readings for an isolated uid with no mapping: 99013
08-25 17:26:54.283   529   563 D BatteryStatsImpl: Got freq readings for an isolated uid with no mapping: 99014
08-25 17:26:54.283   529   563 D BatteryStatsImpl: Got freq readings for an isolated uid with no mapping: 99015
08-25 17:26:54.283   529   563 D BatteryStatsImpl: Got freq readings for an isolated uid with no mapping: 99016
08-25 17:26:54.283   529   563 D BatteryStatsImpl: Got freq readings for an isolated uid with no mapping: 99017
08-25 17:26:54.283   529   563 D BatteryStatsImpl: Got freq readings for an isolated uid with no mapping: 99018
08-25 17:26:54.283   529   563 D BatteryStatsImpl: Got freq readings for an isolated uid with no mapping: 99019
08-25 17:26:54.283   529   563 D BatteryStatsImpl: Got freq readings for an isolated uid with no mapping: 99020
08-25 17:26:54.283   529   563 D BatteryStatsImpl: Got freq readings for an isolated uid with no mapping: 99021
08-25 17:26:54.283   529   563 D BatteryStatsImpl: Got freq readings for an isolated uid with no mapping: 99022
08-25 17:26:54.283   529   563 D BatteryStatsImpl: Got freq readings for an isolated uid with no mapping: 99023
08-25 17:26:54.283   529   563 D BatteryStatsImpl: Got freq readings for an isolated uid with no mapping: 99024
08-25 17:26:54.283   529   563 D BatteryStatsImpl: Got freq readings for an isolated uid with no mapping: 99025
08-25 17:26:54.284   529   563 W BatteryStatsImpl: Got active times for an isolated uid with no mapping: 99000
08-25 17:26:54.284   529   563 W BatteryStatsImpl: Got active times for an isolated uid with no mapping: 99001
08-25 17:26:54.284   529   563 W BatteryStatsImpl: Got active times for an isolated uid with no mapping: 99002
08-25 17:26:54.284   529   563 W BatteryStatsImpl: Got active times for an isolated uid with no mapping: 99003
08-25 17:26:54.284   529   563 W BatteryStatsImpl: Got active times for an isolated uid with no mapping: 99004
08-25 17:26:54.284   529   563 W BatteryStatsImpl: Got active times for an isolated uid with no mapping: 99005
08-25 17:26:54.284   529   563 W BatteryStatsImpl: Got active times for an isolated uid with no mapping: 99006
08-25 17:26:54.284   529   563 W BatteryStatsImpl: Got active times for an isolated uid with no mapping: 99007
08-25 17:26:54.284   529   563 W BatteryStatsImpl: Got active times for an isolated uid with no mapping: 99008
08-25 17:26:54.284   529   563 W BatteryStatsImpl: Got active times for an isolated uid with no mapping: 99009
08-25 17:26:54.284   529   563 W BatteryStatsImpl: Got active times for an isolated uid with no mapping: 99010
08-25 17:26:54.284   529   563 W BatteryStatsImpl: Got active times for an isolated uid with no mapping: 99011
08-25 17:26:54.284   529   563 W BatteryStatsImpl: Got active times for an isolated uid with no mapping: 99012
08-25 17:26:54.284   529   563 W BatteryStatsImpl: Got active times for an isolated uid with no mapping: 99013
08-25 17:26:54.284   529   563 W BatteryStatsImpl: Got active times for an isolated uid with no mapping: 99014
08-25 17:26:54.284   529   563 W BatteryStatsImpl: Got active times for an isolated uid with no mapping: 99015
08-25 17:26:54.285   529   563 W BatteryStatsImpl: Got active times for an isolated uid with no mapping: 99016
08-25 17:26:54.285   529   563 W BatteryStatsImpl: Got active times for an isolated uid with no mapping: 99017
08-25 17:26:54.285   529   563 W BatteryStatsImpl: Got active times for an isolated uid with no mapping: 99018
08-25 17:26:54.285   529   563 W BatteryStatsImpl: Got active times for an isolated uid with no mapping: 99019
08-25 17:26:54.285   529   563 W BatteryStatsImpl: Got active times for an isolated uid with no mapping: 99020
08-25 17:26:54.285   529   563 W BatteryStatsImpl: Got active times for an isolated uid with no mapping: 99021
08-25 17:26:54.285   529   563 W BatteryStatsImpl: Got active times for an isolated uid with no mapping: 99022
08-25 17:26:54.285   529   563 W BatteryStatsImpl: Got active times for an isolated uid with no mapping: 99023
08-25 17:26:54.285   529   563 W BatteryStatsImpl: Got active times for an isolated uid with no mapping: 99024
08-25 17:26:54.285   529   563 W BatteryStatsImpl: Got active times for an isolated uid with no mapping: 99025
08-25 17:26:54.285   529   563 W BatteryStatsImpl: Got cluster times for an isolated uid with no mapping: 99000
08-25 17:26:54.285   529   563 W BatteryStatsImpl: Got cluster times for an isolated uid with no mapping: 99001
08-25 17:26:54.285   529   563 W BatteryStatsImpl: Got cluster times for an isolated uid with no mapping: 99002
08-25 17:26:54.285   529   563 W BatteryStatsImpl: Got cluster times for an isolated uid with no mapping: 99003
08-25 17:26:54.286   529   563 W BatteryStatsImpl: Got cluster times for an isolated uid with no mapping: 99004
08-25 17:26:54.286   529   563 W BatteryStatsImpl: Got cluster times for an isolated uid with no mapping: 99005
08-25 17:26:54.286   529   563 W BatteryStatsImpl: Got cluster times for an isolated uid with no mapping: 99006
08-25 17:26:54.286   529   563 W BatteryStatsImpl: Got cluster times for an isolated uid with no mapping: 99007
08-25 17:26:54.286   529   563 W BatteryStatsImpl: Got cluster times for an isolated uid with no mapping: 99008
08-25 17:26:54.286   529   563 W BatteryStatsImpl: Got cluster times for an isolated uid with no mapping: 99009
08-25 17:26:54.286   529   563 W BatteryStatsImpl: Got cluster times for an isolated uid with no mapping: 99010
08-25 17:26:54.286   529   563 W BatteryStatsImpl: Got cluster times for an isolated uid with no mapping: 99011
08-25 17:26:54.286   529   563 W BatteryStatsImpl: Got cluster times for an isolated uid with no mapping: 99012
08-25 17:26:54.286   529   563 W BatteryStatsImpl: Got cluster times for an isolated uid with no mapping: 99013
08-25 17:26:54.286   529   563 W BatteryStatsImpl: Got cluster times for an isolated uid with no mapping: 99014
08-25 17:26:54.286   529   563 W BatteryStatsImpl: Got cluster times for an isolated uid with no mapping: 99015
08-25 17:26:54.286   529   563 W BatteryStatsImpl: Got cluster times for an isolated uid with no mapping: 99016
08-25 17:26:54.286   529   563 W BatteryStatsImpl: Got cluster times for an isolated uid with no mapping: 99017
08-25 17:26:54.286   529   563 W BatteryStatsImpl: Got cluster times for an isolated uid with no mapping: 99018
08-25 17:26:54.286   529   563 W BatteryStatsImpl: Got cluster times for an isolated uid with no mapping: 99019
08-25 17:26:54.286   529   563 W BatteryStatsImpl: Got cluster times for an isolated uid with no mapping: 99020
08-25 17:26:54.286   529   563 W BatteryStatsImpl: Got cluster times for an isolated uid with no mapping: 99021
08-25 17:26:54.286   529   563 W BatteryStatsImpl: Got cluster times for an isolated uid with no mapping: 99022
08-25 17:26:54.286   529   563 W BatteryStatsImpl: Got cluster times for an isolated uid with no mapping: 99023
08-25 17:26:54.286   529   563 W BatteryStatsImpl: Got cluster times for an isolated uid with no mapping: 99024
08-25 17:26:54.287   529   563 W BatteryStatsImpl: Got cluster times for an isolated uid with no mapping: 99025
08-25 17:27:05.086     0     0 W healthd : battery l=100 v=5000 t=25.0 h=2 st=4 c=900000 fc=300000 cc=10 chg=
08-25 17:28:08.562   529   630 W ActivityManager: Unable to start service Intent { act=com.google.android.gms.auth.key.retrieval.service.START pkg=com.google.android.gms } U=0: not found
08-25 17:28:08.565   529   630 W ActivityManager: Unbind failed: could not find connection for android.os.BinderProxy@6098cf7
08-25 17:31:16.311     0     0 D logd    : logdr: UID=10087 GID=10087 PID=5646 n tail=0 logMask=4 pid=0 start=0ns timeout=0ns
08-25 17:31:16.249   529   630 I DropBoxManagerService: add tag=event_data isTagEnabled=true flags=0x2
08-25 17:31:16.255   529   557 W BroadcastQueue: Background execution not allowed: receiving Intent { act=android.intent.action.DROPBOX_ENTRY_ADDED flg=0x10 (has extras) } to com.google.android.gms/.stats.service.DropBoxEntryAddedReceiver
08-25 17:31:16.255   529   557 W BroadcastQueue: Background execution not allowed: receiving Intent { act=android.intent.action.DROPBOX_ENTRY_ADDED flg=0x10 (has extras) } to com.google.android.gms/.chimera.GmsIntentOperationService$PersistentTrustedReceiver
08-25 17:31:24.522   529  4381 W ActivityManager: Unable to start service Intent { act=com.google.android.gms.auth.key.retrieval.service.START pkg=com.google.android.gms } U=0: not found
08-25 17:31:24.522   529  4381 W ActivityManager: Unbind failed: could not find connection for android.os.BinderProxy@d86e68
08-25 17:34:47.436   529  1168 W ActivityManager: Unable to start service Intent { act=com.google.android.gms.auth.key.retrieval.service.START pkg=com.google.android.gms } U=0: not found
08-25 17:34:47.437   529  1498 W ActivityManager: Unbind failed: could not find connection for android.os.BinderProxy@ab2540c
08-25 17:37:05.085     0     0 W healthd : battery l=100 v=5000 t=25.0 h=2 st=4 c=900000 fc=300000 cc=10 chg=
08-25 17:37:18.460   529   556 I UsageStatsService: User[0] Flushing usage stats to disk
08-25 17:38:19.242     0     0 W healthd : battery l=100 v=5000 t=25.0 h=2 st=4 c=900000 fc=300000 cc=10 chg=
08-25 17:45:19.254     0     0 W healthd : battery l=100 v=5000 t=25.0 h=2 st=4 c=900000 fc=300000 cc=10 chg=
08-25 17:47:05.087     0     0 W healthd : battery l=100 v=5000 t=25.0 h=2 st=4 c=900000 fc=300000 cc=10 chg=
08-25 17:47:23.588   529  1375 E TaskPersister: File error accessing recents directory (directory doesn't exist?).
08-25 17:50:19.263     0     0 W healthd : battery l=100 v=5000 t=25.0 h=2 st=4 c=900000 fc=300000 cc=10 chg=
08-25 17:54:19.269     0     0 W healthd : battery l=100 v=5000 t=25.0 h=2 st=4 c=900000 fc=300000 cc=10 chg=
08-25 17:55:19.273     0     0 W healthd : battery l=100 v=5000 t=25.0 h=2 st=4 c=900000 fc=300000 cc=10 chg=
08-25 17:56:54.357   529   563 D BatteryStatsImpl: Got freq readings for an isolated uid with no mapping: 99000
08-25 17:56:54.357   529   563 D BatteryStatsImpl: Got freq readings for an isolated uid with no mapping: 99001
