08-28 21:27:28.212   842 19881 D NetworkMonitor/100: PROBE_HTTPS https://www.google.com/generate_204 Probe failed with exception java.net.UnknownHostException: Unable to resolve host "www.google.com": No address associated with hostname
08-28 21:27:28.215   842 19880 D NetworkMonitor/100: PROBE_FALLBACK http://www.google.com/gen_204 Probe failed with exception java.net.UnknownHostException: Unable to resolve host "www.google.com": No address associated with hostname
08-28 21:27:28.220   529   557 W BroadcastQueue: Background execution not allowed: receiving Intent { act=android.net.conn.NETWORK_CONDITIONS_MEASURED flg=0x10 (has extras) } to com.google.android.gms/.chimera.GmsIntentOperationService$PersistentTrustedReceiver
08-28 21:27:28.221   529   557 I ActivityManager: Killing 12230:com.android.keychain/1000 (adj 995): empty for 22698s
08-28 21:27:28.222   842 19880 D NetworkMonitor/100: isCaptivePortal: isSuccessful()=false isPortal()=false RedirectUrl=null isPartialConnectivity()=false Time=30ms
08-28 21:27:28.224   529   644 D ConnectivityService: [100 WIFI] validation failed
08-28 21:27:28.243   286   286 I Zygote  : Process 12230 exited due to signal 9 (Killed)
08-28 21:27:28.266   529   559 I libprocessgroup: Successfully killed process cgroup uid 1000 pid 12230 in 44ms
08-28 21:27:28.356   842   842 E DnsResolver: resNetworkResult:android.system.ErrnoException: resNetworkResult failed: ECONNREFUSED (Connection refused)
08-28 21:27:28.356   842   842 I chatty  : uid=1073(network_stack) com.android.networkstack.process identical 1 line
08-28 21:27:28.361   842   842 E DnsResolver: resNetworkResult:android.system.ErrnoException: resNetworkResult failed: ECONNREFUSED (Connection refused)
08-28 21:27:28.362   842 19891 D NetworkMonitor/103: PROBE_DNS www.google.com 11ms FAIL in type ADDRCONFIG android.net.DnsResolver$DnsException: android.system.ErrnoException: resNetworkResult failed: ECONNREFUSED (Connection refused)
08-28 21:27:28.366   842   842 E DnsResolver: resNetworkResult:android.system.ErrnoException: resNetworkResult failed: ECONNREFUSED (Connection refused)
08-28 21:27:28.367   842 19892 D NetworkMonitor/103: PROBE_DNS connectivitycheck.gstatic.com 16ms FAIL in type ADDRCONFIG android.net.DnsResolver$DnsException: android.system.ErrnoException: resNetworkResult failed: ECONNREFUSED (Connection refused)
08-28 21:27:28.379   842 19891 D NetworkMonitor/103: PROBE_HTTPS https://www.google.com/generate_204 Probe failed with exception java.net.UnknownHostException: Unable to resolve host "www.google.com": No address associated with hostname
08-28 21:27:28.385   842 19892 D NetworkMonitor/103: PROBE_HTTP http://connectivitycheck.gstatic.com/generate_204 Probe failed with exception java.net.UnknownHostException: Unable to resolve host "connectivitycheck.gstatic.com": No address associated with hostname
08-28 21:27:28.394   842 19890 D NetworkMonitor/103: PROBE_FALLBACK http://play.googleapis.com/generate_204 Probe failed with exception java.net.UnknownHostException: Unable to resolve host "play.googleapis.com": No address associated with hostname
08-28 21:27:28.400   529   557 W BroadcastQueue: Background execution not allowed: receiving Intent { act=android.net.conn.NETWORK_CONDITIONS_MEASURED flg=0x10 (has extras) } to com.google.android.gms/.chimera.GmsIntentOperationService$PersistentTrustedReceiver
08-28 21:27:28.403   842 19890 D NetworkMonitor/103: isCaptivePortal: isSuccessful()=false isPortal()=false RedirectUrl=null isPartialConnectivity()=false Time=46ms
08-28 21:27:28.406   529   644 D ConnectivityService: [103 CELLULAR] validation failed
08-28 21:27:29.869   493   493 E netmgr  : qemu_pipe_open_ns:62: Could not connect to the 'pipe:qemud:network' service: Invalid argument
08-28 21:27:29.870   493   493 E netmgr  : Failed to open QEMU pipe 'qemud:network': Invalid argument
08-28 21:27:32.652   499   499 E wifi_forwarder: qemu_pipe_open_ns:62: Could not connect to the 'pipe:qemud:wififorward' service: Invalid argument
08-28 21:27:32.652   499   499 E wifi_forwarder: RemoteConnection failed to initialize: RemoteConnection failed to open pipe
08-28 21:27:35.878  1196 19901 E WakeLock: GCM_HB_ALARM release without a matched acquire!
08-28 21:27:35.878  1196 19901 W WakeLock: GCM_HB_ALARM counter does not exist
08-28 21:27:35.881  1196 19903 E WakeLock: GCM_HB_ALARM release without a matched acquire!
08-28 21:27:35.881  1196 19903 W WakeLock: GCM_HB_ALARM counter does not exist
08-28 21:27:43.247   529   644 D ConnectivityService: handleLingerComplete for [103 CELLULAR]
08-28 21:27:44.231   842   842 E DnsResolver: resNetworkResult:android.system.ErrnoException: resNetworkResult failed: ECONNREFUSED (Connection refused)
08-28 21:27:44.231   842   842 I chatty  : uid=1073(network_stack) com.android.networkstack.process identical 1 line
08-28 21:27:44.234   842   842 E DnsResolver: resNetworkResult:android.system.ErrnoException: resNetworkResult failed: ECONNREFUSED (Connection refused)
08-28 21:27:44.235   842 19905 D NetworkMonitor/100: PROBE_DNS www.google.com 9ms FAIL in type ADDRCONFIG android.net.DnsResolver$DnsException: android.system.ErrnoException: resNetworkResult failed: ECONNREFUSED (Connection refused)
08-28 21:27:44.235   842   842 E DnsResolver: resNetworkResult:android.system.ErrnoException: resNetworkResult failed: ECONNREFUSED (Connection refused)
08-28 21:27:44.236   842 19906 D NetworkMonitor/100: PROBE_DNS connectivitycheck.gstatic.com 10ms FAIL in type ADDRCONFIG android.net.DnsResolver$DnsException: android.system.ErrnoException: resNetworkResult failed: ECONNREFUSED (Connection refused)
08-28 21:27:44.244   842 19905 D NetworkMonitor/100: PROBE_HTTPS https://www.google.com/generate_204 Probe failed with exception java.net.UnknownHostException: Unable to resolve host "www.google.com": No address associated with hostname
08-28 21:27:44.244   842 19906 D NetworkMonitor/100: PROBE_HTTP http://connectivitycheck.gstatic.com/generate_204 Probe failed with exception java.net.UnknownHostException: Unable to resolve host "connectivitycheck.gstatic.com": No address associated with hostname
08-28 21:27:44.247   842 19904 D NetworkMonitor/100: PROBE_FALLBACK http://www.google.com/gen_204 Probe failed with exception java.net.UnknownHostException: Unable to resolve host "www.google.com": No address associated with hostname
08-28 21:27:44.248   842 19904 D NetworkMonitor/100: isCaptivePortal: isSuccessful()=false isPortal()=false RedirectUrl=null isPartialConnectivity()=false Time=22ms
08-28 21:27:44.248   529   557 W BroadcastQueue: Background execution not allowed: receiving Intent { act=android.net.conn.NETWORK_CONDITIONS_MEASURED flg=0x10 (has extras) } to com.google.android.gms/.chimera.GmsIntentOperationService$PersistentTrustedReceiver
08-28 21:27:44.251   529   644 D ConnectivityService: [100 WIFI] validation failed
08-28 21:27:44.414   842   842 E DnsResolver: resNetworkResult:android.system.ErrnoException: resNetworkResult failed: ECONNREFUSED (Connection refused)
08-28 21:27:44.417   842   842 I chatty  : uid=1073(network_stack) com.android.networkstack.process identical 1 line
08-28 21:27:44.418   842   842 E DnsResolver: resNetworkResult:android.system.ErrnoException: resNetworkResult failed: ECONNREFUSED (Connection refused)
08-28 21:27:44.418   842 19915 D NetworkMonitor/103: PROBE_DNS www.google.com 9ms FAIL in type ADDRCONFIG android.net.DnsResolver$DnsException: android.system.ErrnoException: resNetworkResult failed: ECONNREFUSED (Connection refused)
08-28 21:27:44.422   842   842 E DnsResolver: resNetworkResult:android.system.ErrnoException: resNetworkResult failed: ECONNREFUSED (Connection refused)
08-28 21:27:44.423   842 19916 D NetworkMonitor/103: PROBE_DNS connectivitycheck.gstatic.com 14ms FAIL in type ADDRCONFIG android.net.DnsResolver$DnsException: android.system.ErrnoException: resNetworkResult failed: ECONNREFUSED (Connection refused)
08-28 21:27:44.426   842 19915 D NetworkMonitor/103: PROBE_HTTPS https://www.google.com/generate_204 Probe failed with exception java.net.UnknownHostException: Unable to resolve host "www.google.com": No address associated with hostname
08-28 21:27:44.431   842 19916 D NetworkMonitor/103: PROBE_HTTP http://connectivitycheck.gstatic.com/generate_204 Probe failed with exception java.net.UnknownHostException: Unable to resolve host "connectivitycheck.gstatic.com": No address associated with hostname
08-28 21:27:44.433   842 19914 D NetworkMonitor/103: PROBE_FALLBACK http://www.google.com/gen_204 Probe failed with exception java.net.UnknownHostException: Unable to resolve host "www.google.com": No address associated with hostname
08-28 21:27:44.437   842 19914 D NetworkMonitor/103: isCaptivePortal: isSuccessful()=false isPortal()=false RedirectUrl=null isPartialConnectivity()=false Time=26ms
08-28 21:27:44.437   529   557 W BroadcastQueue: Background execution not allowed: receiving Intent { act=android.net.conn.NETWORK_CONDITIONS_MEASURED flg=0x10 (has extras) } to com.google.android.gms/.chimera.GmsIntentOperationService$PersistentTrustedReceiver
08-28 21:27:44.438   529   644 D ConnectivityService: [103 CELLULAR] validation failed
08-28 21:27:59.463   208   211 E android.system.suspend@1.0-service: Error opening kernel wakelock stats for: wakeup34: Permission denied
08-28 21:27:59.462   208   208 W Binder:208_2: type=1400 audit(0.0:2183): avc: denied { read } for name="wakeup34" dev="sysfs" ino=18950 scontext=u:r:system_suspend:s0 tcontext=u:object_r:sysfs:s0 tclass=dir permissive=0
08-28 21:27:59.469   208   211 E android.system.suspend@1.0-service: Error opening kernel wakelock stats for: wakeup35: Permission denied
08-28 21:27:59.462   208   208 W Binder:208_2: type=1400 audit(0.0:2184): avc: denied { read } for name="wakeup35" dev="sysfs" ino=19013 scontext=u:r:system_suspend:s0 tcontext=u:object_r:sysfs:s0 tclass=dir permissive=0
08-28 21:27:59.722  1196 19923 E WakeLock: GCM_HB_ALARM release without a matched acquire!
08-28 21:27:59.722  1196 19923 W WakeLock: GCM_HB_ALARM counter does not exist
08-28 21:27:59.724   208   211 E android.system.suspend@1.0-service: Error opening kernel wakelock stats for: wakeup34: Permission denied
08-28 21:27:59.728   208   211 E android.system.suspend@1.0-service: Error opening kernel wakelock stats for: wakeup35: Permission denied
08-28 21:27:59.718   208   208 W Binder:208_2: type=1400 audit(0.0:2185): avc: denied { read } for name="wakeup34" dev="sysfs" ino=18950 scontext=u:r:system_suspend:s0 tcontext=u:object_r:sysfs:s0 tclass=dir permissive=0
08-28 21:27:59.730  1196 19925 E WakeLock: GCM_HB_ALARM release without a matched acquire!
08-28 21:27:59.730  1196 19925 W WakeLock: GCM_HB_ALARM counter does not exist
08-28 21:27:59.722   208   208 W Binder:208_2: type=1400 audit(0.0:2186): avc: denied { read } for name="wakeup35" dev="sysfs" ino=19013 scontext=u:r:system_suspend:s0 tcontext=u:object_r:sysfs:s0 tclass=dir permissive=0
08-28 21:28:00.002   714   714 D KeyguardClockSwitch: Updating clock: 928
08-28 21:28:14.823   208   211 E android.system.suspend@1.0-service: Error opening kernel wakelock stats for: wakeup34: Permission denied
08-28 21:28:14.826   208   211 E android.system.suspend@1.0-service: Error opening kernel wakelock stats for: wakeup35: Permission denied
08-28 21:28:14.822   208   208 W Binder:208_2: type=1400 audit(0.0:2187): avc: denied { read } for name="wakeup34" dev="sysfs" ino=18950 scontext=u:r:system_suspend:s0 tcontext=u:object_r:sysfs:s0 tclass=dir permissive=0
08-28 21:28:14.822   208   208 W Binder:208_2: type=1400 audit(0.0:2188): avc: denied { read } for name="wakeup35" dev="sysfs" ino=19013 scontext=u:r:system_suspend:s0 tcontext=u:object_r:sysfs:s0 tclass=dir permissive=0
08-28 21:28:16.262   842   842 E DnsResolver: resNetworkResult:android.system.ErrnoException: resNetworkResult failed: ECONNREFUSED (Connection refused)
08-28 21:28:16.264   842   842 E DnsResolver: resNetworkResult:android.system.ErrnoException: resNetworkResult failed: ECONNREFUSED (Connection refused)
08-28 21:28:16.265   842 19929 D NetworkMonitor/100: PROBE_DNS connectivitycheck.gstatic.com 10ms FAIL in type ADDRCONFIG android.net.DnsResolver$DnsException: android.system.ErrnoException: resNetworkResult failed: ECONNREFUSED (Connection refused)
08-28 21:28:16.266   842   842 E DnsResolver: resNetworkResult:android.system.ErrnoException: resNetworkResult failed: ECONNREFUSED (Connection refused)
08-28 21:28:16.267   208   211 E android.system.suspend@1.0-service: Error opening kernel wakelock stats for: wakeup34: Permission denied
08-28 21:28:16.271   208   211 E android.system.suspend@1.0-service: Error opening kernel wakelock stats for: wakeup35: Permission denied
08-28 21:28:16.271   842   842 E DnsResolver: resNetworkResult:android.system.ErrnoException: resNetworkResult failed: ECONNREFUSED (Connection refused)
08-28 21:28:16.266   208   208 W Binder:208_2: type=1400 audit(0.0:2189): avc: denied { read } for name="wakeup34" dev="sysfs" ino=18950 scontext=u:r:system_suspend:s0 tcontext=u:object_r:sysfs:s0 tclass=dir permissive=0
08-28 21:28:16.272   842 19928 D NetworkMonitor/100: PROBE_DNS www.google.com 18ms FAIL in type ADDRCONFIG android.net.DnsResolver$DnsException: android.system.ErrnoException: resNetworkResult failed: ECONNREFUSED (Connection refused)
08-28 21:28:16.277   842 19929 D NetworkMonitor/100: PROBE_HTTP http://connectivitycheck.gstatic.com/generate_204 Probe failed with exception java.net.UnknownHostException: Unable to resolve host "connectivitycheck.gstatic.com": No address associated with hostname
08-28 21:28:16.270   208   208 W Binder:208_2: type=1400 audit(0.0:2190): avc: denied { read } for name="wakeup35" dev="sysfs" ino=19013 scontext=u:r:system_suspend:s0 tcontext=u:object_r:sysfs:s0 tclass=dir permissive=0
08-28 21:28:16.282   842 19928 D NetworkMonitor/100: PROBE_HTTPS https://www.google.com/generate_204 Probe failed with exception java.net.UnknownHostException: Unable to resolve host "www.google.com": No address associated with hostname
08-28 21:28:16.284   842 19927 D NetworkMonitor/100: PROBE_FALLBACK http://www.google.com/gen_204 Probe failed with exception java.net.UnknownHostException: Unable to resolve host "www.google.com": No address associated with hostname
08-28 21:28:16.286   529   557 W BroadcastQueue: Background execution not allowed: receiving Intent { act=android.net.conn.NETWORK_CONDITIONS_MEASURED flg=0x10 (has extras) } to com.google.android.gms/.chimera.GmsIntentOperationService$PersistentTrustedReceiver
08-28 21:28:16.287   842 19927 D NetworkMonitor/100: isCaptivePortal: isSuccessful()=false isPortal()=false RedirectUrl=null isPartialConnectivity()=false Time=32ms
08-28 21:28:16.288   529   644 D ConnectivityService: [100 WIFI] validation failed
08-28 21:28:16.454   842   842 E DnsResolver: resNetworkResult:android.system.ErrnoException: resNetworkResult failed: ECONNREFUSED (Connection refused)
08-28 21:28:16.457   842   842 I chatty  : uid=1073(network_stack) com.android.networkstack.process identical 1 line
08-28 21:28:16.459   842   842 E DnsResolver: resNetworkResult:android.system.ErrnoException: resNetworkResult failed: ECONNREFUSED (Connection refused)
08-28 21:28:16.459   842 19941 D NetworkMonitor/103: PROBE_DNS connectivitycheck.gstatic.com 12ms FAIL in type ADDRCONFIG android.net.DnsResolver$DnsException: android.system.ErrnoException: resNetworkResult failed: ECONNREFUSED (Connection refused)
08-28 21:28:16.460   842   842 E DnsResolver: resNetworkResult:android.system.ErrnoException: resNetworkResult failed: ECONNREFUSED (Connection refused)
08-28 21:28:16.461   842 19940 D NetworkMonitor/103: PROBE_DNS www.google.com 14ms FAIL in type ADDRCONFIG android.net.DnsResolver$DnsException: android.system.ErrnoException: resNetworkResult failed: ECONNREFUSED (Connection refused)
08-28 21:28:16.468   842 19941 D NetworkMonitor/103: PROBE_HTTP http://connectivitycheck.gstatic.com/generate_204 Probe failed with exception java.net.UnknownHostException: Unable to resolve host "connectivitycheck.gstatic.com": No address associated with hostname
08-28 21:28:16.469   842 19940 D NetworkMonitor/103: PROBE_HTTPS https://www.google.com/generate_204 Probe failed with exception java.net.UnknownHostException: Unable to resolve host "www.google.com": No address associated with hostname
08-28 21:28:16.471   842 19939 D NetworkMonitor/103: PROBE_FALLBACK http://www.google.com/gen_204 Probe failed with exception java.net.UnknownHostException: Unable to resolve host "www.google.com": No address associated with hostname
08-28 21:28:16.473   842 19939 D NetworkMonitor/103: isCaptivePortal: isSuccessful()=false isPortal()=false RedirectUrl=null isPartialConnectivity()=false Time=26ms
08-28 21:28:16.474   529   557 W BroadcastQueue: Background execution not allowed: receiving Intent { act=android.net.conn.NETWORK_CONDITIONS_MEASURED flg=0x10 (has extras) } to com.google.android.gms/.chimera.GmsIntentOperationService$PersistentTrustedReceiver
08-28 21:28:16.477   529   644 D ConnectivityService: [103 CELLULAR] validation failed
08-28 21:28:29.870   493   493 E netmgr  : qemu_pipe_open_ns:62: Could not connect to the 'pipe:qemud:network' service: Invalid argument
08-28 21:28:29.870   493   493 E netmgr  : Failed to open QEMU pipe 'qemud:network': Invalid argument
08-28 21:28:31.461   208   211 E android.system.suspend@1.0-service: Error opening kernel wakelock stats for: wakeup34: Permission denied
08-28 21:28:31.464   208   211 E android.system.suspend@1.0-service: Error opening kernel wakelock stats for: wakeup35: Permission denied
08-28 21:28:31.458   208   208 W Binder:208_2: type=1400 audit(0.0:2191): avc: denied { read } for name="wakeup34" dev="sysfs" ino=18950 scontext=u:r:system_suspend:s0 tcontext=u:object_r:sysfs:s0 tclass=dir permissive=0
08-28 21:28:31.458   208   208 W Binder:208_2: type=1400 audit(0.0:2192): avc: denied { read } for name="wakeup35" dev="sysfs" ino=19013 scontext=u:r:system_suspend:s0 tcontext=u:object_r:sysfs:s0 tclass=dir permissive=0
08-28 21:28:32.653   499   499 E wifi_forwarder: qemu_pipe_open_ns:62: Could not connect to the 'pipe:qemud:wififorward' service: Invalid argument
08-28 21:28:32.653   499   499 E wifi_forwarder: RemoteConnection failed to initialize: RemoteConnection failed to open pipe
08-28 21:28:47.404  1196 19949 E WakeLock: GCM_HB_ALARM release without a matched acquire!
08-28 21:28:47.404  1196 19949 W WakeLock: GCM_HB_ALARM counter does not exist
08-28 21:28:47.406   208   211 E android.system.suspend@1.0-service: Error opening kernel wakelock stats for: wakeup34: Permission denied
08-28 21:28:47.408  1196 19951 E WakeLock: GCM_HB_ALARM release without a matched acquire!
08-28 21:28:47.408  1196 19951 W WakeLock: GCM_HB_ALARM counter does not exist
08-28 21:28:47.410   208   211 E android.system.suspend@1.0-service: Error opening kernel wakelock stats for: wakeup35: Permission denied
08-28 21:28:47.402   208   208 W Binder:208_2: type=1400 audit(0.0:2193): avc: denied { read } for name="wakeup34" dev="sysfs" ino=18950 scontext=u:r:system_suspend:s0 tcontext=u:object_r:sysfs:s0 tclass=dir permissive=0
08-28 21:28:47.406   208   208 W Binder:208_2: type=1400 audit(0.0:2194): avc: denied { read } for name="wakeup35" dev="sysfs" ino=19013 scontext=u:r:system_suspend:s0 tcontext=u:object_r:sysfs:s0 tclass=dir permissive=0
08-28 21:29:00.003   714   714 D KeyguardClockSwitch: Updating clock: 929
08-28 21:29:02.438   208   211 E android.system.suspend@1.0-service: Error opening kernel wakelock stats for: wakeup34: Permission denied
08-28 21:29:02.441   208   211 E android.system.suspend@1.0-service: Error opening kernel wakelock stats for: wakeup35: Permission denied
08-28 21:29:02.438   208   208 W Binder:208_2: type=1400 audit(0.0:2195): avc: denied { read } for name="wakeup34" dev="sysfs" ino=18950 scontext=u:r:system_suspend:s0 tcontext=u:object_r:sysfs:s0 tclass=dir permissive=0
08-28 21:29:02.438   208   208 W Binder:208_2: type=1400 audit(0.0:2196): avc: denied { read } for name="wakeup35" dev="sysfs" ino=19013 scontext=u:r:system_suspend:s0 tcontext=u:object_r:sysfs:s0 tclass=dir permissive=0
08-28 21:29:20.298   842   842 E DnsResolver: resNetworkResult:android.system.ErrnoException: resNetworkResult failed: ECONNREFUSED (Connection refused)
08-28 21:29:20.300   842   842 I chatty  : uid=1073(network_stack) com.android.networkstack.process identical 1 line
08-28 21:29:20.300   842   842 E DnsResolver: resNetworkResult:android.system.ErrnoException: resNetworkResult failed: ECONNREFUSED (Connection refused)
08-28 21:29:20.301   842 19954 D NetworkMonitor/100: PROBE_DNS connectivitycheck.gstatic.com 9ms FAIL in type ADDRCONFIG android.net.DnsResolver$DnsException: android.system.ErrnoException: resNetworkResult failed: ECONNREFUSED (Connection refused)
08-28 21:29:20.304   208   211 E android.system.suspend@1.0-service: Error opening kernel wakelock stats for: wakeup34: Permission denied
08-28 21:29:20.307   208   211 E android.system.suspend@1.0-service: Error opening kernel wakelock stats for: wakeup35: Permission denied
08-28 21:29:20.298   208   208 W Binder:208_2: type=1400 audit(0.0:2197): avc: denied { read } for name="wakeup34" dev="sysfs" ino=18950 scontext=u:r:system_suspend:s0 tcontext=u:object_r:sysfs:s0 tclass=dir permissive=0
08-28 21:29:20.312   842   842 E DnsResolver: resNetworkResult:android.system.ErrnoException: resNetworkResult failed: ECONNREFUSED (Connection refused)
08-28 21:29:20.302   208   208 W Binder:208_2: type=1400 audit(0.0:2198): avc: denied { read } for name="wakeup35" dev="sysfs" ino=19013 scontext=u:r:system_suspend:s0 tcontext=u:object_r:sysfs:s0 tclass=dir permissive=0
08-28 21:29:20.312   842 19953 D NetworkMonitor/100: PROBE_DNS www.google.com 20ms FAIL in type ADDRCONFIG android.net.DnsResolver$DnsException: android.system.ErrnoException: resNetworkResult failed: ECONNREFUSED (Connection refused)
08-28 21:29:20.319   842 19954 D NetworkMonitor/100: PROBE_HTTP http://connectivitycheck.gstatic.com/generate_204 Probe failed with exception java.net.UnknownHostException: Unable to resolve host "connectivitycheck.gstatic.com": No address associated with hostname
08-28 21:29:20.321   842 19953 D NetworkMonitor/100: PROBE_HTTPS https://www.google.com/generate_204 Probe failed with exception java.net.UnknownHostException: Unable to resolve host "www.google.com": No address associated with hostname
08-28 21:29:20.323   842 19952 D NetworkMonitor/100: PROBE_FALLBACK http://www.google.com/gen_204 Probe failed with exception java.net.UnknownHostException: Unable to resolve host "www.google.com": No address associated with hostname
08-28 21:29:20.325   529   557 W BroadcastQueue: Background execution not allowed: receiving Intent { act=android.net.conn.NETWORK_CONDITIONS_MEASURED flg=0x10 (has extras) } to com.google.android.gms/.chimera.GmsIntentOperationService$PersistentTrustedReceiver
08-28 21:29:20.326   842 19952 D NetworkMonitor/100: isCaptivePortal: isSuccessful()=false isPortal()=false RedirectUrl=null isPartialConnectivity()=false Time=32ms
08-28 21:29:20.327   529   644 D ConnectivityService: [100 WIFI] validation failed
08-28 21:29:20.484   842   842 E DnsResolver: resNetworkResult:android.system.ErrnoException: resNetworkResult failed: ECONNREFUSED (Connection refused)
08-28 21:29:20.487   842   842 I chatty  : uid=1073(network_stack) com.android.networkstack.process identical 2 lines
08-28 21:29:20.487   842   842 E DnsResolver: resNetworkResult:android.system.ErrnoException: resNetworkResult failed: ECONNREFUSED (Connection refused)
08-28 21:29:20.487   842 19965 D NetworkMonitor/103: PROBE_DNS www.google.com 10ms FAIL in type ADDRCONFIG android.net.DnsResolver$DnsException: android.system.ErrnoException: resNetworkResult failed: ECONNREFUSED (Connection refused)
08-28 21:29:20.487   842 19966 D NetworkMonitor/103: PROBE_DNS connectivitycheck.gstatic.com 10ms FAIL in type ADDRCONFIG android.net.DnsResolver$DnsException: android.system.ErrnoException: resNetworkResult failed: ECONNREFUSED (Connection refused)
08-28 21:29:20.496   842 19965 D NetworkMonitor/103: PROBE_HTTPS https://www.google.com/generate_204 Probe failed with exception java.net.UnknownHostException: Unable to resolve host "www.google.com": No address associated with hostname
08-28 21:29:20.496   842 19966 D NetworkMonitor/103: PROBE_HTTP http://connectivitycheck.gstatic.com/generate_204 Probe failed with exception java.net.UnknownHostException: Unable to resolve host "connectivitycheck.gstatic.com": No address associated with hostname
08-28 21:29:20.498   842 19964 D NetworkMonitor/103: PROBE_FALLBACK http://www.google.com/gen_204 Probe failed with exception java.net.UnknownHostException: Unable to resolve host "www.google.com": No address associated with hostname
08-28 21:29:20.501   529   557 W BroadcastQueue: Background execution not allowed: receiving Intent { act=android.net.conn.NETWORK_CONDITIONS_MEASURED flg=0x10 (has extras) } to com.google.android.gms/.chimera.GmsIntentOperationService$PersistentTrustedReceiver
08-28 21:29:20.501   842 19964 D NetworkMonitor/103: isCaptivePortal: isSuccessful()=false isPortal()=false RedirectUrl=null isPartialConnectivity()=false Time=22ms
08-28 21:29:20.503   529   644 D ConnectivityService: [103 CELLULAR] validation failed
08-28 21:29:29.914   493   493 E netmgr  : qemu_pipe_open_ns:62: Could not connect to the 'pipe:qemud:network' service: Invalid argument
08-28 21:29:29.914   493   493 E netmgr  : Failed to open QEMU pipe 'qemud:network': Invalid argument
08-28 21:29:32.713   499   499 E wifi_forwarder: qemu_pipe_open_ns:62: Could not connect to the 'pipe:qemud:wififorward' service: Invalid argument
08-28 21:29:32.713   499   499 E wifi_forwarder: RemoteConnection failed to initialize: RemoteConnection failed to open pipe
08-28 21:29:35.718   208   211 E android.system.suspend@1.0-service: Error opening kernel wakelock stats for: wakeup34: Permission denied
08-28 21:29:35.720   208   211 E android.system.suspend@1.0-service: Error opening kernel wakelock stats for: wakeup35: Permission denied
08-28 21:29:35.714   208   208 W Binder:208_2: type=1400 audit(0.0:2199): avc: denied { read } for name="wakeup34" dev="sysfs" ino=18950 scontext=u:r:system_suspend:s0 tcontext=u:object_r:sysfs:s0 tclass=dir permissive=0
08-28 21:29:35.714   208   208 W Binder:208_2: type=1400 audit(0.0:2200): avc: denied { read } for name="wakeup35" dev="sysfs" ino=19013 scontext=u:r:system_suspend:s0 tcontext=u:object_r:sysfs:s0 tclass=dir permissive=0
08-28 21:30:00.016   714   714 D KeyguardClockSwitch: Updating clock: 930
08-28 21:30:06.855   529   563 D BatteryStatsImpl: Got freq readings for an isolated uid with no mapping: 99000
08-28 21:30:06.855   529   563 D BatteryStatsImpl: Got freq readings for an isolated uid with no mapping: 99001
08-28 21:30:06.856   529   563 D BatteryStatsImpl: Got freq readings for an isolated uid with no mapping: 99002
08-28 21:30:06.856   529   563 D BatteryStatsImpl: Got freq readings for an isolated uid with no mapping: 99003
08-28 21:30:06.856   529   563 D BatteryStatsImpl: Got freq readings for an isolated uid with no mapping: 99004
08-28 21:30:06.856   529   563 D BatteryStatsImpl: Got freq readings for an isolated uid with no mapping: 99005
08-28 21:30:06.856   529   563 D BatteryStatsImpl: Got freq readings for an isolated uid with no mapping: 99006
08-28 21:30:06.856   529   563 D BatteryStatsImpl: Got freq readings for an isolated uid with no mapping: 99007
08-28 21:30:06.856   529   563 D BatteryStatsImpl: Got freq readings for an isolated uid with no mapping: 99008
08-28 21:30:06.856   529   563 D BatteryStatsImpl: Got freq readings for an isolated uid with no mapping: 99009
08-28 21:30:06.856   529   563 D BatteryStatsImpl: Got freq readings for an isolated uid with no mapping: 99010
08-28 21:30:06.856   529   563 D BatteryStatsImpl: Got freq readings for an isolated uid with no mapping: 99011
08-28 21:30:06.856   529   563 D BatteryStatsImpl: Got freq readings for an isolated uid with no mapping: 99012
08-28 21:30:06.856   529   563 D BatteryStatsImpl: Got freq readings for an isolated uid with no mapping: 99013
08-28 21:30:06.856   529   563 D BatteryStatsImpl: Got freq readings for an isolated uid with no mapping: 99014
08-28 21:30:06.856   529   563 D BatteryStatsImpl: Got freq readings for an isolated uid with no mapping: 99015
08-28 21:30:06.856   529   563 D BatteryStatsImpl: Got freq readings for an isolated uid with no mapping: 99016
08-28 21:30:06.856   529   563 D BatteryStatsImpl: Got freq readings for an isolated uid with no mapping: 99017
08-28 21:30:06.856   529   563 D BatteryStatsImpl: Got freq readings for an isolated uid with no mapping: 99018
08-28 21:30:06.856   529   563 D BatteryStatsImpl: Got freq readings for an isolated uid with no mapping: 99019
08-28 21:30:06.856   529   563 D BatteryStatsImpl: Got freq readings for an isolated uid with no mapping: 99020
08-28 21:30:06.856   529   563 D BatteryStatsImpl: Got freq readings for an isolated uid with no mapping: 99021
08-28 21:30:06.856   529   563 D BatteryStatsImpl: Got freq readings for an isolated uid with no mapping: 99022
08-28 21:30:06.856   529   563 D BatteryStatsImpl: Got freq readings for an isolated uid with no mapping: 99023
08-28 21:30:06.857   529   563 D BatteryStatsImpl: Got freq readings for an isolated uid with no mapping: 99024
08-28 21:30:06.857   529   563 D BatteryStatsImpl: Got freq readings for an isolated uid with no mapping: 99025
08-28 21:30:06.857   529   563 W BatteryStatsImpl: Got active times for an isolated uid with no mapping: 99000
08-28 21:30:06.857   529   563 W BatteryStatsImpl: Got active times for an isolated uid with no mapping: 99001
08-28 21:30:06.857   529   563 W BatteryStatsImpl: Got active times for an isolated uid with no mapping: 99002
08-28 21:30:06.857   529   563 W BatteryStatsImpl: Got active times for an isolated uid with no mapping: 99003
08-28 21:30:06.857   529   563 W BatteryStatsImpl: Got active times for an isolated uid with no mapping: 99004
08-28 21:30:06.857   529   563 W BatteryStatsImpl: Got active times for an isolated uid with no mapping: 99005
08-28 21:30:06.857   529   563 W BatteryStatsImpl: Got active times for an isolated uid with no mapping: 99006
08-28 21:30:06.857   529   563 W BatteryStatsImpl: Got active times for an isolated uid with no mapping: 99007
08-28 21:30:06.857   529   563 W BatteryStatsImpl: Got active times for an isolated uid with no mapping: 99008
08-28 21:30:06.857   529   563 W BatteryStatsImpl: Got active times for an isolated uid with no mapping: 99009
08-28 21:30:06.857   529   563 W BatteryStatsImpl: Got active times for an isolated uid with no mapping: 99010
08-28 21:30:06.858   529   563 W BatteryStatsImpl: Got active times for an isolated uid with no mapping: 99011
08-28 21:30:06.858   529   563 W BatteryStatsImpl: Got active times for an isolated uid with no mapping: 99012
08-28 21:30:06.858   529   563 W BatteryStatsImpl: Got active times for an isolated uid with no mapping: 99013
08-28 21:30:06.858   529   563 W BatteryStatsImpl: Got active times for an isolated uid with no mapping: 99014
08-28 21:30:06.858   529   563 W BatteryStatsImpl: Got active times for an isolated uid with no mapping: 99015
08-28 21:30:06.858   529   563 W BatteryStatsImpl: Got active times for an isolated uid with no mapping: 99016
08-28 21:30:06.858   529   563 W BatteryStatsImpl: Got active times for an isolated uid with no mapping: 99017
08-28 21:30:06.858   529   563 W BatteryStatsImpl: Got active times for an isolated uid with no mapping: 99018
08-28 21:30:06.858   529   563 W BatteryStatsImpl: Got active times for an isolated uid with no mapping: 99019
08-28 21:30:06.858   529   563 W BatteryStatsImpl: Got active times for an isolated uid with no mapping: 99020
08-28 21:30:06.858   529   563 W BatteryStatsImpl: Got active times for an isolated uid with no mapping: 99021
08-28 21:30:06.858   529   563 W BatteryStatsImpl: Got active times for an isolated uid with no mapping: 99022
08-28 21:30:06.858   529   563 W BatteryStatsImpl: Got active times for an isolated uid with no mapping: 99023
08-28 21:30:06.858   529   563 W BatteryStatsImpl: Got active times for an isolated uid with no mapping: 99024
08-28 21:30:06.858   529   563 W BatteryStatsImpl: Got active times for an isolated uid with no mapping: 99025
08-28 21:30:06.859   529   563 W BatteryStatsImpl: Got cluster times for an isolated uid with no mapping: 99000
08-28 21:30:06.859   529   563 W BatteryStatsImpl: Got cluster times for an isolated uid with no mapping: 99001
08-28 21:30:06.859   529   563 W BatteryStatsImpl: Got cluster times for an isolated uid with no mapping: 99002
08-28 21:30:06.859   529   563 W BatteryStatsImpl: Got cluster times for an isolated uid with no mapping: 99003
08-28 21:30:06.859   529   563 W BatteryStatsImpl: Got cluster times for an isolated uid with no mapping: 99004
08-28 21:30:06.859   529   563 W BatteryStatsImpl: Got cluster times for an isolated uid with no mapping: 99005
08-28 21:30:06.859   529   563 W BatteryStatsImpl: Got cluster times for an isolated uid with no mapping: 99006
08-28 21:30:06.859   529   563 W BatteryStatsImpl: Got cluster times for an isolated uid with no mapping: 99007
08-28 21:30:06.859   529   563 W BatteryStatsImpl: Got cluster times for an isolated uid with no mapping: 99008
08-28 21:30:06.859   529   563 W BatteryStatsImpl: Got cluster times for an isolated uid with no mapping: 99009
08-28 21:30:06.859   529   563 W BatteryStatsImpl: Got cluster times for an isolated uid with no mapping: 99010
08-28 21:30:06.859   529   563 W BatteryStatsImpl: Got cluster times for an isolated uid with no mapping: 99011
08-28 21:30:06.859   529   563 W BatteryStatsImpl: Got cluster times for an isolated uid with no mapping: 99012
08-28 21:30:06.859   529   563 W BatteryStatsImpl: Got cluster times for an isolated uid with no mapping: 99013
08-28 21:30:06.859   529   563 W BatteryStatsImpl: Got cluster times for an isolated uid with no mapping: 99014
08-28 21:30:06.859   529   563 W BatteryStatsImpl: Got cluster times for an isolated uid with no mapping: 99015
08-28 21:30:06.859   529   563 W BatteryStatsImpl: Got cluster times for an isolated uid with no mapping: 99016
08-28 21:30:06.860   529   563 W BatteryStatsImpl: Got cluster times for an isolated uid with no mapping: 99017
08-28 21:30:06.860   529   563 W BatteryStatsImpl: Got cluster times for an isolated uid with no mapping: 99018
08-28 21:30:06.860   529   563 W BatteryStatsImpl: Got cluster times for an isolated uid with no mapping: 99019
08-28 21:30:06.860   529   563 W BatteryStatsImpl: Got cluster times for an isolated uid with no mapping: 99020
08-28 21:30:06.860   529   563 W BatteryStatsImpl: Got cluster times for an isolated uid with no mapping: 99021
08-28 21:30:06.860   529   563 W BatteryStatsImpl: Got cluster times for an isolated uid with no mapping: 99022
08-28 21:30:06.860   529   563 W BatteryStatsImpl: Got cluster times for an isolated uid with no mapping: 99023
08-28 21:30:06.860   529   563 W BatteryStatsImpl: Got cluster times for an isolated uid with no mapping: 99024
08-28 21:30:06.860   529   563 W BatteryStatsImpl: Got cluster times for an isolated uid with no mapping: 99025
08-28 21:30:00.018   714   714 D KeyguardClockSwitch: Updating clock: 930
08-28 21:30:06.863   208   211 E android.system.suspend@1.0-service: Error opening kernel wakelock stats for: wakeup34: Permission denied
08-28 21:30:06.866   208   211 E android.system.suspend@1.0-service: Error opening kernel wakelock stats for: wakeup35: Permission denied
08-28 21:30:06.858   208   208 W Binder:208_2: type=1400 audit(0.0:2201): avc: denied { read } for name="wakeup34" dev="sysfs" ino=18950 scontext=u:r:system_suspend:s0 tcontext=u:object_r:sysfs:s0 tclass=dir permissive=0
08-28 21:30:06.858   208   208 W Binder:208_2: type=1400 audit(0.0:2202): avc: denied { read } for name="wakeup35" dev="sysfs" ino=19013 scontext=u:r:system_suspend:s0 tcontext=u:object_r:sysfs:s0 tclass=dir permissive=0
08-28 21:30:17.502     0     0 W healthd : battery l=100 v=5000 t=25.0 h=2 st=4 c=900000 fc=300000 cc=10 chg=
08-28 21:30:22.747  1196 19976 E WakeLock: GCM_HB_ALARM release without a matched acquire!
08-28 21:30:22.747  1196 19976 W WakeLock: GCM_HB_ALARM counter does not exist
08-28 21:30:22.749   208   211 E android.system.suspend@1.0-service: Error opening kernel wakelock stats for: wakeup34: Permission denied
08-28 21:30:22.753   208   211 E android.system.suspend@1.0-service: Error opening kernel wakelock stats for: wakeup35: Permission denied
08-28 21:30:22.742   208   208 W Binder:208_2: type=1400 audit(0.0:2203): avc: denied { read } for name="wakeup34" dev="sysfs" ino=18950 scontext=u:r:system_suspend:s0 tcontext=u:object_r:sysfs:s0 tclass=dir permissive=0
08-28 21:30:22.756  1196 19978 E WakeLock: GCM_HB_ALARM release without a matched acquire!
08-28 21:30:22.756  1196 19978 W WakeLock: GCM_HB_ALARM counter does not exist
08-28 21:30:22.746   208   208 W Binder:208_2: type=1400 audit(0.0:2204): avc: denied { read } for name="wakeup35" dev="sysfs" ino=19013 scontext=u:r:system_suspend:s0 tcontext=u:object_r:sysfs:s0 tclass=dir permissive=0
08-28 21:30:29.915   493   493 E netmgr  : qemu_pipe_open_ns:62: Could not connect to the 'pipe:qemud:network' service: Invalid argument
08-28 21:30:29.915   493   493 E netmgr  : Failed to open QEMU pipe 'qemud:network': Invalid argument
08-28 21:30:31.494   529  1077 D WifiNl80211Manager: Scan result ready event
08-28 21:30:31.494   529  1077 D WifiNative: Scan result ready event
08-28 21:30:32.717   499   499 E wifi_forwarder: qemu_pipe_open_ns:62: Could not connect to the 'pipe:qemud:wififorward' service: Invalid argument
08-28 21:30:32.717   499   499 E wifi_forwarder: RemoteConnection failed to initialize: RemoteConnection failed to open pipe
08-28 21:30:37.926   208   211 E android.system.suspend@1.0-service: Error opening kernel wakelock stats for: wakeup34: Permission denied
08-28 21:30:37.928   208   211 E android.system.suspend@1.0-service: Error opening kernel wakelock stats for: wakeup35: Permission denied
08-28 21:30:37.922   208   208 W Binder:208_2: type=1400 audit(0.0:2205): avc: denied { read } for name="wakeup34" dev="sysfs" ino=18950 scontext=u:r:system_suspend:s0 tcontext=u:object_r:sysfs:s0 tclass=dir permissive=0
08-28 21:30:37.926   208   208 W Binder:208_2: type=1400 audit(0.0:2206): avc: denied { read } for name="wakeup35" dev="sysfs" ino=19013 scontext=u:r:system_suspend:s0 tcontext=u:object_r:sysfs:s0 tclass=dir permissive=0
08-28 21:31:00.003   714   714 D KeyguardClockSwitch: Updating clock: 931
08-28 21:31:28.343   208   211 E android.system.suspend@1.0-service: Error opening kernel wakelock stats for: wakeup34: Permission denied
08-28 21:31:28.347   208   211 E android.system.suspend@1.0-service: Error opening kernel wakelock stats for: wakeup35: Permission denied
08-28 21:31:28.338   208   208 W Binder:208_2: type=1400 audit(0.0:2207): avc: denied { read } for name="wakeup34" dev="sysfs" ino=18950 scontext=u:r:system_suspend:s0 tcontext=u:object_r:sysfs:s0 tclass=dir permissive=0
08-28 21:31:28.342   208   208 W Binder:208_2: type=1400 audit(0.0:2208): avc: denied { read } for name="wakeup35" dev="sysfs" ino=19013 scontext=u:r:system_suspend:s0 tcontext=u:object_r:sysfs:s0 tclass=dir permissive=0
08-28 21:31:28.448   842 19983 D NetworkMonitor/100: PROBE_DNS www.google.com 116ms OK 2404:6800:4009:813::2004,142.250.182.68
08-28 21:31:28.505   842 19984 D NetworkMonitor/100: PROBE_DNS connectivitycheck.gstatic.com 174ms OK 2404:6800:4007:80f::2003,142.250.183.35
08-28 21:31:28.544   842 19983 D NetworkMonitor/100: PROBE_HTTPS https://www.google.com/generate_204 time=94ms ret=204 request={Connection=[close], User-Agent=[Mozilla/5.0 (X11; Linux x86_64) AppleWebKit/537.36 (KHTML, like Gecko) Chrome/60.0.3112.32 Safari/537.36]} headers={null=[HTTP/1.1 204 No Content], Alt-Svc=[h3=":443"; ma=2592000,h3-29=":443"; ma=2592000,h3-Q050=":443"; ma=2592000,h3-Q046=":443"; ma=2592000,h3-Q043=":443"; ma=2592000,quic=":443"; ma=2592000; v="46,43"], Connection=[close], Content-Length=[0], Cross-Origin-Resource-Policy=[cross-origin], Date=[Sun, 28 Aug 2022 16:01:25 GMT], X-Android-Received-Millis=[1661702488543], X-Android-Response-Source=[NETWORK 204], X-Android-Selected-Protocol=[http/1.1], X-Android-Sent-Millis=[1661702488526]}
08-28 21:31:28.546   842 19984 D NetworkMonitor/100: PROBE_HTTP http://connectivitycheck.gstatic.com/generate_204 time=38ms ret=204 request={Connection=[close], User-Agent=[Mozilla/5.0 (X11; Linux x86_64) AppleWebKit/537.36 (KHTML, like Gecko) Chrome/60.0.3112.32 Safari/537.36]} headers={null=[HTTP/1.1 204 No Content], Connection=[close], Content-Length=[0], Cross-Origin-Resource-Policy=[cross-origin], Date=[Sun, 28 Aug 2022 16:01:25 GMT], X-Android-Received-Millis=[1661702488545], X-Android-Response-Source=[NETWORK 204], X-Android-Selected-Protocol=[http/1.1], X-Android-Sent-Millis=[1661702488528]}
08-28 21:31:28.549   529   557 W BroadcastQueue: Background execution not allowed: receiving Intent { act=android.net.conn.NETWORK_CONDITIONS_MEASURED flg=0x10 (has extras) } to com.google.android.gms/.chimera.GmsIntentOperationService$PersistentTrustedReceiver
08-28 21:31:28.550   842 19982 D NetworkMonitor/100: isCaptivePortal: isSuccessful()=true isPortal()=false RedirectUrl=null isPartialConnectivity()=false Time=216ms
08-28 21:31:28.553   529   644 D ConnectivityService: [100 WIFI] validation passed
08-28 21:31:28.553   529   644 D ConnectivityService: NetReassign [no changes]
08-28 21:31:28.560   529   548 I GnssNetworkConnectivityHandler: updateNetworkState, state=CLOSED, connected=true, network=100, capabilities=[ Transports: WIFI Capabilities: NOT_METERED&INTERNET&NOT_RESTRICTED&TRUSTED&NOT_VPN&VALIDATED&NOT_ROAMING&FOREGROUND&NOT_CONGESTED&NOT_SUSPENDED LinkUpBandwidth>=8490Kbps LinkDnBandwidth>=148500Kbps SignalStrength: -30 OwnerUid: 1000 AdministratorUids: [] SSID: "AndroidWifi" RequestorUid: -1 RequestorPackageName: null], apn: , availableNetworkCount: 1
08-28 21:31:28.563   529   644 D ConnectivityService: Setting DNS servers for network 100 to [/10.0.2.3]
08-28 21:31:28.563   529   644 D DnsManager: sendDnsConfigurationForNetwork(100, [10.0.2.3], [], 1800, 25, 8, 64, 0, 0, , [10.0.2.3])
08-28 21:31:28.565   285 19994 W resolv  : Validating DnsTlsServer on netId 100
08-28 21:31:28.573   529   637 W LastMileLogger: Failed to stop event tracing: /sys/kernel/debug/tracing/instances/wifi/tracing_on: open failed: ENOENT (No such file or directory)
08-28 21:31:28.623   529   711 D WifiNl80211Manager: Scan result ready event
08-28 21:31:28.623   529   711 D WifiNative: Scan result ready event
08-28 21:31:28.642  1196  1444 E Auth    : [GoogleAccountDataServiceImpl] getToken() -> BAD_AUTHENTICATION. Account: <ELLIDED:-888980859>, App: com.google.android.gms, Service: oauth2:https://www.googleapis.com/auth/login_manager
08-28 21:31:28.642  1196  1444 E Auth    : rmh: Long live credential not available.
08-28 21:31:28.642  1196  1444 E Auth    : 	at gbk.a(:com.google.android.gms@201817022@20.18.17 (040700-311416286):18)
08-28 21:31:28.642  1196  1444 E Auth    : 	at fzt.a(:com.google.android.gms@201817022@20.18.17 (040700-311416286):166)
08-28 21:31:28.642  1196  1444 E Auth    : 	at cqz.a(:com.google.android.gms@201817022@20.18.17 (040700-311416286):227)
08-28 21:31:28.642  1196  1444 E Auth    : 	at cqz.a(:com.google.android.gms@201817022@20.18.17 (040700-311416286):106)
08-28 21:31:28.642  1196  1444 E Auth    : 	at cqz.a(:com.google.android.gms@201817022@20.18.17 (040700-311416286):243)
08-28 21:31:28.642  1196  1444 E Auth    : 	at cox.onTransact(:com.google.android.gms@201817022@20.18.17 (040700-311416286):5)
08-28 21:31:28.642  1196  1444 E Auth    : 	at android.os.Binder.transact(Binder.java:1043)
08-28 21:31:28.642  1196  1444 E Auth    : 	at csu.onTransact(:com.google.android.gms@201817022@20.18.17 (040700-311416286):2)
08-28 21:31:28.642  1196  1444 E Auth    : 	at android.os.Binder.transact(Binder.java:1043)
08-28 21:31:28.642  1196  1444 E Auth    : 	at zww.onTransact(:com.google.android.gms@201817022@20.18.17 (040700-311416286):16)
08-28 21:31:28.642  1196  1444 E Auth    : 	at android.os.Binder.execTransactInternal(Binder.java:1159)
08-28 21:31:28.642  1196  1444 E Auth    : 	at android.os.Binder.execTransact(Binder.java:1123)
08-28 21:31:28.643  1196  1444 W Auth    : [GetToken] GetToken failed with status code: BadAuthentication
08-28 21:31:28.657  5646 19998 W Auth    : [GoogleAuthUtil] GoogleAuthUtil
08-28 21:31:28.681  5646 19998 W ChromeSync: [Sync,SyncAdapter] Failed to sync.
08-28 21:31:28.681  5646 19998 W ChromeSync: qmw: com.google.android.gms.auth.UserRecoverableAuthException: BadAuthentication
08-28 21:31:28.681  5646 19998 W ChromeSync: 	at qra.b(:com.google.android.gms@201817022@20.18.17 (040700-311416286):16)
08-28 21:31:28.681  5646 19998 W ChromeSync: 	at qrh.b(:com.google.android.gms@201817022@20.18.17 (040700-311416286):23)
08-28 21:31:28.681  5646 19998 W ChromeSync: 	at qrb.a(:com.google.android.gms@201817022@20.18.17 (040700-311416286):31)
08-28 21:31:28.681  5646 19998 W ChromeSync: 	at sie.onPerformSync(:com.google.android.gms@201817022@20.18.17 (040700-311416286):9)
08-28 21:31:28.681  5646 19998 W ChromeSync: 	at android.content.AbstractThreadedSyncAdapter$SyncThread.run(AbstractThreadedSyncAdapter.java:334)
08-28 21:31:28.681  5646 19998 W ChromeSync: Caused by: com.google.android.gms.auth.UserRecoverableAuthException: BadAuthentication
08-28 21:31:28.681  5646 19998 W ChromeSync: 	at fwl.a(:com.google.android.gms@201817022@20.18.17 (040700-311416286):3)
08-28 21:31:28.681  5646 19998 W ChromeSync: 	at fwg.a(:com.google.android.gms@201817022@20.18.17 (040700-311416286):5)
08-28 21:31:28.681  5646 19998 W ChromeSync: 	at fwl.a(:com.google.android.gms@201817022@20.18.17 (040700-311416286):8)
08-28 21:31:28.681  5646 19998 W ChromeSync: 	at fwl.c(:com.google.android.gms@201817022@20.18.17 (040700-311416286):14)
08-28 21:31:28.681  5646 19998 W ChromeSync: 	at fwl.b(:com.google.android.gms@201817022@20.18.17 (040700-311416286):1)
08-28 21:31:28.681  5646 19998 W ChromeSync: 	at fwf.a(:com.google.android.gms@201817022@20.18.17 (040700-311416286):2)
08-28 21:31:28.681  5646 19998 W ChromeSync: 	at seg.b(:com.google.android.gms@201817022@20.18.17 (040700-311416286):0)
08-28 21:31:28.681  5646 19998 W ChromeSync: 	at scy.d(:com.google.android.gms@201817022@20.18.17 (040700-311416286):4)
08-28 21:31:28.681  5646 19998 W ChromeSync: 	at sdn.a(:com.google.android.gms@201817022@20.18.17 (040700-311416286):32)
08-28 21:31:28.681  5646 19998 W ChromeSync: 	at qra.b(:com.google.android.gms@201817022@20.18.17 (040700-311416286):15)
08-28 21:31:28.681  5646 19998 W ChromeSync: 	... 4 more
08-28 21:31:28.708   842 19996 D NetworkMonitor/103: PROBE_DNS www.google.com 97ms OK 142.250.67.196,2404:6800:4007:82b::2004
08-28 21:31:28.770   842 19997 D NetworkMonitor/103: PROBE_DNS connectivitycheck.gstatic.com 158ms OK 142.250.183.35,2404:6800:4007:80f::2003
08-28 21:31:28.838   842 19997 D NetworkMonitor/103: PROBE_HTTP http://connectivitycheck.gstatic.com/generate_204 time=60ms ret=204 request={Connection=[close], User-Agent=[Mozilla/5.0 (X11; Linux x86_64) AppleWebKit/537.36 (KHTML, like Gecko) Chrome/60.0.3112.32 Safari/537.36]} headers={null=[HTTP/1.1 204 No Content], Connection=[close], Content-Length=[0], Cross-Origin-Resource-Policy=[cross-origin], Date=[Sun, 28 Aug 2022 16:01:26 GMT], X-Android-Received-Millis=[1661702488838], X-Android-Response-Source=[NETWORK 204], X-Android-Selected-Protocol=[http/1.1], X-Android-Sent-Millis=[1661702488814]}
08-28 21:31:28.865   842 19996 D NetworkMonitor/103: PROBE_HTTPS https://www.google.com/generate_204 time=154ms ret=204 request={Connection=[close], User-Agent=[Mozilla/5.0 (X11; Linux x86_64) AppleWebKit/537.36 (KHTML, like Gecko) Chrome/60.0.3112.32 Safari/537.36]} headers={null=[HTTP/1.1 204 No Content], Alt-Svc=[h3=":443"; ma=2592000,h3-29=":443"; ma=2592000,h3-Q050=":443"; ma=2592000,h3-Q046=":443"; ma=2592000,h3-Q043=":443"; ma=2592000,quic=":443"; ma=2592000; v="46,43"], Connection=[close], Content-Length=[0], Cross-Origin-Resource-Policy=[cross-origin], Date=[Sun, 28 Aug 2022 16:01:26 GMT], X-Android-Received-Millis=[1661702488864], X-Android-Response-Source=[NETWORK 204], X-Android-Selected-Protocol=[http/1.1], X-Android-Sent-Millis=[1661702488836]}
08-28 21:31:28.871   529   557 W BroadcastQueue: Background execution not allowed: receiving Intent { act=android.net.conn.NETWORK_CONDITIONS_MEASURED flg=0x10 (has extras) } to com.google.android.gms/.chimera.GmsIntentOperationService$PersistentTrustedReceiver
08-28 21:31:28.872   842 19995 D NetworkMonitor/103: isCaptivePortal: isSuccessful()=true isPortal()=false RedirectUrl=null isPartialConnectivity()=false Time=261ms
08-28 21:31:28.874   529   644 D ConnectivityService: [103 CELLULAR] validation passed
08-28 21:31:28.875   529   644 D ConnectivityService: NetReassign [no changes]
08-28 21:31:28.878   529   548 I GnssNetworkConnectivityHandler: updateNetworkState, state=CLOSED, connected=true, network=103, capabilities=[ Transports: CELLULAR Capabilities: MMS&SUPL&DUN&FOTA&IMS&CBS&INTERNET&NOT_RESTRICTED&TRUSTED&NOT_VPN&VALIDATED&NOT_ROAMING&NOT_CONGESTED&NOT_SUSPENDED LinkUpBandwidth>=15000Kbps LinkDnBandwidth>=30000Kbps Specifier: <TelephonyNetworkSpecifier [mSubId = 1]> AdministratorUids: [] RequestorUid: -1 RequestorPackageName: null], apn: epc.tmobile.com, availableNetworkCount: 2
08-28 21:31:28.880   529   644 D ConnectivityService: Setting DNS servers for network 103 to [/10.0.2.3]
08-28 21:31:28.880   529   644 D DnsManager: sendDnsConfigurationForNetwork(103, [10.0.2.3], [], 1800, 25, 8, 64, 0, 0, , [10.0.2.3])
