08-25 18:47:17.091   529   557 W BroadcastQueue: Background execution not allowed: receiving Intent { act=android.net.conn.NETWORK_CONDITIONS_MEASURED flg=0x10 (has extras) } to com.google.android.gms/.chimera.GmsIntentOperationService$PersistentTrustedReceiver
08-25 18:47:17.102   529   644 D ConnectivityService: [103 CELLULAR] validation failed
08-25 18:52:20.138     0     0 W healthd : battery l=100 v=5000 t=25.0 h=2 st=4 c=900000 fc=300000 cc=10 chg=
08-25 18:54:17.739   529   557 W BroadcastQueue: Background execution not allowed: receiving Intent { act=android.net.conn.NETWORK_CONDITIONS_MEASURED flg=0x10 (has extras) } to com.google.android.gms/.chimera.GmsIntentOperationService$PersistentTrustedReceiver
08-25 18:54:17.742   529   644 D ConnectivityService: [100 WIFI] validation failed
08-25 18:56:26.874     0     0 E ICMPv6  : RA: ndisc_router_discovery failed to add default route
08-25 18:56:54.424   529   563 D BatteryStatsImpl: Got freq readings for an isolated uid with no mapping: 99000
08-25 18:56:54.425   529   563 D BatteryStatsImpl: Got freq readings for an isolated uid with no mapping: 99001
08-25 18:56:54.425   529   563 D BatteryStatsImpl: Got freq readings for an isolated uid with no mapping: 99002
08-25 18:56:54.425   529   563 D BatteryStatsImpl: Got freq readings for an isolated uid with no mapping: 99003
08-25 18:56:54.425   529   563 D BatteryStatsImpl: Got freq readings for an isolated uid with no mapping: 99004
08-25 18:56:54.425   529   563 D BatteryStatsImpl: Got freq readings for an isolated uid with no mapping: 99005
08-25 18:56:54.425   529   563 D BatteryStatsImpl: Got freq readings for an isolated uid with no mapping: 99006
08-25 18:56:54.426   529   563 D BatteryStatsImpl: Got freq readings for an isolated uid with no mapping: 99007
08-25 18:56:54.427   529   563 D BatteryStatsImpl: Got freq readings for an isolated uid with no mapping: 99008
08-25 18:56:54.427   529   563 D BatteryStatsImpl: Got freq readings for an isolated uid with no mapping: 99009
08-25 18:56:54.427   529   563 D BatteryStatsImpl: Got freq readings for an isolated uid with no mapping: 99010
08-25 18:56:54.427   529   563 D BatteryStatsImpl: Got freq readings for an isolated uid with no mapping: 99011
08-25 18:56:54.428   529   563 D BatteryStatsImpl: Got freq readings for an isolated uid with no mapping: 99012
08-25 18:56:54.428   529   563 D BatteryStatsImpl: Got freq readings for an isolated uid with no mapping: 99013
08-25 18:56:54.429   529   563 D BatteryStatsImpl: Got freq readings for an isolated uid with no mapping: 99014
08-25 18:56:54.429   529   563 D BatteryStatsImpl: Got freq readings for an isolated uid with no mapping: 99015
08-25 18:56:54.429   529   563 D BatteryStatsImpl: Got freq readings for an isolated uid with no mapping: 99016
08-25 18:56:54.429   529   563 D BatteryStatsImpl: Got freq readings for an isolated uid with no mapping: 99017
08-25 18:56:54.429   529   563 D BatteryStatsImpl: Got freq readings for an isolated uid with no mapping: 99018
08-25 18:56:54.429   529   563 D BatteryStatsImpl: Got freq readings for an isolated uid with no mapping: 99019
08-25 18:56:54.430   529   563 D BatteryStatsImpl: Got freq readings for an isolated uid with no mapping: 99020
08-25 18:56:54.431   529   563 D BatteryStatsImpl: Got freq readings for an isolated uid with no mapping: 99021
08-25 18:56:54.431   529   563 D BatteryStatsImpl: Got freq readings for an isolated uid with no mapping: 99022
08-25 18:56:54.431   529   563 D BatteryStatsImpl: Got freq readings for an isolated uid with no mapping: 99023
08-25 18:56:54.431   529   563 D BatteryStatsImpl: Got freq readings for an isolated uid with no mapping: 99024
08-25 18:56:54.431   529   563 D BatteryStatsImpl: Got freq readings for an isolated uid with no mapping: 99025
08-25 18:56:54.435   529   563 W BatteryStatsImpl: Got active times for an isolated uid with no mapping: 99000
08-25 18:56:54.436   529   563 W BatteryStatsImpl: Got active times for an isolated uid with no mapping: 99001
08-25 18:56:54.436   529   563 W BatteryStatsImpl: Got active times for an isolated uid with no mapping: 99002
08-25 18:56:54.436   529   563 W BatteryStatsImpl: Got active times for an isolated uid with no mapping: 99003
08-25 18:56:54.437   529   563 W BatteryStatsImpl: Got active times for an isolated uid with no mapping: 99004
08-25 18:56:54.437   529   563 W BatteryStatsImpl: Got active times for an isolated uid with no mapping: 99005
08-25 18:56:54.437   529   563 W BatteryStatsImpl: Got active times for an isolated uid with no mapping: 99006
08-25 18:56:54.437   529   563 W BatteryStatsImpl: Got active times for an isolated uid with no mapping: 99007
08-25 18:56:54.437   529   563 W BatteryStatsImpl: Got active times for an isolated uid with no mapping: 99008
08-25 18:56:54.437   529   563 W BatteryStatsImpl: Got active times for an isolated uid with no mapping: 99009
08-25 18:56:54.438   529   563 W BatteryStatsImpl: Got active times for an isolated uid with no mapping: 99010
08-25 18:56:54.438   529   563 W BatteryStatsImpl: Got active times for an isolated uid with no mapping: 99011
08-25 18:56:54.438   529   563 W BatteryStatsImpl: Got active times for an isolated uid with no mapping: 99012
08-25 18:56:54.438   529   563 W BatteryStatsImpl: Got active times for an isolated uid with no mapping: 99013
08-25 18:56:54.438   529   563 W BatteryStatsImpl: Got active times for an isolated uid with no mapping: 99014
08-25 18:56:54.438   529   563 W BatteryStatsImpl: Got active times for an isolated uid with no mapping: 99015
08-25 18:56:54.438   529   563 W BatteryStatsImpl: Got active times for an isolated uid with no mapping: 99016
08-25 18:56:54.439   529   563 W BatteryStatsImpl: Got active times for an isolated uid with no mapping: 99017
08-25 18:56:54.439   529   563 W BatteryStatsImpl: Got active times for an isolated uid with no mapping: 99018
08-25 18:56:54.439   529   563 W BatteryStatsImpl: Got active times for an isolated uid with no mapping: 99019
08-25 18:56:54.439   529   563 W BatteryStatsImpl: Got active times for an isolated uid with no mapping: 99020
08-25 18:56:54.439   529   563 W BatteryStatsImpl: Got active times for an isolated uid with no mapping: 99021
08-25 18:56:54.441   529   563 W BatteryStatsImpl: Got active times for an isolated uid with no mapping: 99022
08-25 18:56:54.441   529   563 W BatteryStatsImpl: Got active times for an isolated uid with no mapping: 99023
08-25 18:56:54.441   529   563 W BatteryStatsImpl: Got active times for an isolated uid with no mapping: 99024
08-25 18:56:54.441   529   563 W BatteryStatsImpl: Got active times for an isolated uid with no mapping: 99025
08-25 18:56:54.444   529   563 W BatteryStatsImpl: Got cluster times for an isolated uid with no mapping: 99000
08-25 18:56:54.445   529   563 W BatteryStatsImpl: Got cluster times for an isolated uid with no mapping: 99001
08-25 18:56:54.445   529   563 W BatteryStatsImpl: Got cluster times for an isolated uid with no mapping: 99002
08-25 18:56:54.445   529   563 W BatteryStatsImpl: Got cluster times for an isolated uid with no mapping: 99003
08-25 18:56:54.446   529   563 W BatteryStatsImpl: Got cluster times for an isolated uid with no mapping: 99004
08-25 18:56:54.446   529   563 W BatteryStatsImpl: Got cluster times for an isolated uid with no mapping: 99005
08-25 18:56:54.447   529   563 W BatteryStatsImpl: Got cluster times for an isolated uid with no mapping: 99006
08-25 18:56:54.447   529   563 W BatteryStatsImpl: Got cluster times for an isolated uid with no mapping: 99007
08-25 18:56:54.448   529   563 W BatteryStatsImpl: Got cluster times for an isolated uid with no mapping: 99008
08-25 18:56:54.448   529   563 W BatteryStatsImpl: Got cluster times for an isolated uid with no mapping: 99009
08-25 18:56:54.448   529   563 W BatteryStatsImpl: Got cluster times for an isolated uid with no mapping: 99010
08-25 18:56:54.449   529   563 W BatteryStatsImpl: Got cluster times for an isolated uid with no mapping: 99011
08-25 18:56:54.449   529   563 W BatteryStatsImpl: Got cluster times for an isolated uid with no mapping: 99012
08-25 18:56:54.449   529   563 W BatteryStatsImpl: Got cluster times for an isolated uid with no mapping: 99013
08-25 18:56:54.449   529   563 W BatteryStatsImpl: Got cluster times for an isolated uid with no mapping: 99014
08-25 18:56:54.450   529   563 W BatteryStatsImpl: Got cluster times for an isolated uid with no mapping: 99015
08-25 18:56:54.450   529   563 W BatteryStatsImpl: Got cluster times for an isolated uid with no mapping: 99016
08-25 18:56:54.450   529   563 W BatteryStatsImpl: Got cluster times for an isolated uid with no mapping: 99017
08-25 18:56:54.451   529   563 W BatteryStatsImpl: Got cluster times for an isolated uid with no mapping: 99018
08-25 18:56:54.451   529   563 W BatteryStatsImpl: Got cluster times for an isolated uid with no mapping: 99019
08-25 18:56:54.451   529   563 W BatteryStatsImpl: Got cluster times for an isolated uid with no mapping: 99020
08-25 18:56:54.451   529   563 W BatteryStatsImpl: Got cluster times for an isolated uid with no mapping: 99021
08-25 18:56:54.452   529   563 W BatteryStatsImpl: Got cluster times for an isolated uid with no mapping: 99022
08-25 18:56:54.452   529   563 W BatteryStatsImpl: Got cluster times for an isolated uid with no mapping: 99023
08-25 18:56:54.452   529   563 W BatteryStatsImpl: Got cluster times for an isolated uid with no mapping: 99024
08-25 18:56:54.452   529   563 W BatteryStatsImpl: Got cluster times for an isolated uid with no mapping: 99025
08-25 18:57:05.087     0     0 W healthd : battery l=100 v=5000 t=25.0 h=2 st=4 c=900000 fc=300000 cc=10 chg=
08-25 18:57:17.271   529   557 W BroadcastQueue: Background execution not allowed: receiving Intent { act=android.net.conn.NETWORK_CONDITIONS_MEASURED flg=0x10 (has extras) } to com.google.android.gms/.chimera.GmsIntentOperationService$PersistentTrustedReceiver
08-25 18:57:17.277   529   644 D ConnectivityService: [103 CELLULAR] validation failed
08-25 18:57:18.952   529   556 I UsageStatsService: User[0] Flushing usage stats to disk
08-25 19:00:02.995     0     0 E ICMPv6  : RA: ndisc_router_discovery failed to add default route
08-25 19:01:17.115     0     0 D logd    : logdr: UID=10087 GID=10087 PID=5646 n tail=0 logMask=4 pid=0 start=0ns timeout=0ns
08-25 19:01:17.135   529  1168 I DropBoxManagerService: add tag=event_data isTagEnabled=true flags=0x2
08-25 19:01:17.145   529   557 W BroadcastQueue: Background execution not allowed: receiving Intent { act=android.intent.action.DROPBOX_ENTRY_ADDED flg=0x10 (has extras) } to com.google.android.gms/.stats.service.DropBoxEntryAddedReceiver
08-25 19:01:17.146   529   557 W BroadcastQueue: Background execution not allowed: receiving Intent { act=android.intent.action.DROPBOX_ENTRY_ADDED flg=0x10 (has extras) } to com.google.android.gms/.chimera.GmsIntentOperationService$PersistentTrustedReceiver
08-25 19:04:17.923   529   557 W BroadcastQueue: Background execution not allowed: receiving Intent { act=android.net.conn.NETWORK_CONDITIONS_MEASURED flg=0x10 (has extras) } to com.google.android.gms/.chimera.GmsIntentOperationService$PersistentTrustedReceiver
08-25 19:04:17.927   529   644 D ConnectivityService: [100 WIFI] validation failed
08-25 19:06:20.575     0     0 W healthd : battery l=100 v=5000 t=25.0 h=2 st=4 c=900000 fc=300000 cc=10 chg=
08-25 19:06:44.889     0     0 E ICMPv6  : RA: ndisc_router_discovery failed to add default route
08-25 19:07:05.085     0     0 W healthd : battery l=100 v=5000 t=25.0 h=2 st=4 c=900000 fc=300000 cc=10 chg=
08-25 19:07:17.582   529   557 W BroadcastQueue: Background execution not allowed: receiving Intent { act=android.net.conn.NETWORK_CONDITIONS_MEASURED flg=0x10 (has extras) } to com.google.android.gms/.chimera.GmsIntentOperationService$PersistentTrustedReceiver
08-25 19:07:17.588   529   644 D ConnectivityService: [103 CELLULAR] validation failed
08-25 19:12:15.427     0     0 E ICMPv6  : RA: ndisc_router_discovery failed to add default route
08-25 19:13:41.850     0     0 E ICMPv6  : RA: ndisc_router_discovery failed to add default route
08-25 19:14:17.995   529   557 W BroadcastQueue: Background execution not allowed: receiving Intent { act=android.net.conn.NETWORK_CONDITIONS_MEASURED flg=0x10 (has extras) } to com.google.android.gms/.chimera.GmsIntentOperationService$PersistentTrustedReceiver
08-25 19:14:17.997   529   644 D ConnectivityService: [100 WIFI] validation failed
08-25 19:17:05.087     0     0 W healthd : battery l=100 v=5000 t=25.0 h=2 st=4 c=900000 fc=300000 cc=10 chg=
08-25 19:17:17.805   529   557 W BroadcastQueue: Background execution not allowed: receiving Intent { act=android.net.conn.NETWORK_CONDITIONS_MEASURED flg=0x10 (has extras) } to com.google.android.gms/.chimera.GmsIntentOperationService$PersistentTrustedReceiver
08-25 19:17:17.809   529   644 D ConnectivityService: [103 CELLULAR] validation failed
08-25 19:17:19.033   529   556 I UsageStatsService: User[0] Flushing usage stats to disk
08-25 19:19:58.574     0     0 E ICMPv6  : RA: ndisc_router_discovery failed to add default route
08-25 19:22:20.625     0     0 W healthd : battery l=100 v=5000 t=25.0 h=2 st=4 c=900000 fc=300000 cc=10 chg=
08-25 19:23:41.696   529  1345 W ActivityManager: Unable to start service Intent { act=com.android.vending.contentfilters.IContentFiltersService.BIND pkg=com.android.vending } U=0: not found
08-25 19:23:41.991     0     0 D logd    : logdr: UID=10087 GID=10087 PID=5646 n tail=0 logMask=4 pid=0 start=0ns timeout=0ns
08-25 19:23:41.994   529   544 I DropBoxManagerService: add tag=event_data isTagEnabled=true flags=0x2
08-25 19:23:42.005   529   557 W BroadcastQueue: Background execution not allowed: receiving Intent { act=android.intent.action.DROPBOX_ENTRY_ADDED flg=0x10 (has extras) } to com.google.android.gms/.stats.service.DropBoxEntryAddedReceiver
08-25 19:23:42.005   529   557 W BroadcastQueue: Background execution not allowed: receiving Intent { act=android.intent.action.DROPBOX_ENTRY_ADDED flg=0x10 (has extras) } to com.google.android.gms/.chimera.GmsIntentOperationService$PersistentTrustedReceiver
08-25 19:24:18.177   529   557 W BroadcastQueue: Background execution not allowed: receiving Intent { act=android.net.conn.NETWORK_CONDITIONS_MEASURED flg=0x10 (has extras) } to com.google.android.gms/.chimera.GmsIntentOperationService$PersistentTrustedReceiver
08-25 19:24:18.186   529   644 D ConnectivityService: [100 WIFI] validation failed
08-25 19:26:54.422   529   563 D BatteryStatsImpl: Got freq readings for an isolated uid with no mapping: 99000
08-25 19:26:54.423   529   563 D BatteryStatsImpl: Got freq readings for an isolated uid with no mapping: 99001
08-25 19:26:54.423   529   563 D BatteryStatsImpl: Got freq readings for an isolated uid with no mapping: 99002
08-25 19:26:54.423   529   563 D BatteryStatsImpl: Got freq readings for an isolated uid with no mapping: 99003
08-25 19:26:54.424   529   563 D BatteryStatsImpl: Got freq readings for an isolated uid with no mapping: 99004
08-25 19:26:54.424   529   563 D BatteryStatsImpl: Got freq readings for an isolated uid with no mapping: 99005
08-25 19:26:54.424   529   563 D BatteryStatsImpl: Got freq readings for an isolated uid with no mapping: 99006
08-25 19:26:54.425   529   563 D BatteryStatsImpl: Got freq readings for an isolated uid with no mapping: 99007
08-25 19:26:54.425   529   563 D BatteryStatsImpl: Got freq readings for an isolated uid with no mapping: 99008
08-25 19:26:54.425   529   563 D BatteryStatsImpl: Got freq readings for an isolated uid with no mapping: 99009
08-25 19:26:54.425   529   563 D BatteryStatsImpl: Got freq readings for an isolated uid with no mapping: 99010
08-25 19:26:54.425   529   563 D BatteryStatsImpl: Got freq readings for an isolated uid with no mapping: 99011
08-25 19:26:54.425   529   563 D BatteryStatsImpl: Got freq readings for an isolated uid with no mapping: 99012
08-25 19:26:54.425   529   563 D BatteryStatsImpl: Got freq readings for an isolated uid with no mapping: 99013
08-25 19:26:54.426   529   563 D BatteryStatsImpl: Got freq readings for an isolated uid with no mapping: 99014
08-25 19:26:54.426   529   563 D BatteryStatsImpl: Got freq readings for an isolated uid with no mapping: 99015
08-25 19:26:54.426   529   563 D BatteryStatsImpl: Got freq readings for an isolated uid with no mapping: 99016
08-25 19:26:54.426   529   563 D BatteryStatsImpl: Got freq readings for an isolated uid with no mapping: 99017
08-25 19:26:54.426   529   563 D BatteryStatsImpl: Got freq readings for an isolated uid with no mapping: 99018
08-25 19:26:54.426   529   563 D BatteryStatsImpl: Got freq readings for an isolated uid with no mapping: 99019
08-25 19:26:54.426   529   563 D BatteryStatsImpl: Got freq readings for an isolated uid with no mapping: 99020
08-25 19:26:54.426   529   563 D BatteryStatsImpl: Got freq readings for an isolated uid with no mapping: 99021
08-25 19:26:54.426   529   563 D BatteryStatsImpl: Got freq readings for an isolated uid with no mapping: 99022
08-25 19:26:54.426   529   563 D BatteryStatsImpl: Got freq readings for an isolated uid with no mapping: 99023
08-25 19:26:54.427   529   563 D BatteryStatsImpl: Got freq readings for an isolated uid with no mapping: 99024
08-25 19:26:54.428   529   563 D BatteryStatsImpl: Got freq readings for an isolated uid with no mapping: 99025
08-25 19:26:54.430   529   563 W BatteryStatsImpl: Got active times for an isolated uid with no mapping: 99000
08-25 19:26:54.431   529   563 W BatteryStatsImpl: Got active times for an isolated uid with no mapping: 99001
08-25 19:26:54.431   529   563 W BatteryStatsImpl: Got active times for an isolated uid with no mapping: 99002
08-25 19:26:54.432   529   563 W BatteryStatsImpl: Got active times for an isolated uid with no mapping: 99003
08-25 19:26:54.432   529   563 W BatteryStatsImpl: Got active times for an isolated uid with no mapping: 99004
08-25 19:26:54.432   529   563 W BatteryStatsImpl: Got active times for an isolated uid with no mapping: 99005
08-25 19:26:54.432   529   563 W BatteryStatsImpl: Got active times for an isolated uid with no mapping: 99006
08-25 19:26:54.432   529   563 W BatteryStatsImpl: Got active times for an isolated uid with no mapping: 99007
08-25 19:26:54.432   529   563 W BatteryStatsImpl: Got active times for an isolated uid with no mapping: 99008
08-25 19:26:54.433   529   563 W BatteryStatsImpl: Got active times for an isolated uid with no mapping: 99009
08-25 19:26:54.433   529   563 W BatteryStatsImpl: Got active times for an isolated uid with no mapping: 99010
08-25 19:26:54.433   529   563 W BatteryStatsImpl: Got active times for an isolated uid with no mapping: 99011
08-25 19:26:54.433   529   563 W BatteryStatsImpl: Got active times for an isolated uid with no mapping: 99012
08-25 19:26:54.433   529   563 W BatteryStatsImpl: Got active times for an isolated uid with no mapping: 99013
08-25 19:26:54.434   529   563 W BatteryStatsImpl: Got active times for an isolated uid with no mapping: 99014
08-25 19:26:54.434   529   563 W BatteryStatsImpl: Got active times for an isolated uid with no mapping: 99015
08-25 19:26:54.434   529   563 W BatteryStatsImpl: Got active times for an isolated uid with no mapping: 99016
08-25 19:26:54.434   529   563 W BatteryStatsImpl: Got active times for an isolated uid with no mapping: 99017
08-25 19:26:54.434   529   563 W BatteryStatsImpl: Got active times for an isolated uid with no mapping: 99018
08-25 19:26:54.435   529   563 W BatteryStatsImpl: Got active times for an isolated uid with no mapping: 99019
08-25 19:26:54.435   529   563 W BatteryStatsImpl: Got active times for an isolated uid with no mapping: 99020
08-25 19:26:54.436   529   563 W BatteryStatsImpl: Got active times for an isolated uid with no mapping: 99021
08-25 19:26:54.436   529   563 W BatteryStatsImpl: Got active times for an isolated uid with no mapping: 99022
08-25 19:26:54.437   529   563 W BatteryStatsImpl: Got active times for an isolated uid with no mapping: 99023
08-25 19:26:54.437   529   563 W BatteryStatsImpl: Got active times for an isolated uid with no mapping: 99024
08-25 19:26:54.437   529   563 W BatteryStatsImpl: Got active times for an isolated uid with no mapping: 99025
08-25 19:26:54.438   529   563 W BatteryStatsImpl: Got cluster times for an isolated uid with no mapping: 99000
08-25 19:26:54.438   529   563 W BatteryStatsImpl: Got cluster times for an isolated uid with no mapping: 99001
08-25 19:26:54.440   529   563 W BatteryStatsImpl: Got cluster times for an isolated uid with no mapping: 99002
08-25 19:26:54.441   529   563 W BatteryStatsImpl: Got cluster times for an isolated uid with no mapping: 99003
08-25 19:26:54.441   529   563 W BatteryStatsImpl: Got cluster times for an isolated uid with no mapping: 99004
08-25 19:26:54.441   529   563 W BatteryStatsImpl: Got cluster times for an isolated uid with no mapping: 99005
08-25 19:26:54.441   529   563 W BatteryStatsImpl: Got cluster times for an isolated uid with no mapping: 99006
08-25 19:26:54.441   529   563 W BatteryStatsImpl: Got cluster times for an isolated uid with no mapping: 99007
08-25 19:26:54.442   529   563 W BatteryStatsImpl: Got cluster times for an isolated uid with no mapping: 99008
08-25 19:26:54.442   529   563 W BatteryStatsImpl: Got cluster times for an isolated uid with no mapping: 99009
08-25 19:26:54.443   529   563 W BatteryStatsImpl: Got cluster times for an isolated uid with no mapping: 99010
08-25 19:26:54.443   529   563 W BatteryStatsImpl: Got cluster times for an isolated uid with no mapping: 99011
08-25 19:26:54.443   529   563 W BatteryStatsImpl: Got cluster times for an isolated uid with no mapping: 99012
08-25 19:26:54.443   529   563 W BatteryStatsImpl: Got cluster times for an isolated uid with no mapping: 99013
08-25 19:26:54.444   529   563 W BatteryStatsImpl: Got cluster times for an isolated uid with no mapping: 99014
08-25 19:26:54.444   529   563 W BatteryStatsImpl: Got cluster times for an isolated uid with no mapping: 99015
08-25 19:26:54.444   529   563 W BatteryStatsImpl: Got cluster times for an isolated uid with no mapping: 99016
08-25 19:26:54.444   529   563 W BatteryStatsImpl: Got cluster times for an isolated uid with no mapping: 99017
08-25 19:26:54.445   529   563 W BatteryStatsImpl: Got cluster times for an isolated uid with no mapping: 99018
08-25 19:26:54.445   529   563 W BatteryStatsImpl: Got cluster times for an isolated uid with no mapping: 99019
08-25 19:26:54.445   529   563 W BatteryStatsImpl: Got cluster times for an isolated uid with no mapping: 99020
08-25 19:26:54.445   529   563 W BatteryStatsImpl: Got cluster times for an isolated uid with no mapping: 99021
08-25 19:26:54.445   529   563 W BatteryStatsImpl: Got cluster times for an isolated uid with no mapping: 99022
08-25 19:26:54.445   529   563 W BatteryStatsImpl: Got cluster times for an isolated uid with no mapping: 99023
08-25 19:26:54.446   529   563 W BatteryStatsImpl: Got cluster times for an isolated uid with no mapping: 99024
08-25 19:26:54.446   529   563 W BatteryStatsImpl: Got cluster times for an isolated uid with no mapping: 99025
08-25 19:27:05.087     0     0 W healthd : battery l=100 v=5000 t=25.0 h=2 st=4 c=900000 fc=300000 cc=10 chg=
08-25 19:27:18.023   529   557 W BroadcastQueue: Background execution not allowed: receiving Intent { act=android.net.conn.NETWORK_CONDITIONS_MEASURED flg=0x10 (has extras) } to com.google.android.gms/.chimera.GmsIntentOperationService$PersistentTrustedReceiver
08-25 19:27:18.029   529   644 D ConnectivityService: [103 CELLULAR] validation failed
08-25 19:29:58.369     0     0 E ICMPv6  : RA: ndisc_router_discovery failed to add default route
08-25 19:31:20.651     0     0 W healthd : battery l=100 v=5000 t=25.0 h=2 st=4 c=900000 fc=300000 cc=10 chg=
08-25 19:32:20.664     0     0 W healthd : battery l=100 v=5000 t=25.0 h=2 st=4 c=900000 fc=300000 cc=10 chg=
08-25 19:34:18.361   529   557 W BroadcastQueue: Background execution not allowed: receiving Intent { act=android.net.conn.NETWORK_CONDITIONS_MEASURED flg=0x10 (has extras) } to com.google.android.gms/.chimera.GmsIntentOperationService$PersistentTrustedReceiver
08-25 19:34:18.365   529   644 D ConnectivityService: [100 WIFI] validation failed
08-25 19:36:09.697     0     0 E ICMPv6  : RA: ndisc_router_discovery failed to add default route
08-25 19:37:05.089     0     0 W healthd : battery l=100 v=5000 t=25.0 h=2 st=4 c=900000 fc=300000 cc=10 chg=
08-25 19:37:18.294   529   557 W BroadcastQueue: Background execution not allowed: receiving Intent { act=android.net.conn.NETWORK_CONDITIONS_MEASURED flg=0x10 (has extras) } to com.google.android.gms/.chimera.GmsIntentOperationService$PersistentTrustedReceiver
08-25 19:37:18.304   529   644 D ConnectivityService: [103 CELLULAR] validation failed
08-25 19:37:19.097   529   556 I UsageStatsService: User[0] Flushing usage stats to disk
08-25 19:40:20.687     0     0 W healthd : battery l=100 v=5000 t=25.0 h=2 st=4 c=900000 fc=300000 cc=10 chg=
08-25 19:43:20.706     0     0 W healthd : battery l=100 v=5000 t=25.0 h=2 st=4 c=900000 fc=300000 cc=10 chg=
08-25 19:44:00.617     0     0 E ICMPv6  : RA: ndisc_router_discovery failed to add default route
08-25 19:44:18.696   529   557 W BroadcastQueue: Background execution not allowed: receiving Intent { act=android.net.conn.NETWORK_CONDITIONS_MEASURED flg=0x10 (has extras) } to com.google.android.gms/.chimera.GmsIntentOperationService$PersistentTrustedReceiver
08-25 19:44:18.699   529   644 D ConnectivityService: [100 WIFI] validation failed
08-25 19:47:05.089     0     0 W healthd : battery l=100 v=5000 t=25.0 h=2 st=4 c=900000 fc=300000 cc=10 chg=
08-25 19:47:18.561   529   557 W BroadcastQueue: Background execution not allowed: receiving Intent { act=android.net.conn.NETWORK_CONDITIONS_MEASURED flg=0x10 (has extras) } to com.google.android.gms/.chimera.GmsIntentOperationService$PersistentTrustedReceiver
08-25 19:47:18.570   529   644 D ConnectivityService: [103 CELLULAR] validation failed
08-25 19:48:57.062     0     0 E ICMPv6  : RA: ndisc_router_discovery failed to add default route
08-25 19:51:20.729     0     0 W healthd : battery l=100 v=5000 t=25.0 h=2 st=4 c=900000 fc=300000 cc=10 chg=
08-25 19:53:24.267     0     0 E ICMPv6  : RA: ndisc_router_discovery failed to add default route
08-25 19:54:18.974   529   557 W BroadcastQueue: Background execution not allowed: receiving Intent { act=android.net.conn.NETWORK_CONDITIONS_MEASURED flg=0x10 (has extras) } to com.google.android.gms/.chimera.GmsIntentOperationService$PersistentTrustedReceiver
08-25 19:54:18.976   529   644 D ConnectivityService: [100 WIFI] validation failed
08-25 19:56:20.751     0     0 W healthd : battery l=100 v=5000 t=25.0 h=2 st=4 c=900000 fc=300000 cc=10 chg=
08-25 19:56:54.369   529   563 D BatteryStatsImpl: Got freq readings for an isolated uid with no mapping: 99000
08-25 19:56:54.369   529   563 D BatteryStatsImpl: Got freq readings for an isolated uid with no mapping: 99001
08-25 19:56:54.369   529   563 D BatteryStatsImpl: Got freq readings for an isolated uid with no mapping: 99002
08-25 19:56:54.369   529   563 D BatteryStatsImpl: Got freq readings for an isolated uid with no mapping: 99003
08-25 19:56:54.369   529   563 D BatteryStatsImpl: Got freq readings for an isolated uid with no mapping: 99004
08-25 19:56:54.369   529   563 D BatteryStatsImpl: Got freq readings for an isolated uid with no mapping: 99005
08-25 19:56:54.370   529   563 D BatteryStatsImpl: Got freq readings for an isolated uid with no mapping: 99006
08-25 19:56:54.370   529   563 D BatteryStatsImpl: Got freq readings for an isolated uid with no mapping: 99007
08-25 19:56:54.370   529   563 D BatteryStatsImpl: Got freq readings for an isolated uid with no mapping: 99008
08-25 19:56:54.370   529   563 D BatteryStatsImpl: Got freq readings for an isolated uid with no mapping: 99009
08-25 19:56:54.370   529   563 D BatteryStatsImpl: Got freq readings for an isolated uid with no mapping: 99010
08-25 19:56:54.370   529   563 D BatteryStatsImpl: Got freq readings for an isolated uid with no mapping: 99011
08-25 19:56:54.370   529   563 D BatteryStatsImpl: Got freq readings for an isolated uid with no mapping: 99012
08-25 19:56:54.370   529   563 D BatteryStatsImpl: Got freq readings for an isolated uid with no mapping: 99013
08-25 19:56:54.370   529   563 D BatteryStatsImpl: Got freq readings for an isolated uid with no mapping: 99014
08-25 19:56:54.370   529   563 D BatteryStatsImpl: Got freq readings for an isolated uid with no mapping: 99015
08-25 19:56:54.370   529   563 D BatteryStatsImpl: Got freq readings for an isolated uid with no mapping: 99016
08-25 19:56:54.370   529   563 D BatteryStatsImpl: Got freq readings for an isolated uid with no mapping: 99017
08-25 19:56:54.370   529   563 D BatteryStatsImpl: Got freq readings for an isolated uid with no mapping: 99018
08-25 19:56:54.371   529   563 D BatteryStatsImpl: Got freq readings for an isolated uid with no mapping: 99019
08-25 19:56:54.371   529   563 D BatteryStatsImpl: Got freq readings for an isolated uid with no mapping: 99020
08-25 19:56:54.371   529   563 D BatteryStatsImpl: Got freq readings for an isolated uid with no mapping: 99021
08-25 19:56:54.371   529   563 D BatteryStatsImpl: Got freq readings for an isolated uid with no mapping: 99022
08-25 19:56:54.371   529   563 D BatteryStatsImpl: Got freq readings for an isolated uid with no mapping: 99023
08-25 19:56:54.371   529   563 D BatteryStatsImpl: Got freq readings for an isolated uid with no mapping: 99024
08-25 19:56:54.371   529   563 D BatteryStatsImpl: Got freq readings for an isolated uid with no mapping: 99025
08-25 19:56:54.371   529   563 W BatteryStatsImpl: Got active times for an isolated uid with no mapping: 99000
08-25 19:56:54.372   529   563 W BatteryStatsImpl: Got active times for an isolated uid with no mapping: 99001
08-25 19:56:54.372   529   563 W BatteryStatsImpl: Got active times for an isolated uid with no mapping: 99002
08-25 19:56:54.372   529   563 W BatteryStatsImpl: Got active times for an isolated uid with no mapping: 99003
08-25 19:56:54.372   529   563 W BatteryStatsImpl: Got active times for an isolated uid with no mapping: 99004
08-25 19:56:54.372   529   563 W BatteryStatsImpl: Got active times for an isolated uid with no mapping: 99005
08-25 19:56:54.372   529   563 W BatteryStatsImpl: Got active times for an isolated uid with no mapping: 99006
08-25 19:56:54.372   529   563 W BatteryStatsImpl: Got active times for an isolated uid with no mapping: 99007
08-25 19:56:54.372   529   563 W BatteryStatsImpl: Got active times for an isolated uid with no mapping: 99008
08-25 19:56:54.372   529   563 W BatteryStatsImpl: Got active times for an isolated uid with no mapping: 99009
08-25 19:56:54.372   529   563 W BatteryStatsImpl: Got active times for an isolated uid with no mapping: 99010
08-25 19:56:54.372   529   563 W BatteryStatsImpl: Got active times for an isolated uid with no mapping: 99011
08-25 19:56:54.372   529   563 W BatteryStatsImpl: Got active times for an isolated uid with no mapping: 99012
08-25 19:56:54.372   529   563 W BatteryStatsImpl: Got active times for an isolated uid with no mapping: 99013
08-25 19:56:54.372   529   563 W BatteryStatsImpl: Got active times for an isolated uid with no mapping: 99014
08-25 19:56:54.372   529   563 W BatteryStatsImpl: Got active times for an isolated uid with no mapping: 99015
08-25 19:56:54.372   529   563 W BatteryStatsImpl: Got active times for an isolated uid with no mapping: 99016
08-25 19:56:54.372   529   563 W BatteryStatsImpl: Got active times for an isolated uid with no mapping: 99017
08-25 19:56:54.372   529   563 W BatteryStatsImpl: Got active times for an isolated uid with no mapping: 99018
08-25 19:56:54.372   529   563 W BatteryStatsImpl: Got active times for an isolated uid with no mapping: 99019
08-25 19:56:54.372   529   563 W BatteryStatsImpl: Got active times for an isolated uid with no mapping: 99020
08-25 19:56:54.372   529   563 W BatteryStatsImpl: Got active times for an isolated uid with no mapping: 99021
08-25 19:56:54.372   529   563 W BatteryStatsImpl: Got active times for an isolated uid with no mapping: 99022
08-25 19:56:54.372   529   563 W BatteryStatsImpl: Got active times for an isolated uid with no mapping: 99023
08-25 19:56:54.373   529   563 W BatteryStatsImpl: Got active times for an isolated uid with no mapping: 99024
08-25 19:56:54.373   529   563 W BatteryStatsImpl: Got active times for an isolated uid with no mapping: 99025
08-25 19:56:54.373   529   563 W BatteryStatsImpl: Got cluster times for an isolated uid with no mapping: 99000
08-25 19:56:54.373   529   563 W BatteryStatsImpl: Got cluster times for an isolated uid with no mapping: 99001
08-25 19:56:54.373   529   563 W BatteryStatsImpl: Got cluster times for an isolated uid with no mapping: 99002
08-25 19:56:54.373   529   563 W BatteryStatsImpl: Got cluster times for an isolated uid with no mapping: 99003
08-25 19:56:54.373   529   563 W BatteryStatsImpl: Got cluster times for an isolated uid with no mapping: 99004
08-25 19:56:54.373   529   563 W BatteryStatsImpl: Got cluster times for an isolated uid with no mapping: 99005
08-25 19:56:54.373   529   563 W BatteryStatsImpl: Got cluster times for an isolated uid with no mapping: 99006
08-25 19:56:54.373   529   563 W BatteryStatsImpl: Got cluster times for an isolated uid with no mapping: 99007
08-25 19:56:54.373   529   563 W BatteryStatsImpl: Got cluster times for an isolated uid with no mapping: 99008
08-25 19:56:54.373   529   563 W BatteryStatsImpl: Got cluster times for an isolated uid with no mapping: 99009
08-25 19:56:54.373   529   563 W BatteryStatsImpl: Got cluster times for an isolated uid with no mapping: 99010
08-25 19:56:54.373   529   563 W BatteryStatsImpl: Got cluster times for an isolated uid with no mapping: 99011
08-25 19:56:54.374   529   563 W BatteryStatsImpl: Got cluster times for an isolated uid with no mapping: 99012
08-25 19:56:54.374   529   563 W BatteryStatsImpl: Got cluster times for an isolated uid with no mapping: 99013
08-25 19:56:54.374   529   563 W BatteryStatsImpl: Got cluster times for an isolated uid with no mapping: 99014
08-25 19:56:54.374   529   563 W BatteryStatsImpl: Got cluster times for an isolated uid with no mapping: 99015
08-25 19:56:54.374   529   563 W BatteryStatsImpl: Got cluster times for an isolated uid with no mapping: 99016
08-25 19:56:54.374   529   563 W BatteryStatsImpl: Got cluster times for an isolated uid with no mapping: 99017
08-25 19:56:54.374   529   563 W BatteryStatsImpl: Got cluster times for an isolated uid with no mapping: 99018
08-25 19:56:54.374   529   563 W BatteryStatsImpl: Got cluster times for an isolated uid with no mapping: 99019
08-25 19:56:54.374   529   563 W BatteryStatsImpl: Got cluster times for an isolated uid with no mapping: 99020
08-25 19:56:54.374   529   563 W BatteryStatsImpl: Got cluster times for an isolated uid with no mapping: 99021
08-25 19:56:54.374   529   563 W BatteryStatsImpl: Got cluster times for an isolated uid with no mapping: 99022
08-25 19:56:54.374   529   563 W BatteryStatsImpl: Got cluster times for an isolated uid with no mapping: 99023
08-25 19:56:54.374   529   563 W BatteryStatsImpl: Got cluster times for an isolated uid with no mapping: 99024
08-25 19:56:54.374   529   563 W BatteryStatsImpl: Got cluster times for an isolated uid with no mapping: 99025
08-25 19:57:05.087     0     0 W healthd : battery l=100 v=5000 t=25.0 h=2 st=4 c=900000 fc=300000 cc=10 chg=
08-25 19:57:05.706     0     0 E ICMPv6  : RA: ndisc_router_discovery failed to add default route
08-25 19:57:18.816   529   557 W BroadcastQueue: Background execution not allowed: receiving Intent { act=android.net.conn.NETWORK_CONDITIONS_MEASURED flg=0x10 (has extras) } to com.google.android.gms/.chimera.GmsIntentOperationService$PersistentTrustedReceiver
08-25 19:57:18.825   529   644 D ConnectivityService: [103 CELLULAR] validation failed
08-25 19:57:19.269   529   556 I UsageStatsService: User[0] Flushing usage stats to disk
08-25 20:00:00.492     0     0 D logd    : logdr: UID=10087 GID=10087 PID=5646 n tail=0 logMask=4 pid=0 start=0ns timeout=0ns
08-25 20:00:00.496   529  1077 I DropBoxManagerService: add tag=event_data isTagEnabled=true flags=0x2
08-25 20:00:00.502   529   557 W BroadcastQueue: Background execution not allowed: receiving Intent { act=android.intent.action.DROPBOX_ENTRY_ADDED flg=0x10 (has extras) } to com.google.android.gms/.stats.service.DropBoxEntryAddedReceiver
08-25 20:00:00.502   529   557 W BroadcastQueue: Background execution not allowed: receiving Intent { act=android.intent.action.DROPBOX_ENTRY_ADDED flg=0x10 (has extras) } to com.google.android.gms/.chimera.GmsIntentOperationService$PersistentTrustedReceiver
08-25 20:01:18.393     0     0 E ICMPv6  : RA: ndisc_router_discovery failed to add default route
08-25 20:04:08.096   529   644 D ConnectivityService: reportNetworkConnectivity(100, true) by 10087
08-25 20:04:08.177   529   644 I chatty  : uid=1000(system) ConnectivitySer identical 3 lines
08-25 20:04:08.192   529   644 D ConnectivityService: reportNetworkConnectivity(100, true) by 10087
08-25 20:04:08.552   529   557 W BroadcastQueue: Background execution not allowed: receiving Intent { act=android.net.conn.NETWORK_CONDITIONS_MEASURED flg=0x10 (has extras) } to com.google.android.gms/.chimera.GmsIntentOperationService$PersistentTrustedReceiver
08-25 20:04:08.776   529   557 W BroadcastQueue: Background execution not allowed: receiving Intent { act=android.net.conn.NETWORK_CONDITIONS_MEASURED flg=0x10 (has extras) } to com.google.android.gms/.chimera.GmsIntentOperationService$PersistentTrustedReceiver
08-25 20:04:08.791   529   644 D ConnectivityService: [100 WIFI] validation passed
08-25 20:04:08.792   529   644 D ConnectivityService: NetReassign [no changes]
08-25 20:04:08.862   529   644 D ConnectivityService: Setting DNS servers for network 100 to [/10.0.2.3]
08-25 20:04:08.864   529   644 D DnsManager: sendDnsConfigurationForNetwork(100, [10.0.2.3], [], 1800, 25, 8, 64, 0, 0, , [10.0.2.3])
08-25 20:04:08.945   529  3192 W ActivityManager: Unable to start service Intent { act=com.google.android.gms.auth.key.retrieval.service.START pkg=com.google.android.gms } U=0: not found
08-25 20:04:08.946   529  3192 W ActivityManager: Unbind failed: could not find connection for android.os.BinderProxy@176008
08-25 20:05:51.129     0     0 E ICMPv6  : RA: ndisc_router_discovery failed to add default route
08-25 20:05:51.705   529   675 E ClipboardService: Denying clipboard access to com.google.android.gms, application is not in focus nor is it a system service for user 0
08-25 20:05:51.721   529   675 E ClipboardService: Denying clipboard access to org.chromium.webview_shell, application is not in focus nor is it a system service for user 0
08-25 20:05:51.721   529   675 E ClipboardService: Denying clipboard access to com.google.android.gms, application is not in focus nor is it a system service for user 0
08-25 20:05:51.721   529   675 E ClipboardService: Denying clipboard access to org.chromium.webview_shell, application is not in focus nor is it a system service for user 0
08-25 20:05:51.722   529   548 W Looper  : Slow dispatch took 242ms android.fg h=android.os.Handler c=com.android.server.-$$Lambda$NetworkManagementService$NetdUnsolicitedEventListener$0xWa9DGxTnoGVHppsM-nng2PygE@c85adc3 m=0
08-25 20:05:51.722   529   548 W Looper  : Slow delivery took 206ms android.fg h=android.os.Handler c=com.android.server.-$$Lambda$NetworkManagementService$NetdUnsolicitedEventListener$praKgcnQG9FTHNMGfCVPTVY8mK8@7ae9640 m=0
08-25 20:05:51.820   529   548 W Looper  : Drained
08-25 20:18:44.705   529   557 D CompatibilityChangeReporter: Compat change id reported: 135634846; UID 10101; state: DISABLED
08-25 20:18:44.707   529   558 D CompatibilityChangeReporter: Compat change id reported: 143937733; UID 10101; state: DISABLED
08-25 20:18:44.759   529   529 D DevicePolicyManager: updateSystemUpdateFreezePeriodsRecord
08-25 20:18:44.765   529   529 D ConditionProviders.SCP: onReceive android.intent.action.TIME_SET
08-25 20:18:44.775   529   529 D ConditionProviders.SCP: evaluateSubscriptionLocked cal=ScheduleCalendar[mDays={1, 2, 3, 4, 5, 6, 7}, mSchedule=ScheduleInfo{days=[1, 2, 3, 4, 5, 6, 7], startHour=22, startMinute=0, endHour=7, endMinute=0, exitAtAlarm=true, nextAlarm=Thu Jan 01 05:30:00 GMT+05:30 1970 (0)}], now=Thu Aug 25 20:18:44 GMT+05:30 2022 (1661438924765), nextUserAlarmTime=Thu Jan 01 05:30:00 GMT+05:30 1970 (0)
08-25 20:18:44.775   529   529 D ConditionProviders.SCP: notifyCondition condition://android/schedule?days=1.2.3.4.5.6.7&start=22.0&end=7.0&exitAtAlarm=true STATE_FALSE reason=!meetsSchedule
08-25 20:18:44.777   529   529 D ConditionProviders.SCP: Scheduling evaluate for Thu Aug 25 22:00:00 GMT+05:30 2022 (1661445000000), in +1h41m15s235ms, now=Thu Aug 25 20:18:44 GMT+05:30 2022 (1661438924765)
08-25 20:18:44.811   529   558 W ActivityManager: Slow operation: 109ms so far, now at startProcess: returned from zygote!
08-25 20:18:44.812   529   558 W ActivityManager: Slow operation: 109ms so far, now at startProcess: done updating battery stats
08-25 20:18:44.812   529   558 W ActivityManager: Slow operation: 110ms so far, now at startProcess: building log message
08-25 20:18:44.812   529   558 I ActivityManager: Start proc 12135:com.android.calendar/u0a101 for broadcast {com.android.calendar/com.android.calendar.widget.CalendarAppWidgetService$CalendarFactory}
08-25 20:18:44.812   529   558 W ActivityManager: Slow operation: 110ms so far, now at startProcess: starting to update pids map
08-25 20:18:44.812   529   558 W ActivityManager: Slow operation: 110ms so far, now at startProcess: done updating pids map
08-25 20:18:44.826   529   556 I UsageStatsService: User[0] Time changed in by 772 seconds
08-25 20:18:44.826   529   556 I UsageStatsService: User[0] Flushing usage stats to disk
08-25 20:18:44.973   529   556 I UsageStatsDatabase: Time changed by +12m52s773ms. files deleted: 0 files moved: 5
08-25 20:18:44.985   529   556 I UsageStatsService: User[0] Rollover scheduled @ 2022-08-26 12:10:20(1661496020340)
08-25 20:18:45.015   529  1979 D CompatibilityChangeReporter: Compat change id reported: 135634846; UID 10094; state: DISABLED
08-25 20:18:45.019   529   558 D CompatibilityChangeReporter: Compat change id reported: 143937733; UID 10094; state: DISABLED
08-25 20:18:45.046   529   558 I ActivityManager: Start proc 12164:com.android.deskclock/u0a94 for broadcast {com.android.deskclock/com.android.deskclock.AlarmInitReceiver}
08-25 20:18:45.073   529   550 I DropBoxManagerService: add tag=system_app_strictmode isTagEnabled=true flags=0x2
08-25 20:18:45.410   529  3192 W BroadcastQueue: Background execution not allowed: receiving Intent { act=com.android.calendar.APPWIDGET_UPDATE flg=0x10 } to com.android.calendar/.widget.CalendarAppWidgetProvider
08-25 20:05:52.846     0     0 I init    : Untracked pid 1362 received signal 1
08-25 20:18:47.124   529   557 W BroadcastQueue: Background execution not allowed: receiving Intent { act=android.intent.action.DROPBOX_ENTRY_ADDED flg=0x10 (has extras) } to com.google.android.gms/.stats.service.DropBoxEntryAddedReceiver
08-25 20:18:47.125   529   557 W BroadcastQueue: Background execution not allowed: receiving Intent { act=android.intent.action.DROPBOX_ENTRY_ADDED flg=0x10 (has extras) } to com.google.android.gms/.chimera.GmsIntentOperationService$PersistentTrustedReceiver
08-25 20:18:48.364   529   711 I ActivityManager: Force stopping com.example.calculator appid=10123 user=0: from pid 12202
08-25 20:18:49.610   529   627 W RuleEvaluation: Integrity rule files are not available.
08-25 20:18:49.610   529   577 I PackageManager: Integrity check passed for file:///data/app/vmdl996612016.tmp
08-25 20:18:49.615   529   577 I PackageManager: Update package com.example.calculator code path from /data/app/~~Kmz-ax7rmqqjm8cBb2xA-A==/com.example.calculator-y_Z4aPsdVo_L4fQopNoCOQ== to /data/app/~~TvGNF74Q-1Ys67-6vPTMWQ==/com.example.calculator-vFHcGCdX82UK0VOc8bbOiQ==; Retain data and using new
08-25 20:18:49.616   529   577 I PackageManager: Update package com.example.calculator resource path from /data/app/~~Kmz-ax7rmqqjm8cBb2xA-A==/com.example.calculator-y_Z4aPsdVo_L4fQopNoCOQ== to /data/app/~~TvGNF74Q-1Ys67-6vPTMWQ==/com.example.calculator-vFHcGCdX82UK0VOc8bbOiQ==; Retain data and using new
08-25 20:18:49.616   529   577 I AppsFilter: interaction: PackageSetting{a968575 com.example.faj/10121} -> PackageSetting{754ce4a com.example.calculator/10123} BLOCKED
08-25 20:18:49.616   529   577 I AppsFilter: interaction: PackageSetting{5eb357b com.example.loginapp/10122} -> PackageSetting{754ce4a com.example.calculator/10123} BLOCKED
08-25 20:18:49.622   529   577 D CompatibilityChangeReporter: Compat change id reported: 135549675; UID 10123; state: ENABLED
08-25 20:18:49.656   529   577 D PackageManager: Instant App installer not found with android.intent.action.INSTALL_INSTANT_APP_PACKAGE
08-25 20:18:49.656   529   577 D PackageManager: Clear ephemeral installer activity
08-25 20:18:49.664   529   577 I AppsFilter: interaction: PackageSetting{a968575 com.example.faj/10121} -> PackageSetting{c3ea90a com.example.calculator/10123} BLOCKED
08-25 20:18:49.664   529   577 I AppsFilter: interaction: PackageSetting{5eb357b com.example.loginapp/10122} -> PackageSetting{c3ea90a com.example.calculator/10123} BLOCKED
08-25 20:18:49.688   529   557 W BroadcastQueue: Background execution not allowed: receiving Intent { act=android.intent.action.PACKAGE_REMOVED dat=package:com.example.calculator flg=0x4000010 (has extras) } to com.android.gallery3d/.app.PackagesMonitor
08-25 20:18:49.688   529   557 W BroadcastQueue: Background execution not allowed: receiving Intent { act=android.intent.action.PACKAGE_REMOVED dat=package:com.example.calculator flg=0x4000010 (has extras) } to com.google.android.gms/.games.chimera.GamesSystemBroadcastReceiverProxy
08-25 20:18:49.689   529   529 D CompatibilityChangeReporter: Compat change id reported: 135634846; UID 1000; state: DISABLED
08-25 20:18:49.778   529   558 W ActivityManager: Slow operation: 90ms so far, now at startProcess: returned from zygote!
08-25 20:18:49.847   529   557 W BroadcastQueue: Background execution not allowed: receiving Intent { act=android.intent.action.PACKAGE_REMOVED dat=package:com.example.calculator flg=0x4000010 (has extras) } to com.google.android.gms/.chimera.GmsIntentOperationService$PersistentTrustedReceiver
08-25 20:18:49.871   529   558 W ActivityManager: Slow operation: 183ms so far, now at startProcess: done updating battery stats
08-25 20:18:49.871   529   558 W ActivityManager: Slow operation: 183ms so far, now at startProcess: building log message
08-25 20:18:49.871   529   558 I ActivityManager: Start proc 12230:com.android.keychain/1000 for service {com.android.keychain/com.android.keychain.KeyChainService}
08-25 20:18:49.871   529   558 W ActivityManager: Slow operation: 183ms so far, now at startProcess: starting to update pids map
08-25 20:18:49.872   529   558 W ActivityManager: Slow operation: 183ms so far, now at startProcess: done updating pids map
08-25 20:18:49.877   529  1168 I ActivityManager: Force stopping com.example.calculator appid=10123 user=0: from pid 12232
08-25 20:18:49.895   529   557 W BroadcastQueue: Background execution not allowed: receiving Intent { act=android.intent.action.PACKAGE_ADDED dat=package:com.example.calculator flg=0x4000010 (has extras) } to com.android.packageinstaller/.PackageInstalledReceiver
08-25 20:18:49.925   529   529 W Looper  : Slow dispatch took 141ms main h=android.app.ActivityThread$H c=android.app.-$$Lambda$LoadedApk$ReceiverDispatcher$Args$_BumDX2UKsnxLVrE6UJsJZkotuA@9409c80 m=0
08-25 20:18:49.926   529   529 I Telecom : DefaultDialerCache: Refreshing default dialer for user 0: now com.android.dialer: DDC.oR@AQI
08-25 20:18:49.926   529   557 W BroadcastQueue: Background execution not allowed: receiving Intent { act=android.intent.action.PACKAGE_ADDED dat=package:com.example.calculator flg=0x4000010 (has extras) } to com.android.gallery3d/.app.PackagesMonitor
08-25 20:18:49.928   529   556 W VoiceInteractionManager: no available voice recognition services found for user 0
08-25 20:18:49.931   529   557 W BroadcastQueue: Background execution not allowed: receiving Intent { act=android.intent.action.PACKAGE_ADDED dat=package:com.example.calculator flg=0x4000010 (has extras) } to com.google.android.gms/.games.chimera.GamesSystemBroadcastReceiverProxy
08-25 20:18:49.932   529   557 W BroadcastQueue: Background execution not allowed: receiving Intent { act=android.intent.action.PACKAGE_ADDED dat=package:com.example.calculator flg=0x4000010 (has extras) } to com.google.android.gms/.gass.chimera.PackageChangeBroadcastReceiver
08-25 20:18:49.932   529   557 W BroadcastQueue: Background execution not allowed: receiving Intent { act=android.intent.action.PACKAGE_ADDED dat=package:com.example.calculator flg=0x4000010 (has extras) } to com.google.android.gms/.chimera.GmsIntentOperationService$PersistentTrustedReceiver
08-25 20:18:49.942   529   529 V BackupManagerConstants: getFullBackupIntervalMilliseconds(...) returns 86400000
08-25 20:18:49.942   529   529 V BackupManagerConstants: getFullBackupRequiredNetworkType(...) returns 2
08-25 20:18:49.942   529   529 V BackupManagerConstants: getFullBackupRequireCharging(...) returns true
08-25 20:18:50.028   529  1077 W BroadcastQueue: Background execution not allowed: receiving Intent { act=android.intent.action.PACKAGE_REPLACED dat=package:com.example.calculator flg=0x4000010 (has extras) } to com.google.android.gms/.gass.chimera.PackageChangeBroadcastReceiver
